Archive member included to satisfy reference by file (symbol)

/home/glen/.config/Code/User/globalStorage/bmd.stm32-for-vscode/@xpack-dev-tools/arm-none-eabi-gcc/15.2.1-1.1.1/.content/bin/../lib/gcc/arm-none-eabi/15.2.1/../../../../arm-none-eabi/lib/thumb/v7e-m+fp/hard/libc_nano.a(libc_a-atexit.o)
                              /home/glen/.config/Code/User/globalStorage/bmd.stm32-for-vscode/@xpack-dev-tools/arm-none-eabi-gcc/15.2.1-1.1.1/.content/bin/../lib/gcc/arm-none-eabi/15.2.1/../../../../arm-none-eabi/lib/thumb/v7e-m+fp/hard/crt0.o (atexit)
/home/glen/.config/Code/User/globalStorage/bmd.stm32-for-vscode/@xpack-dev-tools/arm-none-eabi-gcc/15.2.1-1.1.1/.content/bin/../lib/gcc/arm-none-eabi/15.2.1/../../../../arm-none-eabi/lib/thumb/v7e-m+fp/hard/libc_nano.a(libc_a-exit.o)
                              /home/glen/.config/Code/User/globalStorage/bmd.stm32-for-vscode/@xpack-dev-tools/arm-none-eabi-gcc/15.2.1-1.1.1/.content/bin/../lib/gcc/arm-none-eabi/15.2.1/../../../../arm-none-eabi/lib/thumb/v7e-m+fp/hard/crt0.o (exit)
/home/glen/.config/Code/User/globalStorage/bmd.stm32-for-vscode/@xpack-dev-tools/arm-none-eabi-gcc/15.2.1-1.1.1/.content/bin/../lib/gcc/arm-none-eabi/15.2.1/../../../../arm-none-eabi/lib/thumb/v7e-m+fp/hard/libc_nano.a(libc_a-strtoul.o)
                              build/debug/SD_IO.o (strtoul)
/home/glen/.config/Code/User/globalStorage/bmd.stm32-for-vscode/@xpack-dev-tools/arm-none-eabi-gcc/15.2.1-1.1.1/.content/bin/../lib/gcc/arm-none-eabi/15.2.1/../../../../arm-none-eabi/lib/thumb/v7e-m+fp/hard/libc_nano.a(libc_a-ctype_.o)
                              /home/glen/.config/Code/User/globalStorage/bmd.stm32-for-vscode/@xpack-dev-tools/arm-none-eabi-gcc/15.2.1-1.1.1/.content/bin/../lib/gcc/arm-none-eabi/15.2.1/../../../../arm-none-eabi/lib/thumb/v7e-m+fp/hard/libc_nano.a(libc_a-strtoul.o) (_ctype_)
/home/glen/.config/Code/User/globalStorage/bmd.stm32-for-vscode/@xpack-dev-tools/arm-none-eabi-gcc/15.2.1-1.1.1/.content/bin/../lib/gcc/arm-none-eabi/15.2.1/../../../../arm-none-eabi/lib/thumb/v7e-m+fp/hard/libc_nano.a(libc_a-findfp.o)
                              /home/glen/.config/Code/User/globalStorage/bmd.stm32-for-vscode/@xpack-dev-tools/arm-none-eabi-gcc/15.2.1-1.1.1/.content/bin/../lib/gcc/arm-none-eabi/15.2.1/../../../../arm-none-eabi/lib/thumb/v7e-m+fp/hard/libc_nano.a(libc_a-exit.o) (__stdio_exit_handler)
/home/glen/.config/Code/User/globalStorage/bmd.stm32-for-vscode/@xpack-dev-tools/arm-none-eabi-gcc/15.2.1-1.1.1/.content/bin/../lib/gcc/arm-none-eabi/15.2.1/../../../../arm-none-eabi/lib/thumb/v7e-m+fp/hard/libc_nano.a(libc_a-fwalk.o)
                              /home/glen/.config/Code/User/globalStorage/bmd.stm32-for-vscode/@xpack-dev-tools/arm-none-eabi-gcc/15.2.1-1.1.1/.content/bin/../lib/gcc/arm-none-eabi/15.2.1/../../../../arm-none-eabi/lib/thumb/v7e-m+fp/hard/libc_nano.a(libc_a-findfp.o) (_fwalk_sglue)
/home/glen/.config/Code/User/globalStorage/bmd.stm32-for-vscode/@xpack-dev-tools/arm-none-eabi-gcc/15.2.1-1.1.1/.content/bin/../lib/gcc/arm-none-eabi/15.2.1/../../../../arm-none-eabi/lib/thumb/v7e-m+fp/hard/libc_nano.a(libc_a-snprintf.o)
                              build/debug/SD_IO.o (snprintf)
/home/glen/.config/Code/User/globalStorage/bmd.stm32-for-vscode/@xpack-dev-tools/arm-none-eabi-gcc/15.2.1-1.1.1/.content/bin/../lib/gcc/arm-none-eabi/15.2.1/../../../../arm-none-eabi/lib/thumb/v7e-m+fp/hard/libc_nano.a(libc_a-sprintf.o)
                              build/debug/main.o (sprintf)
/home/glen/.config/Code/User/globalStorage/bmd.stm32-for-vscode/@xpack-dev-tools/arm-none-eabi-gcc/15.2.1-1.1.1/.content/bin/../lib/gcc/arm-none-eabi/15.2.1/../../../../arm-none-eabi/lib/thumb/v7e-m+fp/hard/libc_nano.a(libc_a-stdio.o)
                              /home/glen/.config/Code/User/globalStorage/bmd.stm32-for-vscode/@xpack-dev-tools/arm-none-eabi-gcc/15.2.1-1.1.1/.content/bin/../lib/gcc/arm-none-eabi/15.2.1/../../../../arm-none-eabi/lib/thumb/v7e-m+fp/hard/libc_nano.a(libc_a-findfp.o) (__sread)
/home/glen/.config/Code/User/globalStorage/bmd.stm32-for-vscode/@xpack-dev-tools/arm-none-eabi-gcc/15.2.1-1.1.1/.content/bin/../lib/gcc/arm-none-eabi/15.2.1/../../../../arm-none-eabi/lib/thumb/v7e-m+fp/hard/libc_nano.a(libc_a-memset.o)
                              /home/glen/.config/Code/User/globalStorage/bmd.stm32-for-vscode/@xpack-dev-tools/arm-none-eabi-gcc/15.2.1-1.1.1/.content/bin/../lib/gcc/arm-none-eabi/15.2.1/../../../../arm-none-eabi/lib/thumb/v7e-m+fp/hard/crt0.o (memset)
/home/glen/.config/Code/User/globalStorage/bmd.stm32-for-vscode/@xpack-dev-tools/arm-none-eabi-gcc/15.2.1-1.1.1/.content/bin/../lib/gcc/arm-none-eabi/15.2.1/../../../../arm-none-eabi/lib/thumb/v7e-m+fp/hard/libc_nano.a(libc_a-strstr.o)
                              build/debug/SD_IO.o (strstr)
[...]
Memory Configuration

Name             Origin             Length             Attributes
RAM              0x20000000         0x00018000         xrw
RAM2             0x10000000         0x00008000         xrw
FLASH            0x08000000         0x00100000         xr
*default*        0x00000000         0xffffffff

Linker script and memory map

LOAD /home/glen/.config/Code/User/globalStorage/bmd.stm32-for-vscode/@xpack-dev-tools/arm-none-eabi-gcc/15.2.1-1.1.1/.content/bin/../lib/gcc/arm-none-eabi/15.2.1/thumb/v7e-m+fp/hard/crti.o
LOAD /home/glen/.config/Code/User/globalStorage/bmd.stm32-for-vscode/@xpack-dev-tools/arm-none-eabi-gcc/15.2.1-1.1.1/.content/bin/../lib/gcc/arm-none-eabi/15.2.1/thumb/v7e-m+fp/hard/crtbegin.o
LOAD /home/glen/.config/Code/User/globalStorage/bmd.stm32-for-vscode/@xpack-dev-tools/arm-none-eabi-gcc/15.2.1-1.1.1/.content/bin/../lib/gcc/arm-none-eabi/15.2.1/../../../../arm-none-eabi/lib/thumb/v7e-m+fp/hard/crt0.o
LOAD build/debug/SD_IO.o
LOAD build/debug/SD_Stream.o
LOAD build/debug/main.o
LOAD build/debug/ssd1306.o
LOAD build/debug/ssd1306_fonts.o
LOAD build/debug/stm32l4xx_hal.o
LOAD build/debug/stm32l4xx_hal_cortex.o
LOAD build/debug/stm32l4xx_hal_dma.o
LOAD build/debug/stm32l4xx_hal_dma_ex.o
LOAD build/debug/stm32l4xx_hal_exti.o
LOAD build/debug/stm32l4xx_hal_flash.o
LOAD build/debug/stm32l4xx_hal_flash_ex.o
LOAD build/debug/stm32l4xx_hal_flash_ramfunc.o
LOAD build/debug/stm32l4xx_hal_gpio.o
LOAD build/debug/stm32l4xx_hal_i2c.o
LOAD build/debug/stm32l4xx_hal_i2c_ex.o
LOAD build/debug/stm32l4xx_hal_mmc.o
LOAD build/debug/stm32l4xx_hal_mmc_ex.o
LOAD build/debug/stm32l4xx_hal_msp.o
LOAD build/debug/stm32l4xx_hal_pwr.o
LOAD build/debug/stm32l4xx_hal_pwr_ex.o
LOAD build/debug/stm32l4xx_hal_rcc.o
LOAD build/debug/stm32l4xx_hal_rcc_ex.o
LOAD build/debug/stm32l4xx_hal_rtc.o
LOAD build/debug/stm32l4xx_hal_rtc_ex.o
LOAD build/debug/stm32l4xx_hal_sd.o
LOAD build/debug/stm32l4xx_hal_sd_ex.o
LOAD build/debug/stm32l4xx_hal_spi.o
LOAD build/debug/stm32l4xx_hal_spi_ex.o
LOAD build/debug/stm32l4xx_hal_uart.o
LOAD build/debug/stm32l4xx_hal_uart_ex.o
LOAD build/debug/stm32l4xx_it.o
LOAD build/debug/stm32l4xx_ll_sdmmc.o
LOAD build/debug/syscalls.o
LOAD build/debug/sysmem.o
LOAD build/debug/system_stm32l4xx.o
LOAD build/debug/startup_stm32l476xx.o
LOAD /home/glen/.config/Code/User/globalStorage/bmd.stm32-for-vscode/@xpack-dev-tools/arm-none-eabi-gcc/15.2.1-1.1.1/.content/bin/../lib/gcc/arm-none-eabi/15.2.1/../../../../arm-none-eabi/lib/thumb/v7e-m+fp/hard/libc_nano.a
LOAD /home/glen/.config/Code/User/globalStorage/bmd.stm32-for-vscode/@xpack-dev-tools/arm-none-eabi-gcc/15.2.1-1.1.1/.content/bin/../lib/gcc/arm-none-eabi/15.2.1/../../../../arm-none-eabi/lib/thumb/v7e-m+fp/hard/libm.a
LOAD /home/glen/.config/Code/User/globalStorage/bmd.stm32-for-vscode/@xpack-dev-tools/arm-none-eabi-gcc/15.2.1-1.1.1/.content/bin/../lib/gcc/arm-none-eabi/15.2.1/../../../../arm-none-eabi/lib/thumb/v7e-m+fp/hard/libnosys.a
START GROUP
LOAD /home/glen/.config/Code/User/globalStorage/bmd.stm32-for-vscode/@xpack-dev-tools/arm-none-eabi-gcc/15.2.1-1.1.1/.content/bin/../lib/gcc/arm-none-eabi/15.2.1/thumb/v7e-m+fp/hard/libgcc.a
LOAD /home/glen/.config/Code/User/globalStorage/bmd.stm32-for-vscode/@xpack-dev-tools/arm-none-eabi-gcc/15.2.1-1.1.1/.content/bin/../lib/gcc/arm-none-eabi/15.2.1/../../../../arm-none-eabi/lib/thumb/v7e-m+fp/hard/libc_nano.a
END GROUP
START GROUP
LOAD /home/glen/.config/Code/User/globalStorage/bmd.stm32-for-vscode/@xpack-dev-tools/arm-none-eabi-gcc/15.2.1-1.1.1/.content/bin/../lib/gcc/arm-none-eabi/15.2.1/thumb/v7e-m+fp/hard/libgcc.a
LOAD /home/glen/.config/Code/User/globalStorage/bmd.stm32-for-vscode/@xpack-dev-tools/arm-none-eabi-gcc/15.2.1-1.1.1/.content/bin/../lib/gcc/arm-none-eabi/15.2.1/../../../../arm-none-eabi/lib/thumb/v7e-m+fp/hard/libc_nano.a
END GROUP
LOAD /home/glen/.config/Code/User/globalStorage/bmd.stm32-for-vscode/@xpack-dev-tools/arm-none-eabi-gcc/15.2.1-1.1.1/.content/bin/../lib/gcc/arm-none-eabi/15.2.1/thumb/v7e-m+fp/hard/crtend.o
LOAD /home/glen/.config/Code/User/globalStorage/bmd.stm32-for-vscode/@xpack-dev-tools/arm-none-eabi-gcc/15.2.1-1.1.1/.content/bin/../lib/gcc/arm-none-eabi/15.2.1/thumb/v7e-m+fp/hard/crtn.o
                0x20018000                        _estack = (ORIGIN (RAM) + LENGTH (RAM))
                0x00000200                        _Min_Heap_Size = 0x200
                0x00000400                        _Min_Stack_Size = 0x400

.isr_vector     0x08000000      0x188
                0x08000000                        . = ALIGN (0x8)
 *(.isr_vector)
 .isr_vector    0x08000000      0x188 build/debug/startup_stm32l476xx.o
                0x08000000                g_pfnVectors
                0x08000188                        . = ALIGN (0x8)

.text           0x08000190     0x7460
                0x08000190                        . = ALIGN (0x8)
 *(.text)
 .text          0x08000190       0x10 /home/glen/.config/Code/User/globalStorage/bmd.stm32-for-vscode/@xpack-dev-tools/arm-none-eabi-gcc/15.2.1-1.1.1/.content/bin/../lib/gcc/arm-none-eabi/15.2.1/../../../../arm-none-eabi/lib/thumb/v7e-m+fp/hard/libc_nano.a(libc_a-strlen.o)
                0x08000190                strlen
 .text          0x080001a0       0xa0 /home/glen/.config/Code/User/globalStorage/bmd.stm32-for-vscode/@xpack-dev-tools/arm-none-eabi-gcc/15.2.1-1.1.1/.content/bin/../lib/gcc/arm-none-eabi/15.2.1/../../../../arm-none-eabi/lib/thumb/v7e-m+fp/hard/libc_nano.a(libc_a-memchr.o)
                0x080001a0                memchr
 .text          0x08000240       0x30 /home/glen/.config/Code/User/globalStorage/bmd.stm32-for-vscode/@xpack-dev-tools/arm-none-eabi-gcc/15.2.1-1.1.1/.content/bin/../lib/gcc/arm-none-eabi/15.2.1/thumb/v7e-m+fp/hard/libgcc.a(_aeabi_uldivmod.o)
                0x08000240                __aeabi_uldivmod
 .text          0x08000270        0x4 /home/glen/.config/Code/User/globalStorage/bmd.stm32-for-vscode/@xpack-dev-tools/arm-none-eabi-gcc/15.2.1-1.1.1/.content/bin/../lib/gcc/arm-none-eabi/15.2.1/thumb/v7e-m+fp/hard/libgcc.a(_dvmd_tls.o)
                0x08000270                __aeabi_ldiv0
                0x08000270                __aeabi_idiv0
 *(.text*)
 .text.__do_global_dtors_aux
                0x08000274       0x28 /home/glen/.config/Code/User/globalStorage/bmd.stm32-for-vscode/@xpack-dev-tools/arm-none-eabi-gcc/15.2.1-1.1.1/.content/bin/../lib/gcc/arm-none-eabi/15.2.1/thumb/v7e-m+fp/hard/crtbegin.o
 .text.frame_dummy
                0x0800029c       0x1c /home/glen/.config/Code/User/globalStorage/bmd.stm32-for-vscode/@xpack-dev-tools/arm-none-eabi-gcc/15.2.1-1.1.1/.content/bin/../lib/gcc/arm-none-eabi/15.2.1/thumb/v7e-m+fp/hard/crtbegin.o
 .text.SD_Log   0x080002b8       0x20 build/debug/SD_IO.o
 .text.HAL_SD_TxCpltCallback
                0x080002d8        0xc build/debug/SD_IO.o
                0x080002d8                HAL_SD_TxCpltCallback
 .text.HAL_SD_RxCpltCallback
                0x080002e4        0xc build/debug/SD_IO.o
                0x080002e4                HAL_SD_RxCpltCallback
 .text.HAL_SD_ErrorCallback
                0x080002f0       0x20 build/debug/SD_IO.o
                0x080002f0                HAL_SD_ErrorCallback
 .text.SD_IO_Init
                0x08000310       0x18 build/debug/SD_IO.o
                0x08000310                SD_IO_Init
 .text.SD_ReadUptime
                0x08000328       0xb8 build/debug/SD_IO.o
                0x08000328                SD_ReadUptime
 .text.RB_Available
                0x080003e0       0x2c build/debug/SD_Stream.o
 .text.RB_Free  0x0800040c        0xe build/debug/SD_Stream.o
 *fill*         0x0800041a        0x2 
 .text.RB_Read  0x0800041c       0x44 build/debug/SD_Stream.o
 .text.Stream_Log
                0x08000460       0x20 build/debug/SD_Stream.o
 .text.RB_Write
                0x08000480       0x58 build/debug/SD_Stream.o
 .text.SD_Stream_Init
                0x080004d8       0x34 build/debug/SD_Stream.o
                0x080004d8                SD_Stream_Init
 .text.SD_Stream_WriteHalf
                0x0800050c       0x1c build/debug/SD_Stream.o
                0x0800050c                SD_Stream_WriteHalf
 .text.SD_Stream_WriteSecondHalf
                0x08000528       0x1c build/debug/SD_Stream.o
                0x08000528                SD_Stream_WriteSecondHalf
 .text.SD_Stream_Flush
                0x08000544      0x124 build/debug/SD_Stream.o
                0x08000544                SD_Stream_Flush
 .text.SD_Stream_ReadDebug
                0x08000668      0x168 build/debug/SD_Stream.o
                0x08000668                SD_Stream_ReadDebug
 .text.SD_Stream_GetCurrentSector
                0x080007d0        0xc build/debug/SD_Stream.o
                0x080007d0                SD_Stream_GetCurrentSector
 .text.MX_GPIO_Init
                0x080007dc      0x110 build/debug/main.o
 .text.MX_DMA_Init
                0x080008ec       0x64 build/debug/main.o
 .text.UART_SendString
                0x08000950       0x1c build/debug/main.o
                0x08000950                UART_SendString
 .text.Print_SD_Details
                0x0800096c       0x48 build/debug/main.o
 .text.SD_RawWriteTest
                0x080009b4      0x1ac build/debug/main.o
 .text.HAL_UARTEx_RxEventCallback
                0x08000b60       0xac build/debug/main.o
                0x08000b60                HAL_UARTEx_RxEventCallback
 .text.Error_Handler
                0x08000c0c        0x4 build/debug/main.o
                0x08000c0c                Error_Handler
 .text.MX_LPUART1_UART_Init
                0x08000c10       0x34 build/debug/main.o
 .text.MX_USART2_UART_Init
                0x08000c44       0x3c build/debug/main.o
 .text.MX_USART3_UART_Init
                0x08000c80       0x38 build/debug/main.o
 .text.MX_SPI1_Init
                0x08000cb8       0x48 build/debug/main.o
 .text.MX_RTC_Init
                0x08000d00       0x80 build/debug/main.o
 .text.MX_I2C2_Init
                0x08000d80       0x54 build/debug/main.o
 .text.MX_USART1_UART_Init
                0x08000dd4       0x38 build/debug/main.o
 .text.MX_SDMMC1_SD_Init
                0x08000e0c       0x74 build/debug/main.o
 .text.SystemClock_Config
                0x08000e80       0x84 build/debug/main.o
                0x08000e80                SystemClock_Config
 .text.main     0x08000f04      0x2a8 build/debug/main.o
                0x08000f04                main
 .text.HAL_InitTick
                0x080011ac       0x50 build/debug/stm32l4xx_hal.o
                0x080011ac                HAL_InitTick
 .text.HAL_Init
                0x080011fc       0x20 build/debug/stm32l4xx_hal.o
                0x080011fc                HAL_Init
 .text.HAL_IncTick
                0x0800121c       0x18 build/debug/stm32l4xx_hal.o
                0x0800121c                HAL_IncTick
 .text.HAL_GetTick
                0x08001234        0xc build/debug/stm32l4xx_hal.o
                0x08001234                HAL_GetTick
 .text.HAL_Delay
                0x08001240       0x28 build/debug/stm32l4xx_hal.o
                0x08001240                HAL_Delay
 .text.HAL_SuspendTick
                0x08001268        0xe build/debug/stm32l4xx_hal.o
                0x08001268                HAL_SuspendTick
 .text.HAL_ResumeTick
                0x08001276        0xe build/debug/stm32l4xx_hal.o
                0x08001276                HAL_ResumeTick
 .text.HAL_DBGMCU_EnableDBGSleepMode
                0x08001284       0x10 build/debug/stm32l4xx_hal.o
                0x08001284                HAL_DBGMCU_EnableDBGSleepMode
 .text.HAL_DBGMCU_EnableDBGStopMode
                0x08001294       0x10 build/debug/stm32l4xx_hal.o
                0x08001294                HAL_DBGMCU_EnableDBGStopMode
 .text.HAL_DBGMCU_EnableDBGStandbyMode
                0x080012a4       0x10 build/debug/stm32l4xx_hal.o
                0x080012a4                HAL_DBGMCU_EnableDBGStandbyMode
 .text.__NVIC_EnableIRQ
                0x080012b4       0x1c build/debug/stm32l4xx_hal_cortex.o
 .text.__NVIC_DisableIRQ
                0x080012d0       0x24 build/debug/stm32l4xx_hal_cortex.o
 .text.__NVIC_SetPriority
                0x080012f4       0x28 build/debug/stm32l4xx_hal_cortex.o
 .text.NVIC_EncodePriority
                0x0800131c       0x46 build/debug/stm32l4xx_hal_cortex.o
 *fill*         0x08001362        0x2 
 .text.HAL_NVIC_SetPriorityGrouping
                0x08001364       0x24 build/debug/stm32l4xx_hal_cortex.o
                0x08001364                HAL_NVIC_SetPriorityGrouping
 .text.HAL_NVIC_SetPriority
                0x08001388       0x20 build/debug/stm32l4xx_hal_cortex.o
                0x08001388                HAL_NVIC_SetPriority
 .text.HAL_NVIC_EnableIRQ
                0x080013a8        0x8 build/debug/stm32l4xx_hal_cortex.o
                0x080013a8                HAL_NVIC_EnableIRQ
 .text.HAL_NVIC_DisableIRQ
                0x080013b0        0x8 build/debug/stm32l4xx_hal_cortex.o
                0x080013b0                HAL_NVIC_DisableIRQ
 .text.HAL_SYSTICK_Config
                0x080013b8       0x28 build/debug/stm32l4xx_hal_cortex.o
                0x080013b8                HAL_SYSTICK_Config
 .text.DMA_SetConfig
                0x080013e0       0x34 build/debug/stm32l4xx_hal_dma.o
 .text.HAL_DMA_Init
                0x08001414      0x108 build/debug/stm32l4xx_hal_dma.o
                0x08001414                HAL_DMA_Init
 .text.HAL_DMA_DeInit
                0x0800151c       0xc4 build/debug/stm32l4xx_hal_dma.o
                0x0800151c                HAL_DMA_DeInit
 .text.HAL_DMA_Start_IT
                0x080015e0       0x7e build/debug/stm32l4xx_hal_dma.o
                0x080015e0                HAL_DMA_Start_IT
 .text.HAL_DMA_Abort
                0x0800165e       0x4e build/debug/stm32l4xx_hal_dma.o
                0x0800165e                HAL_DMA_Abort
 .text.HAL_DMA_Abort_IT
                0x080016ac       0x4e build/debug/stm32l4xx_hal_dma.o
                0x080016ac                HAL_DMA_Abort_IT
 *fill*         0x080016fa        0x2 
 .text.HAL_DMA_IRQHandler
                0x080016fc       0xfc build/debug/stm32l4xx_hal_dma.o
                0x080016fc                HAL_DMA_IRQHandler
 .text.HAL_GPIO_Init
                0x080017f8      0x21c build/debug/stm32l4xx_hal_gpio.o
                0x080017f8                HAL_GPIO_Init
 .text.HAL_GPIO_DeInit
                0x08001a14      0x130 build/debug/stm32l4xx_hal_gpio.o
                0x08001a14                HAL_GPIO_DeInit
 .text.HAL_GPIO_WritePin
                0x08001b44        0xa build/debug/stm32l4xx_hal_gpio.o
                0x08001b44                HAL_GPIO_WritePin
 .text.HAL_GPIO_EXTI_Callback
                0x08001b4e        0x2 build/debug/stm32l4xx_hal_gpio.o
                0x08001b4e                HAL_GPIO_EXTI_Callback
 .text.HAL_GPIO_EXTI_IRQHandler
                0x08001b50       0x1c build/debug/stm32l4xx_hal_gpio.o
                0x08001b50                HAL_GPIO_EXTI_IRQHandler
 .text.HAL_I2C_Init
                0x08001b6c       0xc8 build/debug/stm32l4xx_hal_i2c.o
                0x08001b6c                HAL_I2C_Init
 .text.HAL_I2CEx_ConfigAnalogFilter
                0x08001c34       0x5a build/debug/stm32l4xx_hal_i2c_ex.o
                0x08001c34                HAL_I2CEx_ConfigAnalogFilter
 .text.HAL_I2CEx_ConfigDigitalFilter
                0x08001c8e       0x56 build/debug/stm32l4xx_hal_i2c_ex.o
                0x08001c8e                HAL_I2CEx_ConfigDigitalFilter
 .text.HAL_MspInit
                0x08001ce4       0x44 build/debug/stm32l4xx_hal_msp.o
                0x08001ce4                HAL_MspInit
 .text.HAL_I2C_MspInit
                0x08001d28       0x8c build/debug/stm32l4xx_hal_msp.o
                0x08001d28                HAL_I2C_MspInit
 .text.HAL_UART_MspInit
                0x08001db4      0x214 build/debug/stm32l4xx_hal_msp.o
                0x08001db4                HAL_UART_MspInit
 .text.HAL_RTC_MspInit
                0x08001fc8       0x60 build/debug/stm32l4xx_hal_msp.o
                0x08001fc8                HAL_RTC_MspInit
 .text.HAL_SD_MspInit
                0x08002028      0x170 build/debug/stm32l4xx_hal_msp.o
                0x08002028                HAL_SD_MspInit
 .text.HAL_SD_MspDeInit
                0x08002198       0x50 build/debug/stm32l4xx_hal_msp.o
                0x08002198                HAL_SD_MspDeInit
 .text.HAL_SPI_MspInit
                0x080021e8       0x64 build/debug/stm32l4xx_hal_msp.o
                0x080021e8                HAL_SPI_MspInit
 .text.HAL_PWR_EnterSLEEPMode
                0x0800224c       0x4c build/debug/stm32l4xx_hal_pwr.o
                0x0800224c                HAL_PWR_EnterSLEEPMode
 .text.HAL_PWREx_GetVoltageRange
                0x08002298       0x10 build/debug/stm32l4xx_hal_pwr_ex.o
                0x08002298                HAL_PWREx_GetVoltageRange
 .text.HAL_PWREx_ControlVoltageScaling
                0x080022a8       0x90 build/debug/stm32l4xx_hal_pwr_ex.o
                0x080022a8                HAL_PWREx_ControlVoltageScaling
 .text.HAL_PWREx_EnableLowPowerRunMode
                0x08002338       0x10 build/debug/stm32l4xx_hal_pwr_ex.o
                0x08002338                HAL_PWREx_EnableLowPowerRunMode
 .text.HAL_PWREx_DisableLowPowerRunMode
                0x08002348       0x50 build/debug/stm32l4xx_hal_pwr_ex.o
                0x08002348                HAL_PWREx_DisableLowPowerRunMode
 .text.RCC_SetFlashLatencyFromMSIRange
                0x08002398       0x90 build/debug/stm32l4xx_hal_rcc.o
 .text.HAL_RCC_GetSysClockFreq
                0x08002428       0xa8 build/debug/stm32l4xx_hal_rcc.o
                0x08002428                HAL_RCC_GetSysClockFreq
 .text.HAL_RCC_OscConfig
                0x080024d0      0x620 build/debug/stm32l4xx_hal_rcc.o
                0x080024d0                HAL_RCC_OscConfig
 .text.HAL_RCC_ClockConfig
                0x08002af0      0x188 build/debug/stm32l4xx_hal_rcc.o
                0x08002af0                HAL_RCC_ClockConfig
 .text.HAL_RCC_GetHCLKFreq
                0x08002c78        0xc build/debug/stm32l4xx_hal_rcc.o
                0x08002c78                HAL_RCC_GetHCLKFreq
 .text.HAL_RCC_GetPCLK1Freq
                0x08002c84       0x24 build/debug/stm32l4xx_hal_rcc.o
                0x08002c84                HAL_RCC_GetPCLK1Freq
 .text.HAL_RCC_GetPCLK2Freq
                0x08002ca8       0x24 build/debug/stm32l4xx_hal_rcc.o
                0x08002ca8                HAL_RCC_GetPCLK2Freq
 .text.RCCEx_GetSAIxPeriphCLKFreq
                0x08002ccc      0x120 build/debug/stm32l4xx_hal_rcc_ex.o
 .text.RCCEx_PLLSAI1_Config
                0x08002dec      0x188 build/debug/stm32l4xx_hal_rcc_ex.o
 .text.RCCEx_PLLSAI2_Config
                0x08002f74      0x160 build/debug/stm32l4xx_hal_rcc_ex.o
 .text.HAL_RCCEx_PeriphCLKConfig
                0x080030d4      0x470 build/debug/stm32l4xx_hal_rcc_ex.o
                0x080030d4                HAL_RCCEx_PeriphCLKConfig
 .text.HAL_RCCEx_GetPeriphCLKFreq
                0x08003544      0x6d8 build/debug/stm32l4xx_hal_rcc_ex.o
                0x08003544                HAL_RCCEx_GetPeriphCLKFreq
 .text.HAL_RTC_WaitForSynchro
                0x08003c1c       0x34 build/debug/stm32l4xx_hal_rtc.o
                0x08003c1c                HAL_RTC_WaitForSynchro
 .text.RTC_EnterInitMode
                0x08003c50       0x44 build/debug/stm32l4xx_hal_rtc.o
                0x08003c50                RTC_EnterInitMode
 .text.RTC_ExitInitMode
                0x08003c94       0x4c build/debug/stm32l4xx_hal_rtc.o
                0x08003c94                RTC_ExitInitMode
 .text.HAL_RTC_Init
                0x08003ce0       0xa6 build/debug/stm32l4xx_hal_rtc.o
                0x08003ce0                HAL_RTC_Init
 .text.RTC_ByteToBcd2
                0x08003d86       0x16 build/debug/stm32l4xx_hal_rtc.o
                0x08003d86                RTC_ByteToBcd2
 .text.HAL_RTC_SetTime
                0x08003d9c       0xd0 build/debug/stm32l4xx_hal_rtc.o
                0x08003d9c                HAL_RTC_SetTime
 .text.HAL_RTC_SetDate
                0x08003e6c       0xa8 build/debug/stm32l4xx_hal_rtc.o
                0x08003e6c                HAL_RTC_SetDate
 .text.HAL_RTCEx_SetWakeUpTimer_IT
                0x08003f14       0xcc build/debug/stm32l4xx_hal_rtc_ex.o
                0x08003f14                HAL_RTCEx_SetWakeUpTimer_IT
 .text.HAL_RTCEx_WakeUpTimerEventCallback
                0x08003fe0        0x2 build/debug/stm32l4xx_hal_rtc_ex.o
                0x08003fe0                HAL_RTCEx_WakeUpTimerEventCallback
 *fill*         0x08003fe2        0x2 
 .text.HAL_RTCEx_WakeUpTimerIRQHandler
                0x08003fe4       0x34 build/debug/stm32l4xx_hal_rtc_ex.o
                0x08003fe4                HAL_RTCEx_WakeUpTimerIRQHandler
 .text.SD_PowerON
                0x08004018       0xc8 build/debug/stm32l4xx_hal_sd.o
 .text.SD_PowerOFF
                0x080040e0        0xa build/debug/stm32l4xx_hal_sd.o
 .text.SD_Read_IT
                0x080040ea       0x38 build/debug/stm32l4xx_hal_sd.o
 .text.SD_Write_IT
                0x08004122       0x48 build/debug/stm32l4xx_hal_sd.o
 .text.SD_FindSCR
                0x0800416a       0xfe build/debug/stm32l4xx_hal_sd.o
 .text.SD_WideBus_Enable
                0x08004268       0x4e build/debug/stm32l4xx_hal_sd.o
 .text.SD_WideBus_Disable
                0x080042b6       0x4e build/debug/stm32l4xx_hal_sd.o
 .text.SD_SendStatus
                0x08004304       0x2e build/debug/stm32l4xx_hal_sd.o
 .text.HAL_SD_DeInit
                0x08004332       0x24 build/debug/stm32l4xx_hal_sd.o
                0x08004332                HAL_SD_DeInit
 *fill*         0x08004356        0x2 
 .text.HAL_SD_ReadBlocks
                0x08004358      0x244 build/debug/stm32l4xx_hal_sd.o
                0x08004358                HAL_SD_ReadBlocks
 .text.HAL_SD_WriteBlocks
                0x0800459c      0x1fc build/debug/stm32l4xx_hal_sd.o
                0x0800459c                HAL_SD_WriteBlocks
 .text.HAL_SD_AbortCallback
                0x08004798        0x2 build/debug/stm32l4xx_hal_sd.o
                0x08004798                HAL_SD_AbortCallback
 *fill*         0x0800479a        0x2 
 .text.HAL_SD_GetCardCSD
                0x0800479c      0x1b8 build/debug/stm32l4xx_hal_sd.o
                0x0800479c                HAL_SD_GetCardCSD
 .text.SD_InitCard
                0x08004954       0xd8 build/debug/stm32l4xx_hal_sd.o
 .text.HAL_SD_InitCard
                0x08004a2c       0xdc build/debug/stm32l4xx_hal_sd.o
                0x08004a2c                HAL_SD_InitCard
 .text.HAL_SD_ConfigWideBusOperation
                0x08004b08      0x100 build/debug/stm32l4xx_hal_sd.o
                0x08004b08                HAL_SD_ConfigWideBusOperation
 .text.HAL_SD_Init
                0x08004c08       0x52 build/debug/stm32l4xx_hal_sd.o
                0x08004c08                HAL_SD_Init
 .text.HAL_SD_GetCardState
                0x08004c5a       0x22 build/debug/stm32l4xx_hal_sd.o
                0x08004c5a                HAL_SD_GetCardState
 .text.SD_DMATxAbort
                0x08004c7c       0x44 build/debug/stm32l4xx_hal_sd.o
 .text.SD_DMARxAbort
                0x08004cc0       0x44 build/debug/stm32l4xx_hal_sd.o
 .text.HAL_SD_IRQHandler
                0x08004d04      0x1e0 build/debug/stm32l4xx_hal_sd.o
                0x08004d04                HAL_SD_IRQHandler
 .text.HAL_SPI_Init
                0x08004ee4       0xde build/debug/stm32l4xx_hal_spi.o
                0x08004ee4                HAL_SPI_Init
 .text.UART_EndTxTransfer
                0x08004fc2       0x18 build/debug/stm32l4xx_hal_uart.o
 .text.UART_EndRxTransfer
                0x08004fda       0x52 build/debug/stm32l4xx_hal_uart.o
 .text.HAL_UART_TxCpltCallback
                0x0800502c        0x2 build/debug/stm32l4xx_hal_uart.o
                0x0800502c                HAL_UART_TxCpltCallback
 .text.UART_EndTransmit_IT
                0x0800502e       0x20 build/debug/stm32l4xx_hal_uart.o
 .text.HAL_UART_RxCpltCallback
                0x0800504e        0x2 build/debug/stm32l4xx_hal_uart.o
                0x0800504e                HAL_UART_RxCpltCallback
 .text.HAL_UART_RxHalfCpltCallback
                0x08005050        0x2 build/debug/stm32l4xx_hal_uart.o
                0x08005050                HAL_UART_RxHalfCpltCallback
 .text.HAL_UART_ErrorCallback
                0x08005052        0x2 build/debug/stm32l4xx_hal_uart.o
                0x08005052                HAL_UART_ErrorCallback
 .text.UART_DMAError
                0x08005054       0x4c build/debug/stm32l4xx_hal_uart.o
 .text.UART_DMAAbortOnError
                0x080050a0        0xa build/debug/stm32l4xx_hal_uart.o
 *fill*         0x080050aa        0x2 
 .text.HAL_UART_IRQHandler
                0x080050ac      0x318 build/debug/stm32l4xx_hal_uart.o
                0x080050ac                HAL_UART_IRQHandler
 .text.UART_RxISR_8BIT
                0x080053c4       0xd8 build/debug/stm32l4xx_hal_uart.o
 .text.UART_RxISR_16BIT
                0x0800549c       0xd8 build/debug/stm32l4xx_hal_uart.o
 .text.UART_DMARxHalfCplt
                0x08005574       0x3e build/debug/stm32l4xx_hal_uart.o
 .text.UART_DMAReceiveCplt
                0x080055b2       0xa8 build/debug/stm32l4xx_hal_uart.o
 *fill*         0x0800565a        0x2 
 .text.UART_SetConfig
                0x0800565c      0x320 build/debug/stm32l4xx_hal_uart.o
                0x0800565c                UART_SetConfig
 .text.UART_AdvFeatureConfig
                0x0800597c       0xca build/debug/stm32l4xx_hal_uart.o
                0x0800597c                UART_AdvFeatureConfig
 .text.UART_WaitOnFlagUntilTimeout
                0x08005a46       0x9c build/debug/stm32l4xx_hal_uart.o
                0x08005a46                UART_WaitOnFlagUntilTimeout
 .text.HAL_UART_Transmit
                0x08005ae2       0xdc build/debug/stm32l4xx_hal_uart.o
                0x08005ae2                HAL_UART_Transmit
 .text.UART_CheckIdleState
                0x08005bbe       0xc2 build/debug/stm32l4xx_hal_uart.o
                0x08005bbe                UART_CheckIdleState
 .text.HAL_UART_Init
                0x08005c80       0x62 build/debug/stm32l4xx_hal_uart.o
                0x08005c80                HAL_UART_Init
 *fill*         0x08005ce2        0x2 
 .text.UART_Start_Receive_IT
                0x08005ce4       0xd4 build/debug/stm32l4xx_hal_uart.o
                0x08005ce4                UART_Start_Receive_IT
 .text.UART_Start_Receive_DMA
                0x08005db8       0xa8 build/debug/stm32l4xx_hal_uart.o
                0x08005db8                UART_Start_Receive_DMA
 .text.HAL_UARTEx_WakeupCallback
                0x08005e60        0x2 build/debug/stm32l4xx_hal_uart_ex.o
                0x08005e60                HAL_UARTEx_WakeupCallback
 .text.HAL_UARTEx_ReceiveToIdle_IT
                0x08005e62       0x4e build/debug/stm32l4xx_hal_uart_ex.o
                0x08005e62                HAL_UARTEx_ReceiveToIdle_IT
 .text.HAL_UARTEx_ReceiveToIdle_DMA
                0x08005eb0       0x50 build/debug/stm32l4xx_hal_uart_ex.o
                0x08005eb0                HAL_UARTEx_ReceiveToIdle_DMA
 .text.HAL_UARTEx_GetRxEventType
                0x08005f00        0x4 build/debug/stm32l4xx_hal_uart_ex.o
                0x08005f00                HAL_UARTEx_GetRxEventType
 .text.NMI_Handler
                0x08005f04        0x2 build/debug/stm32l4xx_it.o
                0x08005f04                NMI_Handler
 *fill*         0x08005f06        0x2 
 .text.HardFault_Handler
                0x08005f08       0x44 build/debug/stm32l4xx_it.o
                0x08005f08                HardFault_Handler
 .text.MemManage_Handler
                0x08005f4c        0x2 build/debug/stm32l4xx_it.o
                0x08005f4c                MemManage_Handler
 .text.BusFault_Handler
                0x08005f4e        0x2 build/debug/stm32l4xx_it.o
                0x08005f4e                BusFault_Handler
 .text.UsageFault_Handler
                0x08005f50        0x2 build/debug/stm32l4xx_it.o
                0x08005f50                UsageFault_Handler
 .text.SVC_Handler
                0x08005f52        0x2 build/debug/stm32l4xx_it.o
                0x08005f52                SVC_Handler
 .text.DebugMon_Handler
                0x08005f54        0x2 build/debug/stm32l4xx_it.o
                0x08005f54                DebugMon_Handler
 .text.PendSV_Handler
                0x08005f56        0x2 build/debug/stm32l4xx_it.o
                0x08005f56                PendSV_Handler
 .text.SysTick_Handler
                0x08005f58        0x8 build/debug/stm32l4xx_it.o
                0x08005f58                SysTick_Handler
 .text.RTC_WKUP_IRQHandler
                0x08005f60       0x18 build/debug/stm32l4xx_it.o
                0x08005f60                RTC_WKUP_IRQHandler
 .text.RCC_IRQHandler
                0x08005f78        0x2 build/debug/stm32l4xx_it.o
                0x08005f78                RCC_IRQHandler
 *fill*         0x08005f7a        0x2 
 .text.DMA1_Channel5_IRQHandler
                0x08005f7c       0x10 build/debug/stm32l4xx_it.o
                0x08005f7c                DMA1_Channel5_IRQHandler
 .text.USART1_IRQHandler
                0x08005f8c       0x10 build/debug/stm32l4xx_it.o
                0x08005f8c                USART1_IRQHandler
 .text.EXTI15_10_IRQHandler
                0x08005f9c       0x18 build/debug/stm32l4xx_it.o
                0x08005f9c                EXTI15_10_IRQHandler
 .text.SDMMC1_IRQHandler
                0x08005fb4       0x10 build/debug/stm32l4xx_it.o
                0x08005fb4                SDMMC1_IRQHandler
 .text.DMA2_Channel4_IRQHandler
                0x08005fc4       0x10 build/debug/stm32l4xx_it.o
                0x08005fc4                DMA2_Channel4_IRQHandler
 .text.DMA2_Channel5_IRQHandler
                0x08005fd4       0x10 build/debug/stm32l4xx_it.o
                0x08005fd4                DMA2_Channel5_IRQHandler
 .text.LPUART1_IRQHandler
                0x08005fe4       0x18 build/debug/stm32l4xx_it.o
                0x08005fe4                LPUART1_IRQHandler
 .text.SDMMC_GetCmdError
                0x08005ffc       0x3c build/debug/stm32l4xx_ll_sdmmc.o
 .text.SDMMC_Init
                0x08006038       0x34 build/debug/stm32l4xx_ll_sdmmc.o
                0x08006038                SDMMC_Init
 .text.SDMMC_ReadFIFO
                0x0800606c        0x6 build/debug/stm32l4xx_ll_sdmmc.o
                0x0800606c                SDMMC_ReadFIFO
 .text.SDMMC_WriteFIFO
                0x08006072        0xa build/debug/stm32l4xx_ll_sdmmc.o
                0x08006072                SDMMC_WriteFIFO
 .text.SDMMC_PowerState_ON
                0x0800607c       0x10 build/debug/stm32l4xx_ll_sdmmc.o
                0x0800607c                SDMMC_PowerState_ON
 .text.SDMMC_PowerState_OFF
                0x0800608c        0x8 build/debug/stm32l4xx_ll_sdmmc.o
                0x0800608c                SDMMC_PowerState_OFF
 .text.SDMMC_GetPowerState
                0x08006094        0x8 build/debug/stm32l4xx_ll_sdmmc.o
                0x08006094                SDMMC_GetPowerState
 .text.SDMMC_SendCommand
                0x0800609c       0x20 build/debug/stm32l4xx_ll_sdmmc.o
                0x0800609c                SDMMC_SendCommand
 .text.SDMMC_GetCommandResponse
                0x080060bc        0x6 build/debug/stm32l4xx_ll_sdmmc.o
                0x080060bc                SDMMC_GetCommandResponse
 .text.SDMMC_GetResponse
                0x080060c2        0x6 build/debug/stm32l4xx_ll_sdmmc.o
                0x080060c2                SDMMC_GetResponse
 .text.SDMMC_ConfigData
                0x080060c8       0x24 build/debug/stm32l4xx_ll_sdmmc.o
                0x080060c8                SDMMC_ConfigData
 .text.SDMMC_CmdGoIdleState
                0x080060ec       0x26 build/debug/stm32l4xx_ll_sdmmc.o
                0x080060ec                SDMMC_CmdGoIdleState
 *fill*         0x08006112        0x2 
 .text.SDMMC_GetCmdResp1
                0x08006114      0x154 build/debug/stm32l4xx_ll_sdmmc.o
                0x08006114                SDMMC_GetCmdResp1
 .text.SDMMC_CmdBlockLength
                0x08006268       0x30 build/debug/stm32l4xx_ll_sdmmc.o
                0x08006268                SDMMC_CmdBlockLength
 .text.SDMMC_CmdReadSingleBlock
                0x08006298       0x30 build/debug/stm32l4xx_ll_sdmmc.o
                0x08006298                SDMMC_CmdReadSingleBlock
 .text.SDMMC_CmdReadMultiBlock
                0x080062c8       0x30 build/debug/stm32l4xx_ll_sdmmc.o
                0x080062c8                SDMMC_CmdReadMultiBlock
 .text.SDMMC_CmdWriteSingleBlock
                0x080062f8       0x30 build/debug/stm32l4xx_ll_sdmmc.o
                0x080062f8                SDMMC_CmdWriteSingleBlock
 .text.SDMMC_CmdWriteMultiBlock
                0x08006328       0x30 build/debug/stm32l4xx_ll_sdmmc.o
                0x08006328                SDMMC_CmdWriteMultiBlock
 .text.SDMMC_CmdStopTransfer
                0x08006358       0x34 build/debug/stm32l4xx_ll_sdmmc.o
                0x08006358                SDMMC_CmdStopTransfer
 .text.SDMMC_CmdSelDesel
                0x0800638c       0x30 build/debug/stm32l4xx_ll_sdmmc.o
                0x0800638c                SDMMC_CmdSelDesel
 .text.SDMMC_CmdAppCommand
                0x080063bc       0x30 build/debug/stm32l4xx_ll_sdmmc.o
                0x080063bc                SDMMC_CmdAppCommand
 .text.SDMMC_CmdBusWidth
                0x080063ec       0x30 build/debug/stm32l4xx_ll_sdmmc.o
                0x080063ec                SDMMC_CmdBusWidth
 .text.SDMMC_CmdSendSCR
                0x0800641c       0x30 build/debug/stm32l4xx_ll_sdmmc.o
                0x0800641c                SDMMC_CmdSendSCR
 .text.SDMMC_CmdSendStatus
                0x0800644c       0x30 build/debug/stm32l4xx_ll_sdmmc.o
                0x0800644c                SDMMC_CmdSendStatus
 .text.SDMMC_GetCmdResp2
                0x0800647c       0x5c build/debug/stm32l4xx_ll_sdmmc.o
                0x0800647c                SDMMC_GetCmdResp2
 .text.SDMMC_CmdSendCID
                0x080064d8       0x2a build/debug/stm32l4xx_ll_sdmmc.o
                0x080064d8                SDMMC_CmdSendCID
 .text.SDMMC_CmdSendCSD
                0x08006502       0x2a build/debug/stm32l4xx_ll_sdmmc.o
                0x08006502                SDMMC_CmdSendCSD
 .text.SDMMC_GetCmdResp3
                0x0800652c       0x50 build/debug/stm32l4xx_ll_sdmmc.o
                0x0800652c                SDMMC_GetCmdResp3
 .text.SDMMC_CmdAppOperCommand
                0x0800657c       0x32 build/debug/stm32l4xx_ll_sdmmc.o
                0x0800657c                SDMMC_CmdAppOperCommand
 *fill*         0x080065ae        0x2 
 .text.SDMMC_GetCmdResp6
                0x080065b0       0xa4 build/debug/stm32l4xx_ll_sdmmc.o
                0x080065b0                SDMMC_GetCmdResp6
 .text.SDMMC_CmdSetRelAdd
                0x08006654       0x30 build/debug/stm32l4xx_ll_sdmmc.o
                0x08006654                SDMMC_CmdSetRelAdd
 .text.SDMMC_GetCmdResp7
                0x08006684       0x68 build/debug/stm32l4xx_ll_sdmmc.o
                0x08006684                SDMMC_GetCmdResp7
 .text.SDMMC_CmdOperCond
                0x080066ec       0x2e build/debug/stm32l4xx_ll_sdmmc.o
                0x080066ec                SDMMC_CmdOperCond
 *fill*         0x0800671a        0x2 
 .text._sbrk    0x0800671c       0x4c build/debug/sysmem.o
                0x0800671c                _sbrk
 .text.SystemInit
                0x08006768       0x14 build/debug/system_stm32l4xx.o
                0x08006768                SystemInit
 .text.Reset_Handler
                0x0800677c       0x50 build/debug/startup_stm32l476xx.o
                0x0800677c                Reset_Handler
 .text.Default_Handler
                0x080067cc        0x2 build/debug/startup_stm32l476xx.o
                0x080067cc                RTC_Alarm_IRQHandler
                0x080067cc                EXTI2_IRQHandler
                0x080067cc                TIM8_TRG_COM_IRQHandler
                0x080067cc                TIM8_CC_IRQHandler
                0x080067cc                TIM1_CC_IRQHandler
                0x080067cc                TSC_IRQHandler
                0x080067cc                TAMP_STAMP_IRQHandler
                0x080067cc                EXTI3_IRQHandler
                0x080067cc                LPTIM2_IRQHandler
                0x080067cc                DFSDM1_FLT1_IRQHandler
                0x080067cc                I2C3_ER_IRQHandler
                0x080067cc                DFSDM1_FLT2_IRQHandler
                0x080067cc                EXTI0_IRQHandler
                0x080067cc                I2C2_EV_IRQHandler
                0x080067cc                CAN1_RX0_IRQHandler
                0x080067cc                FPU_IRQHandler
                0x080067cc                TIM1_UP_TIM16_IRQHandler
                0x080067cc                ADC1_2_IRQHandler
                0x080067cc                SPI1_IRQHandler
                0x080067cc                TIM6_DAC_IRQHandler
                0x080067cc                TIM8_UP_IRQHandler
                0x080067cc                DMA2_Channel2_IRQHandler
                0x080067cc                DMA1_Channel4_IRQHandler
                0x080067cc                SAI2_IRQHandler
                0x080067cc                DFSDM1_FLT3_IRQHandler
                0x080067cc                USART3_IRQHandler
                0x080067cc                DMA1_Channel7_IRQHandler
                0x080067cc                CAN1_RX1_IRQHandler
                0x080067cc                LCD_IRQHandler
                0x080067cc                UART5_IRQHandler
                0x080067cc                ADC3_IRQHandler
                0x080067cc                TIM4_IRQHandler
                0x080067cc                DMA2_Channel1_IRQHandler
                0x080067cc                QUADSPI_IRQHandler
                0x080067cc                I2C1_EV_IRQHandler
                0x080067cc                DMA1_Channel6_IRQHandler
                0x080067cc                UART4_IRQHandler
                0x080067cc                TIM3_IRQHandler
                0x080067cc                DMA1_Channel1_IRQHandler
                0x080067cc                Default_Handler
                0x080067cc                DMA2_Channel7_IRQHandler
                0x080067cc                TIM7_IRQHandler
                0x080067cc                TIM5_IRQHandler
                0x080067cc                I2C3_EV_IRQHandler
                0x080067cc                EXTI9_5_IRQHandler
                0x080067cc                PVD_PVM_IRQHandler
                0x080067cc                SPI2_IRQHandler
                0x080067cc                CAN1_TX_IRQHandler
                0x080067cc                EXTI4_IRQHandler
                0x080067cc                RNG_IRQHandler
                0x080067cc                TIM1_TRG_COM_TIM17_IRQHandler
                0x080067cc                DMA1_Channel3_IRQHandler
                0x080067cc                COMP_IRQHandler
                0x080067cc                WWDG_IRQHandler
                0x080067cc                DMA2_Channel6_IRQHandler
                0x080067cc                TIM2_IRQHandler
                0x080067cc                EXTI1_IRQHandler
                0x080067cc                USART2_IRQHandler
                0x080067cc                DFSDM1_FLT0_IRQHandler
                0x080067cc                I2C2_ER_IRQHandler
                0x080067cc                DMA1_Channel2_IRQHandler
                0x080067cc                TIM8_BRK_IRQHandler
                0x080067cc                CAN1_SCE_IRQHandler
                0x080067cc                FLASH_IRQHandler
                0x080067cc                OTG_FS_IRQHandler
                0x080067cc                SPI3_IRQHandler
                0x080067cc                I2C1_ER_IRQHandler
                0x080067cc                FMC_IRQHandler
                0x080067cc                SWPMI1_IRQHandler
                0x080067cc                LPTIM1_IRQHandler
                0x080067cc                SAI1_IRQHandler
                0x080067cc                DMA2_Channel3_IRQHandler
                0x080067cc                TIM1_BRK_TIM15_IRQHandler
 *fill*         0x080067ce        0x2 
 .text._strtoul_l.isra.0
                0x080067d0       0xdc /home/glen/.config/Code/User/globalStorage/bmd.stm32-for-vscode/@xpack-dev-tools/arm-none-eabi-gcc/15.2.1-1.1.1/.content/bin/../lib/gcc/arm-none-eabi/15.2.1/../../../../arm-none-eabi/lib/thumb/v7e-m+fp/hard/libc_nano.a(libc_a-strtoul.o)
 .text.strtoul  0x080068ac       0x14 /home/glen/.config/Code/User/globalStorage/bmd.stm32-for-vscode/@xpack-dev-tools/arm-none-eabi-gcc/15.2.1-1.1.1/.content/bin/../lib/gcc/arm-none-eabi/15.2.1/../../../../arm-none-eabi/lib/thumb/v7e-m+fp/hard/libc_nano.a(libc_a-strtoul.o)
                0x080068ac                strtoul
 .text.snprintf
                0x080068c0       0x64 /home/glen/.config/Code/User/globalStorage/bmd.stm32-for-vscode/@xpack-dev-tools/arm-none-eabi-gcc/15.2.1-1.1.1/.content/bin/../lib/gcc/arm-none-eabi/15.2.1/../../../../arm-none-eabi/lib/thumb/v7e-m+fp/hard/libc_nano.a(libc_a-snprintf.o)
                0x080068c0                snprintf
                0x080068c0                sniprintf
 .text.sprintf  0x08006924       0x44 /home/glen/.config/Code/User/globalStorage/bmd.stm32-for-vscode/@xpack-dev-tools/arm-none-eabi-gcc/15.2.1-1.1.1/.content/bin/../lib/gcc/arm-none-eabi/15.2.1/../../../../arm-none-eabi/lib/thumb/v7e-m+fp/hard/libc_nano.a(libc_a-sprintf.o)
                0x08006924                sprintf
                0x08006924                siprintf
 .text.memset   0x08006968       0x10 /home/glen/.config/Code/User/globalStorage/bmd.stm32-for-vscode/@xpack-dev-tools/arm-none-eabi-gcc/15.2.1-1.1.1/.content/bin/../lib/gcc/arm-none-eabi/15.2.1/../../../../arm-none-eabi/lib/thumb/v7e-m+fp/hard/libc_nano.a(libc_a-memset.o)
                0x08006968                memset
 .text.strstr   0x08006978       0x2c /home/glen/.config/Code/User/globalStorage/bmd.stm32-for-vscode/@xpack-dev-tools/arm-none-eabi-gcc/15.2.1-1.1.1/.content/bin/../lib/gcc/arm-none-eabi/15.2.1/../../../../arm-none-eabi/lib/thumb/v7e-m+fp/hard/libc_nano.a(libc_a-strstr.o)
                0x08006978                strstr
 .text.__errno  0x080069a4        0xc /home/glen/.config/Code/User/globalStorage/bmd.stm32-for-vscode/@xpack-dev-tools/arm-none-eabi-gcc/15.2.1-1.1.1/.content/bin/../lib/gcc/arm-none-eabi/15.2.1/../../../../arm-none-eabi/lib/thumb/v7e-m+fp/hard/libc_nano.a(libc_a-errno.o)
                0x080069a4                __errno
 .text.__libc_init_array
                0x080069b0       0x48 /home/glen/.config/Code/User/globalStorage/bmd.stm32-for-vscode/@xpack-dev-tools/arm-none-eabi-gcc/15.2.1-1.1.1/.content/bin/../lib/gcc/arm-none-eabi/15.2.1/../../../../arm-none-eabi/lib/thumb/v7e-m+fp/hard/libc_nano.a(libc_a-init.o)
                0x080069b0                __libc_init_array
 .text.__retarget_lock_acquire_recursive
                0x080069f8        0x2 /home/glen/.config/Code/User/globalStorage/bmd.stm32-for-vscode/@xpack-dev-tools/arm-none-eabi-gcc/15.2.1-1.1.1/.content/bin/../lib/gcc/arm-none-eabi/15.2.1/../../../../arm-none-eabi/lib/thumb/v7e-m+fp/hard/libc_nano.a(libc_a-lock.o)
                0x080069f8                __retarget_lock_acquire_recursive
 .text.__retarget_lock_release_recursive
                0x080069fa        0x2 /home/glen/.config/Code/User/globalStorage/bmd.stm32-for-vscode/@xpack-dev-tools/arm-none-eabi-gcc/15.2.1-1.1.1/.content/bin/../lib/gcc/arm-none-eabi/15.2.1/../../../../arm-none-eabi/lib/thumb/v7e-m+fp/hard/libc_nano.a(libc_a-lock.o)
                0x080069fa                __retarget_lock_release_recursive
 .text.memcpy   0x080069fc       0x1c /home/glen/.config/Code/User/globalStorage/bmd.stm32-for-vscode/@xpack-dev-tools/arm-none-eabi-gcc/15.2.1-1.1.1/.content/bin/../lib/gcc/arm-none-eabi/15.2.1/../../../../arm-none-eabi/lib/thumb/v7e-m+fp/hard/libc_nano.a(libc_a-memcpy-stub.o)
                0x080069fc                memcpy
 .text._free_r  0x08006a18       0x98 /home/glen/.config/Code/User/globalStorage/bmd.stm32-for-vscode/@xpack-dev-tools/arm-none-eabi-gcc/15.2.1-1.1.1/.content/bin/../lib/gcc/arm-none-eabi/15.2.1/../../../../arm-none-eabi/lib/thumb/v7e-m+fp/hard/libc_nano.a(libc_a-freer.o)
                0x08006a18                _free_r
 .text.sbrk_aligned
                0x08006ab0       0x44 /home/glen/.config/Code/User/globalStorage/bmd.stm32-for-vscode/@xpack-dev-tools/arm-none-eabi-gcc/15.2.1-1.1.1/.content/bin/../lib/gcc/arm-none-eabi/15.2.1/../../../../arm-none-eabi/lib/thumb/v7e-m+fp/hard/libc_nano.a(libc_a-mallocr.o)
 .text._malloc_r
                0x08006af4       0xf8 /home/glen/.config/Code/User/globalStorage/bmd.stm32-for-vscode/@xpack-dev-tools/arm-none-eabi-gcc/15.2.1-1.1.1/.content/bin/../lib/gcc/arm-none-eabi/15.2.1/../../../../arm-none-eabi/lib/thumb/v7e-m+fp/hard/libc_nano.a(libc_a-mallocr.o)
                0x08006af4                _malloc_r
 .text.__malloc_lock
                0x08006bec        0xc /home/glen/.config/Code/User/globalStorage/bmd.stm32-for-vscode/@xpack-dev-tools/arm-none-eabi-gcc/15.2.1-1.1.1/.content/bin/../lib/gcc/arm-none-eabi/15.2.1/../../../../arm-none-eabi/lib/thumb/v7e-m+fp/hard/libc_nano.a(libc_a-mlock.o)
                0x08006bec                __malloc_lock
 .text.__malloc_unlock
                0x08006bf8        0xc /home/glen/.config/Code/User/globalStorage/bmd.stm32-for-vscode/@xpack-dev-tools/arm-none-eabi-gcc/15.2.1-1.1.1/.content/bin/../lib/gcc/arm-none-eabi/15.2.1/../../../../arm-none-eabi/lib/thumb/v7e-m+fp/hard/libc_nano.a(libc_a-mlock.o)
                0x08006bf8                __malloc_unlock
 .text.__ssputs_r
                0x08006c04       0xc0 /home/glen/.config/Code/User/globalStorage/bmd.stm32-for-vscode/@xpack-dev-tools/arm-none-eabi-gcc/15.2.1-1.1.1/.content/bin/../lib/gcc/arm-none-eabi/15.2.1/../../../../arm-none-eabi/lib/thumb/v7e-m+fp/hard/libc_nano.a(libc_a-nano-svfprintf.o)
                0x08006c04                __ssputs_r
 .text._svfprintf_r
                0x08006cc4      0x1f0 /home/glen/.config/Code/User/globalStorage/bmd.stm32-for-vscode/@xpack-dev-tools/arm-none-eabi-gcc/15.2.1-1.1.1/.content/bin/../lib/gcc/arm-none-eabi/15.2.1/../../../../arm-none-eabi/lib/thumb/v7e-m+fp/hard/libc_nano.a(libc_a-nano-svfprintf.o)
                0x08006cc4                _svfprintf_r
                0x08006cc4                _svfiprintf_r
 .text._printf_common
                0x08006eb4       0xea /home/glen/.config/Code/User/globalStorage/bmd.stm32-for-vscode/@xpack-dev-tools/arm-none-eabi-gcc/15.2.1-1.1.1/.content/bin/../lib/gcc/arm-none-eabi/15.2.1/../../../../arm-none-eabi/lib/thumb/v7e-m+fp/hard/libc_nano.a(libc_a-nano-vfprintf_i.o)
                0x08006eb4                _printf_common
 *fill*         0x08006f9e        0x2 
 .text._printf_i
                0x08006fa0      0x254 /home/glen/.config/Code/User/globalStorage/bmd.stm32-for-vscode/@xpack-dev-tools/arm-none-eabi-gcc/15.2.1-1.1.1/.content/bin/../lib/gcc/arm-none-eabi/15.2.1/../../../../arm-none-eabi/lib/thumb/v7e-m+fp/hard/libc_nano.a(libc_a-nano-vfprintf_i.o)
                0x08006fa0                _printf_i
 .text.memmove  0x080071f4       0x32 /home/glen/.config/Code/User/globalStorage/bmd.stm32-for-vscode/@xpack-dev-tools/arm-none-eabi-gcc/15.2.1-1.1.1/.content/bin/../lib/gcc/arm-none-eabi/15.2.1/../../../../arm-none-eabi/lib/thumb/v7e-m+fp/hard/libc_nano.a(libc_a-memmove.o)
                0x080071f4                memmove
 *fill*         0x08007226        0x2 
 .text._sbrk_r  0x08007228       0x20 /home/glen/.config/Code/User/globalStorage/bmd.stm32-for-vscode/@xpack-dev-tools/arm-none-eabi-gcc/15.2.1-1.1.1/.content/bin/../lib/gcc/arm-none-eabi/15.2.1/../../../../arm-none-eabi/lib/thumb/v7e-m+fp/hard/libc_nano.a(libc_a-sbrkr.o)
                0x08007228                _sbrk_r
 .text._realloc_r
                0x08007248       0x5c /home/glen/.config/Code/User/globalStorage/bmd.stm32-for-vscode/@xpack-dev-tools/arm-none-eabi-gcc/15.2.1-1.1.1/.content/bin/../lib/gcc/arm-none-eabi/15.2.1/../../../../arm-none-eabi/lib/thumb/v7e-m+fp/hard/libc_nano.a(libc_a-reallocr.o)
                0x08007248                _realloc_r
 .text._malloc_usable_size_r
                0x080072a4       0x10 /home/glen/.config/Code/User/globalStorage/bmd.stm32-for-vscode/@xpack-dev-tools/arm-none-eabi-gcc/15.2.1-1.1.1/.content/bin/../lib/gcc/arm-none-eabi/15.2.1/../../../../arm-none-eabi/lib/thumb/v7e-m+fp/hard/libc_nano.a(libc_a-msizer.o)
                0x080072a4                _malloc_usable_size_r
 .text.__udivmoddi4
                0x080072b4      0x320 /home/glen/.config/Code/User/globalStorage/bmd.stm32-for-vscode/@xpack-dev-tools/arm-none-eabi-gcc/15.2.1-1.1.1/.content/bin/../lib/gcc/arm-none-eabi/15.2.1/thumb/v7e-m+fp/hard/libgcc.a(_udivmoddi4.o)
                0x080072b4                __udivmoddi4
 *(.glue_7)
 .glue_7        0x080075d4        0x0 linker stubs
 *(.glue_7t)
 .glue_7t       0x080075d4        0x0 linker stubs
 *(.eh_frame)
 .eh_frame      0x080075d4        0x0 /home/glen/.config/Code/User/globalStorage/bmd.stm32-for-vscode/@xpack-dev-tools/arm-none-eabi-gcc/15.2.1-1.1.1/.content/bin/../lib/gcc/arm-none-eabi/15.2.1/thumb/v7e-m+fp/hard/crtbegin.o
 *(.init)
 .init          0x080075d4        0x4 /home/glen/.config/Code/User/globalStorage/bmd.stm32-for-vscode/@xpack-dev-tools/arm-none-eabi-gcc/15.2.1-1.1.1/.content/bin/../lib/gcc/arm-none-eabi/15.2.1/thumb/v7e-m+fp/hard/crti.o
                0x080075d4                _init
 .init          0x080075d8        0x8 /home/glen/.config/Code/User/globalStorage/bmd.stm32-for-vscode/@xpack-dev-tools/arm-none-eabi-gcc/15.2.1-1.1.1/.content/bin/../lib/gcc/arm-none-eabi/15.2.1/thumb/v7e-m+fp/hard/crtn.o
 *(.fini)
 .fini          0x080075e0        0x4 /home/glen/.config/Code/User/globalStorage/bmd.stm32-for-vscode/@xpack-dev-tools/arm-none-eabi-gcc/15.2.1-1.1.1/.content/bin/../lib/gcc/arm-none-eabi/15.2.1/thumb/v7e-m+fp/hard/crti.o
                0x080075e0                _fini
 .fini          0x080075e4        0x8 /home/glen/.config/Code/User/globalStorage/bmd.stm32-for-vscode/@xpack-dev-tools/arm-none-eabi-gcc/15.2.1-1.1.1/.content/bin/../lib/gcc/arm-none-eabi/15.2.1/thumb/v7e-m+fp/hard/crtn.o
                0x080075f0                        . = ALIGN (0x8)
 *fill*         0x080075ec        0x4 
                0x080075f0                        _etext = .

.vfp11_veneer   0x080075f0        0x0
 .vfp11_veneer  0x080075f0        0x0 linker stubs

.v4_bx          0x080075f0        0x0
 .v4_bx         0x080075f0        0x0 linker stubs

.iplt           0x080075f0        0x0
 .iplt          0x080075f0        0x0 /home/glen/.config/Code/User/globalStorage/bmd.stm32-for-vscode/@xpack-dev-tools/arm-none-eabi-gcc/15.2.1-1.1.1/.content/bin/../lib/gcc/arm-none-eabi/15.2.1/thumb/v7e-m+fp/hard/crtbegin.o

.rodata         0x080075f0      0x840
                0x080075f0                        . = ALIGN (0x8)
 *(.rodata)
 *(.rodata*)
 .rodata.HAL_SD_ErrorCallback.str1.4
                0x080075f0      0x6c2 build/debug/SD_IO.o
                                  0xf (size before relaxing)
 .rodata.SD_IO_Init.str1.4
                0x08007cb2        0x0 build/debug/SD_IO.o
                                  0xe (size before relaxing)
 .rodata.SD_WriteUptime.str1.4
                0x08007cb2        0x0 build/debug/SD_IO.o
                                 0x9b (size before relaxing)
 .rodata.SD_ReadUptime.str1.4
                0x08007cb2        0x0 build/debug/SD_IO.o
                                 0x90 (size before relaxing)
 .rodata.RB_Write.str1.4
                0x08007cb2        0x0 build/debug/SD_Stream.o
                                 0x1d (size before relaxing)
 .rodata.SD_Stream_Init.str1.4
                0x08007cb2        0x0 build/debug/SD_Stream.o
                                 0x12 (size before relaxing)
 .rodata.SD_Stream_WriteHalf.str1.4
                0x08007cb2        0x0 build/debug/SD_Stream.o
                                 0x16 (size before relaxing)
 .rodata.SD_Stream_WriteSecondHalf.str1.4
                0x08007cb2        0x0 build/debug/SD_Stream.o
                                 0x1d (size before relaxing)
 .rodata.SD_Stream_Flush.str1.4
                0x08007cb2        0x0 build/debug/SD_Stream.o
                                0x159 (size before relaxing)
 .rodata.SD_Stream_ReadDebug.str1.4
                0x08007cb2        0x0 build/debug/SD_Stream.o
                                 0xa6 (size before relaxing)
 .rodata.Print_SD_Details.str1.4
                0x08007cb2        0x0 build/debug/main.o
                                 0x90 (size before relaxing)
 .rodata.SD_RawWriteTest.str1.4
                0x08007cb2        0x0 build/debug/main.o
                                0x149 (size before relaxing)
 .rodata.MX_SDMMC1_SD_Init.str1.4
                0x08007cb2        0x0 build/debug/main.o
                                  0xf (size before relaxing)
 .rodata.main.str1.4
                0x08007cb2        0x0 build/debug/main.o
                                 0xc4 (size before relaxing)
 .rodata.HardFault_Handler.str1.4
                0x08007cb2        0x0 build/debug/stm32l4xx_it.o
                                 0x56 (size before relaxing)
 *fill*         0x08007cb2        0x2 
 .rodata.MSIRangeTable
                0x08007cb4       0x30 build/debug/system_stm32l4xx.o
                0x08007cb4                MSIRangeTable
 .rodata.APBPrescTable
                0x08007ce4        0x8 build/debug/system_stm32l4xx.o
                0x08007ce4                APBPrescTable
 .rodata.AHBPrescTable
                0x08007cec       0x10 build/debug/system_stm32l4xx.o
                0x08007cec                AHBPrescTable
 .rodata._ctype_
                0x08007cfc      0x101 /home/glen/.config/Code/User/globalStorage/bmd.stm32-for-vscode/@xpack-dev-tools/arm-none-eabi-gcc/15.2.1-1.1.1/.content/bin/../lib/gcc/arm-none-eabi/15.2.1/../../../../arm-none-eabi/lib/thumb/v7e-m+fp/hard/libc_nano.a(libc_a-ctype_.o)
                0x08007cfc                _ctype_
 .rodata._svfprintf_r.str1.1
                0x08007dfd       0x33 /home/glen/.config/Code/User/globalStorage/bmd.stm32-for-vscode/@xpack-dev-tools/arm-none-eabi-gcc/15.2.1-1.1.1/.content/bin/../lib/gcc/arm-none-eabi/15.2.1/../../../../arm-none-eabi/lib/thumb/v7e-m+fp/hard/libc_nano.a(libc_a-nano-svfprintf.o)
                                 0x11 (size before relaxing)
 .rodata._printf_i.str1.1
                0x08007e30        0x0 /home/glen/.config/Code/User/globalStorage/bmd.stm32-for-vscode/@xpack-dev-tools/arm-none-eabi-gcc/15.2.1-1.1.1/.content/bin/../lib/gcc/arm-none-eabi/15.2.1/../../../../arm-none-eabi/lib/thumb/v7e-m+fp/hard/libc_nano.a(libc_a-nano-vfprintf_i.o)
                                 0x22 (size before relaxing)
                0x08007e30                        . = ALIGN (0x8)

.ARM.extab      0x08007e30        0x0
                0x08007e30                        . = ALIGN (0x8)
 *(.ARM.extab* .gnu.linkonce.armextab.*)
                0x08007e30                        . = ALIGN (0x8)

.ARM            0x08007e30        0x8
                0x08007e30                        . = ALIGN (0x8)
                0x08007e30                        __exidx_start = .
 *(.ARM.exidx*)
 .ARM.exidx     0x08007e30        0x8 /home/glen/.config/Code/User/globalStorage/bmd.stm32-for-vscode/@xpack-dev-tools/arm-none-eabi-gcc/15.2.1-1.1.1/.content/bin/../lib/gcc/arm-none-eabi/15.2.1/../../../../arm-none-eabi/lib/thumb/v7e-m+fp/hard/libc_nano.a(libc_a-strlen.o)
 .ARM.exidx     0x08007e38        0x0 /home/glen/.config/Code/User/globalStorage/bmd.stm32-for-vscode/@xpack-dev-tools/arm-none-eabi-gcc/15.2.1-1.1.1/.content/bin/../lib/gcc/arm-none-eabi/15.2.1/../../../../arm-none-eabi/lib/thumb/v7e-m+fp/hard/libc_nano.a(libc_a-memchr.o)
                                  0x8 (size before relaxing)
 .ARM.exidx.text.__udivmoddi4
                0x08007e38        0x0 /home/glen/.config/Code/User/globalStorage/bmd.stm32-for-vscode/@xpack-dev-tools/arm-none-eabi-gcc/15.2.1-1.1.1/.content/bin/../lib/gcc/arm-none-eabi/15.2.1/thumb/v7e-m+fp/hard/libgcc.a(_udivmoddi4.o)
                                  0x8 (size before relaxing)
                0x08007e38                        __exidx_end = .
                0x08007e38                        . = ALIGN (0x8)

.preinit_array  0x08007e38        0x0
                0x08007e38                        . = ALIGN (0x8)
                0x08007e38                        PROVIDE (__preinit_array_start = .)
 *(.preinit_array*)
                0x08007e38                        PROVIDE (__preinit_array_end = .)
                0x08007e38                        . = ALIGN (0x8)

.init_array     0x08007e38        0x8
                0x08007e38                        . = ALIGN (0x8)
                0x08007e38                        PROVIDE (__init_array_start = .)
 *(SORT_BY_NAME(.init_array.*))
 *(.init_array*)
 .init_array    0x08007e38        0x4 /home/glen/.config/Code/User/globalStorage/bmd.stm32-for-vscode/@xpack-dev-tools/arm-none-eabi-gcc/15.2.1-1.1.1/.content/bin/../lib/gcc/arm-none-eabi/15.2.1/thumb/v7e-m+fp/hard/crtbegin.o
                0x08007e3c                        PROVIDE (__init_array_end = .)
                0x08007e40                        . = ALIGN (0x8)
 *fill*         0x08007e3c        0x4 

.fini_array     0x08007e40        0x8
                0x08007e40                        . = ALIGN (0x8)
                0x08007e40                        PROVIDE (__fini_array_start = .)
 *(SORT_BY_NAME(.fini_array.*))
 *(.fini_array*)
 .fini_array    0x08007e40        0x4 /home/glen/.config/Code/User/globalStorage/bmd.stm32-for-vscode/@xpack-dev-tools/arm-none-eabi-gcc/15.2.1-1.1.1/.content/bin/../lib/gcc/arm-none-eabi/15.2.1/thumb/v7e-m+fp/hard/crtbegin.o
                0x08007e44                        PROVIDE (__fini_array_end = .)
                0x08007e48                        . = ALIGN (0x8)
 *fill*         0x08007e44        0x4 
                0x08007e48                        _sidata = LOADADDR (.data)

.rel.dyn        0x08007e48        0x0
 .rel.iplt      0x08007e48        0x0 /home/glen/.config/Code/User/globalStorage/bmd.stm32-for-vscode/@xpack-dev-tools/arm-none-eabi-gcc/15.2.1-1.1.1/.content/bin/../lib/gcc/arm-none-eabi/15.2.1/thumb/v7e-m+fp/hard/crtbegin.o

.data           0x20000000       0x60 load address 0x08007e48
                0x20000000                        . = ALIGN (0x8)
                0x20000000                        _sdata = .
 *(.data)
 *(.data*)
 .data.current_sector
                0x20000000        0x4 build/debug/SD_Stream.o
 .data.uwTickFreq
                0x20000004        0x1 build/debug/stm32l4xx_hal.o
                0x20000004                uwTickFreq
 *fill*         0x20000005        0x3 
 .data.uwTickPrio
                0x20000008        0x4 build/debug/stm32l4xx_hal.o
                0x20000008                uwTickPrio
 .data.SystemCoreClock
                0x2000000c        0x4 build/debug/system_stm32l4xx.o
                0x2000000c                SystemCoreClock
 .data._impure_ptr
                0x20000010        0x4 /home/glen/.config/Code/User/globalStorage/bmd.stm32-for-vscode/@xpack-dev-tools/arm-none-eabi-gcc/15.2.1-1.1.1/.content/bin/../lib/gcc/arm-none-eabi/15.2.1/../../../../arm-none-eabi/lib/thumb/v7e-m+fp/hard/libc_nano.a(libc_a-impure.o)
                0x20000010                _impure_ptr
 .data._impure_data
                0x20000014       0x4c /home/glen/.config/Code/User/globalStorage/bmd.stm32-for-vscode/@xpack-dev-tools/arm-none-eabi-gcc/15.2.1-1.1.1/.content/bin/../lib/gcc/arm-none-eabi/15.2.1/../../../../arm-none-eabi/lib/thumb/v7e-m+fp/hard/libc_nano.a(libc_a-impure.o)
                0x20000014                _impure_data
 *(.RamFunc)
 *(.RamFunc*)
                0x20000060                        . = ALIGN (0x8)
                0x20000060                        _edata = .

.igot.plt       0x20000060        0x0 load address 0x08007ea8
 .igot.plt      0x20000060        0x0 /home/glen/.config/Code/User/globalStorage/bmd.stm32-for-vscode/@xpack-dev-tools/arm-none-eabi-gcc/15.2.1-1.1.1/.content/bin/../lib/gcc/arm-none-eabi/15.2.1/thumb/v7e-m+fp/hard/crtbegin.o
                0x20000060                        . = ALIGN (0x4)

.bss            0x20000060     0x86e4 load address 0x08007ea8
                0x20000060                        _sbss = .
                0x20000060                        __bss_start__ = _sbss
 *(.bss)
 *(.bss*)
 .bss.completed.1
                0x20000060        0x1 /home/glen/.config/Code/User/globalStorage/bmd.stm32-for-vscode/@xpack-dev-tools/arm-none-eabi-gcc/15.2.1-1.1.1/.content/bin/../lib/gcc/arm-none-eabi/15.2.1/thumb/v7e-m+fp/hard/crtbegin.o
 *fill*         0x20000061        0x3 
 .bss.object.0  0x20000064       0x18 /home/glen/.config/Code/User/globalStorage/bmd.stm32-for-vscode/@xpack-dev-tools/arm-none-eabi-gcc/15.2.1-1.1.1/.content/bin/../lib/gcc/arm-none-eabi/15.2.1/thumb/v7e-m+fp/hard/crtbegin.o
 .bss._uart     0x2000007c        0x4 build/debug/SD_IO.o
 .bss.SD_RxDone
                0x20000080        0x1 build/debug/SD_IO.o
 .bss.SD_TxDone
                0x20000081        0x1 build/debug/SD_IO.o
 *fill*         0x20000082        0x2 
 .bss.rxBuf     0x20000084      0x200 build/debug/SD_IO.o
 .bss.read_buf.0
                0x20000284      0x200 build/debug/SD_Stream.o
 .bss._uart     0x20000484        0x4 build/debug/SD_Stream.o
 .bss.sd_write_buf
                0x20000488     0x1800 build/debug/SD_Stream.o
 .bss.rb_tail   0x20001c88        0x4 build/debug/SD_Stream.o
 .bss.rb_head   0x20001c8c        0x4 build/debug/SD_Stream.o
 .bss.ring_buffer
                0x20001c90     0x3000 build/debug/SD_Stream.o
 .bss.dataReady
                0x20004c90        0x1 build/debug/main.o
                0x20004c90                dataReady
 *fill*         0x20004c91        0x1 
 .bss.rxLen     0x20004c92        0x2 build/debug/main.o
                0x20004c92                rxLen
 .bss.rxBuffer  0x20004c94     0x3000 build/debug/main.o
                0x20004c94                rxBuffer
 .bss.cb_write_second_half
                0x20007c94        0x1 build/debug/main.o
                0x20007c94                cb_write_second_half
 .bss.cb_write_first_half
                0x20007c95        0x1 build/debug/main.o
                0x20007c95                cb_write_first_half
 .bss.wake_source
                0x20007c96        0x1 build/debug/main.o
                0x20007c96                wake_source
 *fill*         0x20007c97        0x1 
 .bss.total_uptime
                0x20007c98        0x4 build/debug/main.o
                0x20007c98                total_uptime
 .bss.hspi1     0x20007c9c       0x64 build/debug/main.o
                0x20007c9c                hspi1
 .bss.hdma_sdmmc1_tx
                0x20007d00       0x48 build/debug/main.o
                0x20007d00                hdma_sdmmc1_tx
 .bss.hdma_sdmmc1_rx
                0x20007d48       0x48 build/debug/main.o
                0x20007d48                hdma_sdmmc1_rx
 .bss.hsd1      0x20007d90       0x84 build/debug/main.o
                0x20007d90                hsd1
 .bss.hrtc      0x20007e14       0x24 build/debug/main.o
                0x20007e14                hrtc
 .bss.hdma_usart1_rx
                0x20007e38       0x48 build/debug/main.o
                0x20007e38                hdma_usart1_rx
 .bss.huart3    0x20007e80       0x88 build/debug/main.o
                0x20007e80                huart3
 .bss.huart2    0x20007f08       0x88 build/debug/main.o
                0x20007f08                huart2
 .bss.huart1    0x20007f90       0x88 build/debug/main.o
                0x20007f90                huart1
 .bss.hlpuart1  0x20008018       0x88 build/debug/main.o
                0x20008018                hlpuart1
 .bss.hi2c2     0x200080a0       0x54 build/debug/main.o
                0x200080a0                hi2c2
 .bss.lora_rx_ready
                0x200080f4        0x1 build/debug/main.o
                0x200080f4                lora_rx_ready
 *fill*         0x200080f5        0x1 
 .bss.lora_rx_len
                0x200080f6        0x2 build/debug/main.o
                0x200080f6                lora_rx_len
 .bss.lora_rx_buf
                0x200080f8       0xfa build/debug/main.o
                0x200080f8                lora_rx_buf
 *fill*         0x200081f2        0x2 
 .bss.readBuf   0x200081f4      0x200 build/debug/main.o
 .bss.writeBuf  0x200083f4      0x200 build/debug/main.o
 .bss.uwTick    0x200085f4        0x4 build/debug/stm32l4xx_hal.o
                0x200085f4                uwTick
 .bss.__sbrk_heap_end
                0x200085f8        0x4 build/debug/sysmem.o
 .bss.__sf      0x200085fc      0x138 /home/glen/.config/Code/User/globalStorage/bmd.stm32-for-vscode/@xpack-dev-tools/arm-none-eabi-gcc/15.2.1-1.1.1/.content/bin/../lib/gcc/arm-none-eabi/15.2.1/../../../../arm-none-eabi/lib/thumb/v7e-m+fp/hard/libc_nano.a(libc_a-findfp.o)
                0x200085fc                __sf
 .bss.errno     0x20008734        0x4 /home/glen/.config/Code/User/globalStorage/bmd.stm32-for-vscode/@xpack-dev-tools/arm-none-eabi-gcc/15.2.1-1.1.1/.content/bin/../lib/gcc/arm-none-eabi/15.2.1/../../../../arm-none-eabi/lib/thumb/v7e-m+fp/hard/libc_nano.a(libc_a-reent.o)
                0x20008734                errno
 .bss.__lock___malloc_recursive_mutex
                0x20008738        0x1 /home/glen/.config/Code/User/globalStorage/bmd.stm32-for-vscode/@xpack-dev-tools/arm-none-eabi-gcc/15.2.1-1.1.1/.content/bin/../lib/gcc/arm-none-eabi/15.2.1/../../../../arm-none-eabi/lib/thumb/v7e-m+fp/hard/libc_nano.a(libc_a-lock.o)
                0x20008738                __lock___malloc_recursive_mutex
 *fill*         0x20008739        0x3 
 .bss.__malloc_sbrk_start
                0x2000873c        0x4 /home/glen/.config/Code/User/globalStorage/bmd.stm32-for-vscode/@xpack-dev-tools/arm-none-eabi-gcc/15.2.1-1.1.1/.content/bin/../lib/gcc/arm-none-eabi/15.2.1/../../../../arm-none-eabi/lib/thumb/v7e-m+fp/hard/libc_nano.a(libc_a-mallocr.o)
                0x2000873c                __malloc_sbrk_start
 .bss.__malloc_free_list
                0x20008740        0x4 /home/glen/.config/Code/User/globalStorage/bmd.stm32-for-vscode/@xpack-dev-tools/arm-none-eabi-gcc/15.2.1-1.1.1/.content/bin/../lib/gcc/arm-none-eabi/15.2.1/../../../../arm-none-eabi/lib/thumb/v7e-m+fp/hard/libc_nano.a(libc_a-mallocr.o)
                0x20008740                __malloc_free_list
 *(COMMON)
                0x20008744                        . = ALIGN (0x4)
                0x20008744                        _ebss = .
                0x20008744                        __bss_end__ = _ebss

._user_heap_stack
                0x20008744      0x604 load address 0x08007ea8
                0x20008748                        . = ALIGN (0x8)
 *fill*         0x20008744        0x4 
                [!provide]                        PROVIDE (end = .)
                0x20008748                        PROVIDE (_end = .)
                0x20008948                        . = (. + _Min_Heap_Size)
 *fill*         0x20008748      0x200 
                0x20008d48                        . = (. + _Min_Stack_Size)
 *fill*         0x20008948      0x400 
                0x20008d48                        . = ALIGN (0x8)

/DISCARD/
 libc.a(*)
 libm.a(*)
 libgcc.a(*)
OUTPUT(build/debug/L4_V3.elf elf32-littlearm)
LOAD linker stubs
LOAD /home/glen/.config/Code/User/globalStorage/bmd.stm32-for-vscode/@xpack-dev-tools/arm-none-eabi-gcc/15.2.1-1.1.1/.content/bin/../lib/gcc/arm-none-eabi/15.2.1/../../../../arm-none-eabi/lib/thumb/v7e-m+fp/hard/libc.a
LOAD /home/glen/.config/Code/User/globalStorage/bmd.stm32-for-vscode/@xpack-dev-tools/arm-none-eabi-gcc/15.2.1-1.1.1/.content/bin/../lib/gcc/arm-none-eabi/15.2.1/../../../../arm-none-eabi/lib/thumb/v7e-m+fp/hard/libm.a
LOAD /home/glen/.config/Code/User/globalStorage/bmd.stm32-for-vscode/@xpack-dev-tools/arm-none-eabi-gcc/15.2.1-1.1.1/.content/bin/../lib/gcc/arm-none-eabi/15.2.1/thumb/v7e-m+fp/hard/libgcc.a

.ARM.attributes
                0x00000000       0x30
 .ARM.attributes
                0x00000000       0x22 /home/glen/.config/Code/User/globalStorage/bmd.stm32-for-vscode/@xpack-dev-tools/arm-none-eabi-gcc/15.2.1-1.1.1/.content/bin/../lib/gcc/arm-none-eabi/15.2.1/thumb/v7e-m+fp/hard/crti.o
 .ARM.attributes
                0x00000022       0x34 /home/glen/.config/Code/User/globalStorage/bmd.stm32-for-vscode/@xpack-dev-tools/arm-none-eabi-gcc/15.2.1-1.1.1/.content/bin/../lib/gcc/arm-none-eabi/15.2.1/thumb/v7e-m+fp/hard/crtbegin.o
 .ARM.attributes
                0x00000056       0x34 build/debug/SD_IO.o
 .ARM.attributes
                0x0000008a       0x34 build/debug/SD_Stream.o
 .ARM.attributes
                0x000000be       0x34 build/debug/main.o
 .ARM.attributes
                0x000000f2       0x34 build/debug/stm32l4xx_hal.o
 .ARM.attributes
                0x00000126       0x34 build/debug/stm32l4xx_hal_cortex.o
 .ARM.attributes
                0x0000015a       0x34 build/debug/stm32l4xx_hal_dma.o
 .ARM.attributes
                0x0000018e       0x34 build/debug/stm32l4xx_hal_gpio.o
 .ARM.attributes
                0x000001c2       0x34 build/debug/stm32l4xx_hal_i2c.o
 .ARM.attributes
                0x000001f6       0x34 build/debug/stm32l4xx_hal_i2c_ex.o
 .ARM.attributes
                0x0000022a       0x34 build/debug/stm32l4xx_hal_msp.o
 .ARM.attributes
                0x0000025e       0x34 build/debug/stm32l4xx_hal_pwr.o
 .ARM.attributes
                0x00000292       0x34 build/debug/stm32l4xx_hal_pwr_ex.o
 .ARM.attributes
                0x000002c6       0x34 build/debug/stm32l4xx_hal_rcc.o
 .ARM.attributes
                0x000002fa       0x34 build/debug/stm32l4xx_hal_rcc_ex.o
 .ARM.attributes
                0x0000032e       0x34 build/debug/stm32l4xx_hal_rtc.o
 .ARM.attributes
                0x00000362       0x34 build/debug/stm32l4xx_hal_rtc_ex.o
 .ARM.attributes
                0x00000396       0x34 build/debug/stm32l4xx_hal_sd.o
 .ARM.attributes
                0x000003ca       0x34 build/debug/stm32l4xx_hal_spi.o
 .ARM.attributes
                0x000003fe       0x34 build/debug/stm32l4xx_hal_uart.o
 .ARM.attributes
                0x00000432       0x34 build/debug/stm32l4xx_hal_uart_ex.o
 .ARM.attributes
                0x00000466       0x34 build/debug/stm32l4xx_it.o
 .ARM.attributes
                0x0000049a       0x34 build/debug/stm32l4xx_ll_sdmmc.o
 .ARM.attributes
                0x000004ce       0x34 build/debug/sysmem.o
 .ARM.attributes
                0x00000502       0x34 build/debug/system_stm32l4xx.o
 .ARM.attributes
                0x00000536       0x21 build/debug/startup_stm32l476xx.o
 .ARM.attributes
                0x00000557       0x34 /home/glen/.config/Code/User/globalStorage/bmd.stm32-for-vscode/@xpack-dev-tools/arm-none-eabi-gcc/15.2.1-1.1.1/.content/bin/../lib/gcc/arm-none-eabi/15.2.1/../../../../arm-none-eabi/lib/thumb/v7e-m+fp/hard/libc_nano.a(libc_a-strtoul.o)
 .ARM.attributes
                0x0000058b       0x34 /home/glen/.config/Code/User/globalStorage/bmd.stm32-for-vscode/@xpack-dev-tools/arm-none-eabi-gcc/15.2.1-1.1.1/.content/bin/../lib/gcc/arm-none-eabi/15.2.1/../../../../arm-none-eabi/lib/thumb/v7e-m+fp/hard/libc_nano.a(libc_a-ctype_.o)
 .ARM.attributes
                0x000005bf       0x34 /home/glen/.config/Code/User/globalStorage/bmd.stm32-for-vscode/@xpack-dev-tools/arm-none-eabi-gcc/15.2.1-1.1.1/.content/bin/../lib/gcc/arm-none-eabi/15.2.1/../../../../arm-none-eabi/lib/thumb/v7e-m+fp/hard/libc_nano.a(libc_a-findfp.o)
 .ARM.attributes
                0x000005f3       0x34 /home/glen/.config/Code/User/globalStorage/bmd.stm32-for-vscode/@xpack-dev-tools/arm-none-eabi-gcc/15.2.1-1.1.1/.content/bin/../lib/gcc/arm-none-eabi/15.2.1/../../../../arm-none-eabi/lib/thumb/v7e-m+fp/hard/libc_nano.a(libc_a-snprintf.o)
 .ARM.attributes
                0x00000627       0x34 /home/glen/.config/Code/User/globalStorage/bmd.stm32-for-vscode/@xpack-dev-tools/arm-none-eabi-gcc/15.2.1-1.1.1/.content/bin/../lib/gcc/arm-none-eabi/15.2.1/../../../../arm-none-eabi/lib/thumb/v7e-m+fp/hard/libc_nano.a(libc_a-sprintf.o)
 .ARM.attributes
                0x0000065b       0x34 /home/glen/.config/Code/User/globalStorage/bmd.stm32-for-vscode/@xpack-dev-tools/arm-none-eabi-gcc/15.2.1-1.1.1/.content/bin/../lib/gcc/arm-none-eabi/15.2.1/../../../../arm-none-eabi/lib/thumb/v7e-m+fp/hard/libc_nano.a(libc_a-memset.o)
 .ARM.attributes
                0x0000068f       0x34 /home/glen/.config/Code/User/globalStorage/bmd.stm32-for-vscode/@xpack-dev-tools/arm-none-eabi-gcc/15.2.1-1.1.1/.content/bin/../lib/gcc/arm-none-eabi/15.2.1/../../../../arm-none-eabi/lib/thumb/v7e-m+fp/hard/libc_nano.a(libc_a-strstr.o)
 .ARM.attributes
                0x000006c3       0x34 /home/glen/.config/Code/User/globalStorage/bmd.stm32-for-vscode/@xpack-dev-tools/arm-none-eabi-gcc/15.2.1-1.1.1/.content/bin/../lib/gcc/arm-none-eabi/15.2.1/../../../../arm-none-eabi/lib/thumb/v7e-m+fp/hard/libc_nano.a(libc_a-reent.o)
 .ARM.attributes
                0x000006f7       0x34 /home/glen/.config/Code/User/globalStorage/bmd.stm32-for-vscode/@xpack-dev-tools/arm-none-eabi-gcc/15.2.1-1.1.1/.content/bin/../lib/gcc/arm-none-eabi/15.2.1/../../../../arm-none-eabi/lib/thumb/v7e-m+fp/hard/libc_nano.a(libc_a-impure.o)
 .ARM.attributes
                0x0000072b       0x34 /home/glen/.config/Code/User/globalStorage/bmd.stm32-for-vscode/@xpack-dev-tools/arm-none-eabi-gcc/15.2.1-1.1.1/.content/bin/../lib/gcc/arm-none-eabi/15.2.1/../../../../arm-none-eabi/lib/thumb/v7e-m+fp/hard/libc_nano.a(libc_a-errno.o)
 .ARM.attributes
                0x0000075f       0x34 /home/glen/.config/Code/User/globalStorage/bmd.stm32-for-vscode/@xpack-dev-tools/arm-none-eabi-gcc/15.2.1-1.1.1/.content/bin/../lib/gcc/arm-none-eabi/15.2.1/../../../../arm-none-eabi/lib/thumb/v7e-m+fp/hard/libc_nano.a(libc_a-init.o)
 .ARM.attributes
                0x00000793       0x34 /home/glen/.config/Code/User/globalStorage/bmd.stm32-for-vscode/@xpack-dev-tools/arm-none-eabi-gcc/15.2.1-1.1.1/.content/bin/../lib/gcc/arm-none-eabi/15.2.1/../../../../arm-none-eabi/lib/thumb/v7e-m+fp/hard/libc_nano.a(libc_a-lock.o)
 .ARM.attributes
                0x000007c7       0x34 /home/glen/.config/Code/User/globalStorage/bmd.stm32-for-vscode/@xpack-dev-tools/arm-none-eabi-gcc/15.2.1-1.1.1/.content/bin/../lib/gcc/arm-none-eabi/15.2.1/../../../../arm-none-eabi/lib/thumb/v7e-m+fp/hard/libc_nano.a(libc_a-memcpy-stub.o)
 .ARM.attributes
                0x000007fb       0x17 /home/glen/.config/Code/User/globalStorage/bmd.stm32-for-vscode/@xpack-dev-tools/arm-none-eabi-gcc/15.2.1-1.1.1/.content/bin/../lib/gcc/arm-none-eabi/15.2.1/../../../../arm-none-eabi/lib/thumb/v7e-m+fp/hard/libc_nano.a(libc_a-strlen.o)
 .ARM.attributes
                0x00000812       0x34 /home/glen/.config/Code/User/globalStorage/bmd.stm32-for-vscode/@xpack-dev-tools/arm-none-eabi-gcc/15.2.1-1.1.1/.content/bin/../lib/gcc/arm-none-eabi/15.2.1/../../../../arm-none-eabi/lib/thumb/v7e-m+fp/hard/libc_nano.a(libc_a-freer.o)
 .ARM.attributes
                0x00000846       0x34 /home/glen/.config/Code/User/globalStorage/bmd.stm32-for-vscode/@xpack-dev-tools/arm-none-eabi-gcc/15.2.1-1.1.1/.content/bin/../lib/gcc/arm-none-eabi/15.2.1/../../../../arm-none-eabi/lib/thumb/v7e-m+fp/hard/libc_nano.a(libc_a-mallocr.o)
 .ARM.attributes
                0x0000087a       0x34 /home/glen/.config/Code/User/globalStorage/bmd.stm32-for-vscode/@xpack-dev-tools/arm-none-eabi-gcc/15.2.1-1.1.1/.content/bin/../lib/gcc/arm-none-eabi/15.2.1/../../../../arm-none-eabi/lib/thumb/v7e-m+fp/hard/libc_nano.a(libc_a-mlock.o)
 .ARM.attributes
                0x000008ae       0x34 /home/glen/.config/Code/User/globalStorage/bmd.stm32-for-vscode/@xpack-dev-tools/arm-none-eabi-gcc/15.2.1-1.1.1/.content/bin/../lib/gcc/arm-none-eabi/15.2.1/../../../../arm-none-eabi/lib/thumb/v7e-m+fp/hard/libc_nano.a(libc_a-nano-svfprintf.o)
 .ARM.attributes
                0x000008e2       0x34 /home/glen/.config/Code/User/globalStorage/bmd.stm32-for-vscode/@xpack-dev-tools/arm-none-eabi-gcc/15.2.1-1.1.1/.content/bin/../lib/gcc/arm-none-eabi/15.2.1/../../../../arm-none-eabi/lib/thumb/v7e-m+fp/hard/libc_nano.a(libc_a-nano-vfprintf_i.o)
 .ARM.attributes
                0x00000916       0x34 /home/glen/.config/Code/User/globalStorage/bmd.stm32-for-vscode/@xpack-dev-tools/arm-none-eabi-gcc/15.2.1-1.1.1/.content/bin/../lib/gcc/arm-none-eabi/15.2.1/../../../../arm-none-eabi/lib/thumb/v7e-m+fp/hard/libc_nano.a(libc_a-memmove.o)
 .ARM.attributes
                0x0000094a       0x34 /home/glen/.config/Code/User/globalStorage/bmd.stm32-for-vscode/@xpack-dev-tools/arm-none-eabi-gcc/15.2.1-1.1.1/.content/bin/../lib/gcc/arm-none-eabi/15.2.1/../../../../arm-none-eabi/lib/thumb/v7e-m+fp/hard/libc_nano.a(libc_a-sbrkr.o)
 .ARM.attributes
                0x0000097e       0x1c /home/glen/.config/Code/User/globalStorage/bmd.stm32-for-vscode/@xpack-dev-tools/arm-none-eabi-gcc/15.2.1-1.1.1/.content/bin/../lib/gcc/arm-none-eabi/15.2.1/../../../../arm-none-eabi/lib/thumb/v7e-m+fp/hard/libc_nano.a(libc_a-memchr.o)
 .ARM.attributes
                0x0000099a       0x34 /home/glen/.config/Code/User/globalStorage/bmd.stm32-for-vscode/@xpack-dev-tools/arm-none-eabi-gcc/15.2.1-1.1.1/.content/bin/../lib/gcc/arm-none-eabi/15.2.1/../../../../arm-none-eabi/lib/thumb/v7e-m+fp/hard/libc_nano.a(libc_a-reallocr.o)
 .ARM.attributes
                0x000009ce       0x34 /home/glen/.config/Code/User/globalStorage/bmd.stm32-for-vscode/@xpack-dev-tools/arm-none-eabi-gcc/15.2.1-1.1.1/.content/bin/../lib/gcc/arm-none-eabi/15.2.1/../../../../arm-none-eabi/lib/thumb/v7e-m+fp/hard/libc_nano.a(libc_a-msizer.o)
 .ARM.attributes
                0x00000a02       0x22 /home/glen/.config/Code/User/globalStorage/bmd.stm32-for-vscode/@xpack-dev-tools/arm-none-eabi-gcc/15.2.1-1.1.1/.content/bin/../lib/gcc/arm-none-eabi/15.2.1/thumb/v7e-m+fp/hard/libgcc.a(_aeabi_uldivmod.o)
 .ARM.attributes
                0x00000a24       0x34 /home/glen/.config/Code/User/globalStorage/bmd.stm32-for-vscode/@xpack-dev-tools/arm-none-eabi-gcc/15.2.1-1.1.1/.content/bin/../lib/gcc/arm-none-eabi/15.2.1/thumb/v7e-m+fp/hard/libgcc.a(_udivmoddi4.o)
 .ARM.attributes
                0x00000a58       0x22 /home/glen/.config/Code/User/globalStorage/bmd.stm32-for-vscode/@xpack-dev-tools/arm-none-eabi-gcc/15.2.1-1.1.1/.content/bin/../lib/gcc/arm-none-eabi/15.2.1/thumb/v7e-m+fp/hard/libgcc.a(_dvmd_tls.o)
 .ARM.attributes
                0x00000a7a       0x22 /home/glen/.config/Code/User/globalStorage/bmd.stm32-for-vscode/@xpack-dev-tools/arm-none-eabi-gcc/15.2.1-1.1.1/.content/bin/../lib/gcc/arm-none-eabi/15.2.1/thumb/v7e-m+fp/hard/crtn.o

.comment        0x00000000       0x39
 .comment       0x00000000       0x39 /home/glen/.config/Code/User/globalStorage/bmd.stm32-for-vscode/@xpack-dev-tools/arm-none-eabi-gcc/15.2.1-1.1.1/.content/bin/../lib/gcc/arm-none-eabi/15.2.1/thumb/v7e-m+fp/hard/crtbegin.o
                                 0x3a (size before relaxing)
 .comment       0x00000039        0x0 build/debug/SD_IO.o
                                 0x3a (size before relaxing)
 .comment       0x00000039        0x0 build/debug/SD_Stream.o
                                 0x3a (size before relaxing)
 .comment       0x00000039        0x0 build/debug/main.o
                                 0x3a (size before relaxing)
 .comment       0x00000039        0x0 build/debug/stm32l4xx_hal.o
                                 0x3a (size before relaxing)
 .comment       0x00000039        0x0 build/debug/stm32l4xx_hal_cortex.o
                                 0x3a (size before relaxing)
 .comment       0x00000039        0x0 build/debug/stm32l4xx_hal_dma.o
                                 0x3a (size before relaxing)
 .comment       0x00000039        0x0 build/debug/stm32l4xx_hal_gpio.o
                                 0x3a (size before relaxing)
 .comment       0x00000039        0x0 build/debug/stm32l4xx_hal_i2c.o
                                 0x3a (size before relaxing)
 .comment       0x00000039        0x0 build/debug/stm32l4xx_hal_i2c_ex.o
                                 0x3a (size before relaxing)
 .comment       0x00000039        0x0 build/debug/stm32l4xx_hal_msp.o
                                 0x3a (size before relaxing)
 .comment       0x00000039        0x0 build/debug/stm32l4xx_hal_pwr.o
                                 0x3a (size before relaxing)
 .comment       0x00000039        0x0 build/debug/stm32l4xx_hal_pwr_ex.o
                                 0x3a (size before relaxing)
 .comment       0x00000039        0x0 build/debug/stm32l4xx_hal_rcc.o
                                 0x3a (size before relaxing)
 .comment       0x00000039        0x0 build/debug/stm32l4xx_hal_rcc_ex.o
                                 0x3a (size before relaxing)
 .comment       0x00000039        0x0 build/debug/stm32l4xx_hal_rtc.o
                                 0x3a (size before relaxing)
 .comment       0x00000039        0x0 build/debug/stm32l4xx_hal_rtc_ex.o
                                 0x3a (size before relaxing)
 .comment       0x00000039        0x0 build/debug/stm32l4xx_hal_sd.o
                                 0x3a (size before relaxing)
 .comment       0x00000039        0x0 build/debug/stm32l4xx_hal_spi.o
                                 0x3a (size before relaxing)
 .comment       0x00000039        0x0 build/debug/stm32l4xx_hal_uart.o
                                 0x3a (size before relaxing)
 .comment       0x00000039        0x0 build/debug/stm32l4xx_hal_uart_ex.o
                                 0x3a (size before relaxing)
 .comment       0x00000039        0x0 build/debug/stm32l4xx_it.o
                                 0x3a (size before relaxing)
 .comment       0x00000039        0x0 build/debug/stm32l4xx_ll_sdmmc.o
                                 0x3a (size before relaxing)
 .comment       0x00000039        0x0 build/debug/sysmem.o
                                 0x3a (size before relaxing)
 .comment       0x00000039        0x0 build/debug/system_stm32l4xx.o
                                 0x3a (size before relaxing)
 .comment       0x00000039        0x0 /home/glen/.config/Code/User/globalStorage/bmd.stm32-for-vscode/@xpack-dev-tools/arm-none-eabi-gcc/15.2.1-1.1.1/.content/bin/../lib/gcc/arm-none-eabi/15.2.1/../../../../arm-none-eabi/lib/thumb/v7e-m+fp/hard/libc_nano.a(libc_a-strtoul.o)
                                 0x3a (size before relaxing)
 .comment       0x00000039        0x0 /home/glen/.config/Code/User/globalStorage/bmd.stm32-for-vscode/@xpack-dev-tools/arm-none-eabi-gcc/15.2.1-1.1.1/.content/bin/../lib/gcc/arm-none-eabi/15.2.1/../../../../arm-none-eabi/lib/thumb/v7e-m+fp/hard/libc_nano.a(libc_a-ctype_.o)
                                 0x3a (size before relaxing)
 .comment       0x00000039        0x0 /home/glen/.config/Code/User/globalStorage/bmd.stm32-for-vscode/@xpack-dev-tools/arm-none-eabi-gcc/15.2.1-1.1.1/.content/bin/../lib/gcc/arm-none-eabi/15.2.1/../../../../arm-none-eabi/lib/thumb/v7e-m+fp/hard/libc_nano.a(libc_a-findfp.o)
                                 0x3a (size before relaxing)
 .comment       0x00000039        0x0 /home/glen/.config/Code/User/globalStorage/bmd.stm32-for-vscode/@xpack-dev-tools/arm-none-eabi-gcc/15.2.1-1.1.1/.content/bin/../lib/gcc/arm-none-eabi/15.2.1/../../../../arm-none-eabi/lib/thumb/v7e-m+fp/hard/libc_nano.a(libc_a-snprintf.o)
                                 0x3a (size before relaxing)
 .comment       0x00000039        0x0 /home/glen/.config/Code/User/globalStorage/bmd.stm32-for-vscode/@xpack-dev-tools/arm-none-eabi-gcc/15.2.1-1.1.1/.content/bin/../lib/gcc/arm-none-eabi/15.2.1/../../../../arm-none-eabi/lib/thumb/v7e-m+fp/hard/libc_nano.a(libc_a-sprintf.o)
                                 0x3a (size before relaxing)
 .comment       0x00000039        0x0 /home/glen/.config/Code/User/globalStorage/bmd.stm32-for-vscode/@xpack-dev-tools/arm-none-eabi-gcc/15.2.1-1.1.1/.content/bin/../lib/gcc/arm-none-eabi/15.2.1/../../../../arm-none-eabi/lib/thumb/v7e-m+fp/hard/libc_nano.a(libc_a-memset.o)
                                 0x3a (size before relaxing)
 .comment       0x00000039        0x0 /home/glen/.config/Code/User/globalStorage/bmd.stm32-for-vscode/@xpack-dev-tools/arm-none-eabi-gcc/15.2.1-1.1.1/.content/bin/../lib/gcc/arm-none-eabi/15.2.1/../../../../arm-none-eabi/lib/thumb/v7e-m+fp/hard/libc_nano.a(libc_a-strstr.o)
                                 0x3a (size before relaxing)
 .comment       0x00000039        0x0 /home/glen/.config/Code/User/globalStorage/bmd.stm32-for-vscode/@xpack-dev-tools/arm-none-eabi-gcc/15.2.1-1.1.1/.content/bin/../lib/gcc/arm-none-eabi/15.2.1/../../../../arm-none-eabi/lib/thumb/v7e-m+fp/hard/libc_nano.a(libc_a-reent.o)
                                 0x3a (size before relaxing)
 .comment       0x00000039        0x0 /home/glen/.config/Code/User/globalStorage/bmd.stm32-for-vscode/@xpack-dev-tools/arm-none-eabi-gcc/15.2.1-1.1.1/.content/bin/../lib/gcc/arm-none-eabi/15.2.1/../../../../arm-none-eabi/lib/thumb/v7e-m+fp/hard/libc_nano.a(libc_a-impure.o)
                                 0x3a (size before relaxing)
 .comment       0x00000039        0x0 /home/glen/.config/Code/User/globalStorage/bmd.stm32-for-vscode/@xpack-dev-tools/arm-none-eabi-gcc/15.2.1-1.1.1/.content/bin/../lib/gcc/arm-none-eabi/15.2.1/../../../../arm-none-eabi/lib/thumb/v7e-m+fp/hard/libc_nano.a(libc_a-errno.o)
                                 0x3a (size before relaxing)
 .comment       0x00000039        0x0 /home/glen/.config/Code/User/globalStorage/bmd.stm32-for-vscode/@xpack-dev-tools/arm-none-eabi-gcc/15.2.1-1.1.1/.content/bin/../lib/gcc/arm-none-eabi/15.2.1/../../../../arm-none-eabi/lib/thumb/v7e-m+fp/hard/libc_nano.a(libc_a-init.o)
                                 0x3a (size before relaxing)
 .comment       0x00000039        0x0 /home/glen/.config/Code/User/globalStorage/bmd.stm32-for-vscode/@xpack-dev-tools/arm-none-eabi-gcc/15.2.1-1.1.1/.content/bin/../lib/gcc/arm-none-eabi/15.2.1/../../../../arm-none-eabi/lib/thumb/v7e-m+fp/hard/libc_nano.a(libc_a-lock.o)
                                 0x3a (size before relaxing)
 .comment       0x00000039        0x0 /home/glen/.config/Code/User/globalStorage/bmd.stm32-for-vscode/@xpack-dev-tools/arm-none-eabi-gcc/15.2.1-1.1.1/.content/bin/../lib/gcc/arm-none-eabi/15.2.1/../../../../arm-none-eabi/lib/thumb/v7e-m+fp/hard/libc_nano.a(libc_a-memcpy-stub.o)
                                 0x3a (size before relaxing)
 .comment       0x00000039        0x0 /home/glen/.config/Code/User/globalStorage/bmd.stm32-for-vscode/@xpack-dev-tools/arm-none-eabi-gcc/15.2.1-1.1.1/.content/bin/../lib/gcc/arm-none-eabi/15.2.1/../../../../arm-none-eabi/lib/thumb/v7e-m+fp/hard/libc_nano.a(libc_a-freer.o)
                                 0x3a (size before relaxing)
 .comment       0x00000039        0x0 /home/glen/.config/Code/User/globalStorage/bmd.stm32-for-vscode/@xpack-dev-tools/arm-none-eabi-gcc/15.2.1-1.1.1/.content/bin/../lib/gcc/arm-none-eabi/15.2.1/../../../../arm-none-eabi/lib/thumb/v7e-m+fp/hard/libc_nano.a(libc_a-mallocr.o)
                                 0x3a (size before relaxing)
 .comment       0x00000039        0x0 /home/glen/.config/Code/User/globalStorage/bmd.stm32-for-vscode/@xpack-dev-tools/arm-none-eabi-gcc/15.2.1-1.1.1/.content/bin/../lib/gcc/arm-none-eabi/15.2.1/../../../../arm-none-eabi/lib/thumb/v7e-m+fp/hard/libc_nano.a(libc_a-mlock.o)
                                 0x3a (size before relaxing)
 .comment       0x00000039        0x0 /home/glen/.config/Code/User/globalStorage/bmd.stm32-for-vscode/@xpack-dev-tools/arm-none-eabi-gcc/15.2.1-1.1.1/.content/bin/../lib/gcc/arm-none-eabi/15.2.1/../../../../arm-none-eabi/lib/thumb/v7e-m+fp/hard/libc_nano.a(libc_a-nano-svfprintf.o)
                                 0x3a (size before relaxing)
 .comment       0x00000039        0x0 /home/glen/.config/Code/User/globalStorage/bmd.stm32-for-vscode/@xpack-dev-tools/arm-none-eabi-gcc/15.2.1-1.1.1/.content/bin/../lib/gcc/arm-none-eabi/15.2.1/../../../../arm-none-eabi/lib/thumb/v7e-m+fp/hard/libc_nano.a(libc_a-nano-vfprintf_i.o)
                                 0x3a (size before relaxing)
 .comment       0x00000039        0x0 /home/glen/.config/Code/User/globalStorage/bmd.stm32-for-vscode/@xpack-dev-tools/arm-none-eabi-gcc/15.2.1-1.1.1/.content/bin/../lib/gcc/arm-none-eabi/15.2.1/../../../../arm-none-eabi/lib/thumb/v7e-m+fp/hard/libc_nano.a(libc_a-memmove.o)
                                 0x3a (size before relaxing)
 .comment       0x00000039        0x0 /home/glen/.config/Code/User/globalStorage/bmd.stm32-for-vscode/@xpack-dev-tools/arm-none-eabi-gcc/15.2.1-1.1.1/.content/bin/../lib/gcc/arm-none-eabi/15.2.1/../../../../arm-none-eabi/lib/thumb/v7e-m+fp/hard/libc_nano.a(libc_a-sbrkr.o)
                                 0x3a (size before relaxing)
 .comment       0x00000039        0x0 /home/glen/.config/Code/User/globalStorage/bmd.stm32-for-vscode/@xpack-dev-tools/arm-none-eabi-gcc/15.2.1-1.1.1/.content/bin/../lib/gcc/arm-none-eabi/15.2.1/../../../../arm-none-eabi/lib/thumb/v7e-m+fp/hard/libc_nano.a(libc_a-reallocr.o)
                                 0x3a (size before relaxing)
 .comment       0x00000039        0x0 /home/glen/.config/Code/User/globalStorage/bmd.stm32-for-vscode/@xpack-dev-tools/arm-none-eabi-gcc/15.2.1-1.1.1/.content/bin/../lib/gcc/arm-none-eabi/15.2.1/../../../../arm-none-eabi/lib/thumb/v7e-m+fp/hard/libc_nano.a(libc_a-msizer.o)
                                 0x3a (size before relaxing)
 .comment       0x00000039        0x0 /home/glen/.config/Code/User/globalStorage/bmd.stm32-for-vscode/@xpack-dev-tools/arm-none-eabi-gcc/15.2.1-1.1.1/.content/bin/../lib/gcc/arm-none-eabi/15.2.1/thumb/v7e-m+fp/hard/libgcc.a(_udivmoddi4.o)
                                 0x3a (size before relaxing)

.debug_info     0x00000000    0x22bf0
 .debug_info    0x00000000     0x10e1 build/debug/SD_IO.o
 .debug_info    0x000010e1     0x1247 build/debug/SD_Stream.o
 .debug_info    0x00002328     0x3a35 build/debug/main.o
 .debug_info    0x00005d5d      0xbec build/debug/stm32l4xx_hal.o
 .debug_info    0x00006949     0x101d build/debug/stm32l4xx_hal_cortex.o
 .debug_info    0x00007966      0x83d build/debug/stm32l4xx_hal_dma.o
 .debug_info    0x000081a3      0x7d4 build/debug/stm32l4xx_hal_gpio.o
 .debug_info    0x00008977     0x42ec build/debug/stm32l4xx_hal_i2c.o
 .debug_info    0x0000cc63      0x9c3 build/debug/stm32l4xx_hal_i2c_ex.o
 .debug_info    0x0000d626     0x246b build/debug/stm32l4xx_hal_msp.o
 .debug_info    0x0000fa91      0x9a6 build/debug/stm32l4xx_hal_pwr.o
 .debug_info    0x00010437      0xa7f build/debug/stm32l4xx_hal_pwr_ex.o
 .debug_info    0x00010eb6      0xebd build/debug/stm32l4xx_hal_rcc.o
 .debug_info    0x00011d73     0x122c build/debug/stm32l4xx_hal_rcc_ex.o
 .debug_info    0x00012f9f     0x117d build/debug/stm32l4xx_hal_rtc.o
 .debug_info    0x0001411c     0x132f build/debug/stm32l4xx_hal_rtc_ex.o
 .debug_info    0x0001544b     0x2750 build/debug/stm32l4xx_hal_sd.o
 .debug_info    0x00017b9b     0x1faa build/debug/stm32l4xx_hal_spi.o
 .debug_info    0x00019b45     0x4c14 build/debug/stm32l4xx_hal_uart.o
 .debug_info    0x0001e759      0xff8 build/debug/stm32l4xx_hal_uart_ex.o
 .debug_info    0x0001f751     0x1365 build/debug/stm32l4xx_it.o
 .debug_info    0x00020ab6     0x199b build/debug/stm32l4xx_ll_sdmmc.o
 .debug_info    0x00022451      0x176 build/debug/sysmem.o
 .debug_info    0x000225c7      0x5f9 build/debug/system_stm32l4xx.o
 .debug_info    0x00022bc0       0x30 build/debug/startup_stm32l476xx.o

.debug_abbrev   0x00000000     0x3c8f
 .debug_abbrev  0x00000000      0x2de build/debug/SD_IO.o
 .debug_abbrev  0x000002de      0x327 build/debug/SD_Stream.o
 .debug_abbrev  0x00000605      0x41a build/debug/main.o
 .debug_abbrev  0x00000a1f      0x27e build/debug/stm32l4xx_hal.o
 .debug_abbrev  0x00000c9d      0x3a7 build/debug/stm32l4xx_hal_cortex.o
 .debug_abbrev  0x00001044      0x228 build/debug/stm32l4xx_hal_dma.o
 .debug_abbrev  0x0000126c      0x217 build/debug/stm32l4xx_hal_gpio.o
 .debug_abbrev  0x00001483      0x2c4 build/debug/stm32l4xx_hal_i2c.o
 .debug_abbrev  0x00001747      0x1e6 build/debug/stm32l4xx_hal_i2c_ex.o
 .debug_abbrev  0x0000192d      0x27f build/debug/stm32l4xx_hal_msp.o
 .debug_abbrev  0x00001bac      0x1ec build/debug/stm32l4xx_hal_pwr.o
 .debug_abbrev  0x00001d98      0x22c build/debug/stm32l4xx_hal_pwr_ex.o
 .debug_abbrev  0x00001fc4      0x2c2 build/debug/stm32l4xx_hal_rcc.o
 .debug_abbrev  0x00002286      0x2c2 build/debug/stm32l4xx_hal_rcc_ex.o
 .debug_abbrev  0x00002548      0x245 build/debug/stm32l4xx_hal_rtc.o
 .debug_abbrev  0x0000278d      0x25a build/debug/stm32l4xx_hal_rtc_ex.o
 .debug_abbrev  0x000029e7      0x2d3 build/debug/stm32l4xx_hal_sd.o
 .debug_abbrev  0x00002cba      0x29b build/debug/stm32l4xx_hal_spi.o
 .debug_abbrev  0x00002f55      0x32e build/debug/stm32l4xx_hal_uart.o
 .debug_abbrev  0x00003283      0x32c build/debug/stm32l4xx_hal_uart_ex.o
 .debug_abbrev  0x000035af      0x248 build/debug/stm32l4xx_it.o
 .debug_abbrev  0x000037f7      0x24f build/debug/stm32l4xx_ll_sdmmc.o
 .debug_abbrev  0x00003a46       0xf0 build/debug/sysmem.o
 .debug_abbrev  0x00003b36      0x135 build/debug/system_stm32l4xx.o
 .debug_abbrev  0x00003c6b       0x24 build/debug/startup_stm32l476xx.o

.debug_loclists
                0x00000000     0xf6c7
 .debug_loclists
                0x00000000      0x128 build/debug/SD_IO.o
 .debug_loclists
                0x00000128      0x282 build/debug/SD_Stream.o
 .debug_loclists
                0x000003aa      0x2b7 build/debug/main.o
 .debug_loclists
                0x00000661      0x14d build/debug/stm32l4xx_hal.o
 .debug_loclists
                0x000007ae      0x500 build/debug/stm32l4xx_hal_cortex.o
 .debug_loclists
                0x00000cae      0x596 build/debug/stm32l4xx_hal_dma.o
 .debug_loclists
                0x00001244      0x298 build/debug/stm32l4xx_hal_gpio.o
 .debug_loclists
                0x000014dc     0x3aef build/debug/stm32l4xx_hal_i2c.o
 .debug_loclists
                0x00004fcb      0x129 build/debug/stm32l4xx_hal_i2c_ex.o
 .debug_loclists
                0x000050f4      0x214 build/debug/stm32l4xx_hal_msp.o
 .debug_loclists
                0x00005308      0x147 build/debug/stm32l4xx_hal_pwr.o
 .debug_loclists
                0x0000544f      0x785 build/debug/stm32l4xx_hal_pwr_ex.o
 .debug_loclists