Archive member included to satisfy reference by file (symbol)

/home/glen/.config/Code/User/globalStorage/bmd.stm32-for-vscode/@xpack-dev-tools/arm-none-eabi-gcc/15.2.1-1.1.1/.content/bin/../lib/gcc/arm-none-eabi/15.2.1/../../../../arm-none-eabi/lib/thumb/v7e-m+fp/hard/libc_nano.a(libc_a-atexit.o)
                              /home/glen/.config/Code/User/globalStorage/bmd.stm32-for-vscode/@xpack-dev-tools/arm-none-eabi-gcc/15.2.1-1.1.1/.content/bin/../lib/gcc/arm-none-eabi/15.2.1/../../../../arm-none-eabi/lib/thumb/v7e-m+fp/hard/crt0.o (atexit)
/home/glen/.config/Code/User/globalStorage/bmd.stm32-for-vscode/@xpack-dev-tools/arm-none-eabi-gcc/15.2.1-1.1.1/.content/bin/../lib/gcc/arm-none-eabi/15.2.1/../../../../arm-none-eabi/lib/thumb/v7e-m+fp/hard/libc_nano.a(libc_a-exit.o)
                              /home/glen/.config/Code/User/globalStorage/bmd.stm32-for-vscode/@xpack-dev-tools/arm-none-eabi-gcc/15.2.1-1.1.1/.content/bin/../lib/gcc/arm-none-eabi/15.2.1/../../../../arm-none-eabi/lib/thumb/v7e-m+fp/hard/crt0.o (exit)
/home/glen/.config/Code/User/globalStorage/bmd.stm32-for-vscode/@xpack-dev-tools/arm-none-eabi-gcc/15.2.1-1.1.1/.content/bin/../lib/gcc/arm-none-eabi/15.2.1/../../../../arm-none-eabi/lib/thumb/v7e-m+fp/hard/libc_nano.a(libc_a-findfp.o)
                              /home/glen/.config/Code/User/globalStorage/bmd.stm32-for-vscode/@xpack-dev-tools/arm-none-eabi-gcc/15.2.1-1.1.1/.content/bin/../lib/gcc/arm-none-eabi/15.2.1/../../../../arm-none-eabi/lib/thumb/v7e-m+fp/hard/libc_nano.a(libc_a-exit.o) (__stdio_exit_handler)
/home/glen/.config/Code/User/globalStorage/bmd.stm32-for-vscode/@xpack-dev-tools/arm-none-eabi-gcc/15.2.1-1.1.1/.content/bin/../lib/gcc/arm-none-eabi/15.2.1/../../../../arm-none-eabi/lib/thumb/v7e-m+fp/hard/libc_nano.a(libc_a-fwalk.o)
                              /home/glen/.config/Code/User/globalStorage/bmd.stm32-for-vscode/@xpack-dev-tools/arm-none-eabi-gcc/15.2.1-1.1.1/.content/bin/../lib/gcc/arm-none-eabi/15.2.1/../../../../arm-none-eabi/lib/thumb/v7e-m+fp/hard/libc_nano.a(libc_a-findfp.o) (_fwalk_sglue)
/home/glen/.config/Code/User/globalStorage/bmd.stm32-for-vscode/@xpack-dev-tools/arm-none-eabi-gcc/15.2.1-1.1.1/.content/bin/../lib/gcc/arm-none-eabi/15.2.1/../../../../arm-none-eabi/lib/thumb/v7e-m+fp/hard/libc_nano.a(libc_a-stdio.o)
                              /home/glen/.config/Code/User/globalStorage/bmd.stm32-for-vscode/@xpack-dev-tools/arm-none-eabi-gcc/15.2.1-1.1.1/.content/bin/../lib/gcc/arm-none-eabi/15.2.1/../../../../arm-none-eabi/lib/thumb/v7e-m+fp/hard/libc_nano.a(libc_a-findfp.o) (__sread)
/home/glen/.config/Code/User/globalStorage/bmd.stm32-for-vscode/@xpack-dev-tools/arm-none-eabi-gcc/15.2.1-1.1.1/.content/bin/../lib/gcc/arm-none-eabi/15.2.1/../../../../arm-none-eabi/lib/thumb/v7e-m+fp/hard/libc_nano.a(libc_a-memset.o)
                              /home/glen/.config/Code/User/globalStorage/bmd.stm32-for-vscode/@xpack-dev-tools/arm-none-eabi-gcc/15.2.1-1.1.1/.content/bin/../lib/gcc/arm-none-eabi/15.2.1/../../../../arm-none-eabi/lib/thumb/v7e-m+fp/hard/crt0.o (memset)
/home/glen/.config/Code/User/globalStorage/bmd.stm32-for-vscode/@xpack-dev-tools/arm-none-eabi-gcc/15.2.1-1.1.1/.content/bin/../lib/gcc/arm-none-eabi/15.2.1/../../../../arm-none-eabi/lib/thumb/v7e-m+fp/hard/libc_nano.a(libc_a-closer.o)
                              /home/glen/.config/Code/User/globalStorage/bmd.stm32-for-vscode/@xpack-dev-tools/arm-none-eabi-gcc/15.2.1-1.1.1/.content/bin/../lib/gcc/arm-none-eabi/15.2.1/../../../../arm-none-eabi/lib/thumb/v7e-m+fp/hard/libc_nano.a(libc_a-stdio.o) (_close_r)
/home/glen/.config/Code/User/globalStorage/bmd.stm32-for-vscode/@xpack-dev-tools/arm-none-eabi-gcc/15.2.1-1.1.1/.content/bin/../lib/gcc/arm-none-eabi/15.2.1/../../../../arm-none-eabi/lib/thumb/v7e-m+fp/hard/libc_nano.a(libc_a-reent.o)
                              /home/glen/.config/Code/User/globalStorage/bmd.stm32-for-vscode/@xpack-dev-tools/arm-none-eabi-gcc/15.2.1-1.1.1/.content/bin/../lib/gcc/arm-none-eabi/15.2.1/../../../../arm-none-eabi/lib/thumb/v7e-m+fp/hard/libc_nano.a(libc_a-closer.o) (errno)
/home/glen/.config/Code/User/globalStorage/bmd.stm32-for-vscode/@xpack-dev-tools/arm-none-eabi-gcc/15.2.1-1.1.1/.content/bin/../lib/gcc/arm-none-eabi/15.2.1/../../../../arm-none-eabi/lib/thumb/v7e-m+fp/hard/libc_nano.a(libc_a-impure.o)
                              /home/glen/.config/Code/User/globalStorage/bmd.stm32-for-vscode/@xpack-dev-tools/arm-none-eabi-gcc/15.2.1-1.1.1/.content/bin/../lib/gcc/arm-none-eabi/15.2.1/../../../../arm-none-eabi/lib/thumb/v7e-m+fp/hard/libc_nano.a(libc_a-reent.o) (_impure_ptr)
/home/glen/.config/Code/User/globalStorage/bmd.stm32-for-vscode/@xpack-dev-tools/arm-none-eabi-gcc/15.2.1-1.1.1/.content/bin/../lib/gcc/arm-none-eabi/15.2.1/../../../../arm-none-eabi/lib/thumb/v7e-m+fp/hard/libc_nano.a(libc_a-lseekr.o)
[...]
Memory Configuration

Name             Origin             Length             Attributes
RAM              0x20000000         0x00018000         xrw
RAM2             0x10000000         0x00008000         xrw
FLASH            0x08000000         0x00100000         xr
*default*        0x00000000         0xffffffff

Linker script and memory map

LOAD /home/glen/.config/Code/User/globalStorage/bmd.stm32-for-vscode/@xpack-dev-tools/arm-none-eabi-gcc/15.2.1-1.1.1/.content/bin/../lib/gcc/arm-none-eabi/15.2.1/thumb/v7e-m+fp/hard/crti.o
LOAD /home/glen/.config/Code/User/globalStorage/bmd.stm32-for-vscode/@xpack-dev-tools/arm-none-eabi-gcc/15.2.1-1.1.1/.content/bin/../lib/gcc/arm-none-eabi/15.2.1/thumb/v7e-m+fp/hard/crtbegin.o
LOAD /home/glen/.config/Code/User/globalStorage/bmd.stm32-for-vscode/@xpack-dev-tools/arm-none-eabi-gcc/15.2.1-1.1.1/.content/bin/../lib/gcc/arm-none-eabi/15.2.1/../../../../arm-none-eabi/lib/thumb/v7e-m+fp/hard/crt0.o
LOAD build/debug/main.o
LOAD build/debug/stm32l4xx_hal.o
LOAD build/debug/stm32l4xx_hal_cortex.o
LOAD build/debug/stm32l4xx_hal_dma.o
LOAD build/debug/stm32l4xx_hal_dma_ex.o
LOAD build/debug/stm32l4xx_hal_exti.o
LOAD build/debug/stm32l4xx_hal_flash.o
LOAD build/debug/stm32l4xx_hal_flash_ex.o
LOAD build/debug/stm32l4xx_hal_flash_ramfunc.o
LOAD build/debug/stm32l4xx_hal_gpio.o
LOAD build/debug/stm32l4xx_hal_i2c.o
LOAD build/debug/stm32l4xx_hal_i2c_ex.o
LOAD build/debug/stm32l4xx_hal_mmc.o
LOAD build/debug/stm32l4xx_hal_mmc_ex.o
LOAD build/debug/stm32l4xx_hal_msp.o
LOAD build/debug/stm32l4xx_hal_pwr.o
LOAD build/debug/stm32l4xx_hal_pwr_ex.o
LOAD build/debug/stm32l4xx_hal_rcc.o
LOAD build/debug/stm32l4xx_hal_rcc_ex.o
LOAD build/debug/stm32l4xx_hal_sd.o
LOAD build/debug/stm32l4xx_hal_sd_ex.o
LOAD build/debug/stm32l4xx_hal_spi.o
LOAD build/debug/stm32l4xx_hal_spi_ex.o
LOAD build/debug/stm32l4xx_hal_uart.o
LOAD build/debug/stm32l4xx_hal_uart_ex.o
LOAD build/debug/stm32l4xx_hal_usart.o
LOAD build/debug/stm32l4xx_hal_usart_ex.o
LOAD build/debug/stm32l4xx_it.o
LOAD build/debug/stm32l4xx_ll_sdmmc.o
LOAD build/debug/syscalls.o
LOAD build/debug/sysmem.o
LOAD build/debug/system_stm32l4xx.o
LOAD build/debug/startup_stm32l476xx.o
LOAD /home/glen/.config/Code/User/globalStorage/bmd.stm32-for-vscode/@xpack-dev-tools/arm-none-eabi-gcc/15.2.1-1.1.1/.content/bin/../lib/gcc/arm-none-eabi/15.2.1/../../../../arm-none-eabi/lib/thumb/v7e-m+fp/hard/libc_nano.a
LOAD /home/glen/.config/Code/User/globalStorage/bmd.stm32-for-vscode/@xpack-dev-tools/arm-none-eabi-gcc/15.2.1-1.1.1/.content/bin/../lib/gcc/arm-none-eabi/15.2.1/../../../../arm-none-eabi/lib/thumb/v7e-m+fp/hard/libm.a
LOAD /home/glen/.config/Code/User/globalStorage/bmd.stm32-for-vscode/@xpack-dev-tools/arm-none-eabi-gcc/15.2.1-1.1.1/.content/bin/../lib/gcc/arm-none-eabi/15.2.1/../../../../arm-none-eabi/lib/thumb/v7e-m+fp/hard/libnosys.a
START GROUP
LOAD /home/glen/.config/Code/User/globalStorage/bmd.stm32-for-vscode/@xpack-dev-tools/arm-none-eabi-gcc/15.2.1-1.1.1/.content/bin/../lib/gcc/arm-none-eabi/15.2.1/thumb/v7e-m+fp/hard/libgcc.a
LOAD /home/glen/.config/Code/User/globalStorage/bmd.stm32-for-vscode/@xpack-dev-tools/arm-none-eabi-gcc/15.2.1-1.1.1/.content/bin/../lib/gcc/arm-none-eabi/15.2.1/../../../../arm-none-eabi/lib/thumb/v7e-m+fp/hard/libc_nano.a
END GROUP
START GROUP
LOAD /home/glen/.config/Code/User/globalStorage/bmd.stm32-for-vscode/@xpack-dev-tools/arm-none-eabi-gcc/15.2.1-1.1.1/.content/bin/../lib/gcc/arm-none-eabi/15.2.1/thumb/v7e-m+fp/hard/libgcc.a
LOAD /home/glen/.config/Code/User/globalStorage/bmd.stm32-for-vscode/@xpack-dev-tools/arm-none-eabi-gcc/15.2.1-1.1.1/.content/bin/../lib/gcc/arm-none-eabi/15.2.1/../../../../arm-none-eabi/lib/thumb/v7e-m+fp/hard/libc_nano.a
END GROUP
LOAD /home/glen/.config/Code/User/globalStorage/bmd.stm32-for-vscode/@xpack-dev-tools/arm-none-eabi-gcc/15.2.1-1.1.1/.content/bin/../lib/gcc/arm-none-eabi/15.2.1/thumb/v7e-m+fp/hard/crtend.o
LOAD /home/glen/.config/Code/User/globalStorage/bmd.stm32-for-vscode/@xpack-dev-tools/arm-none-eabi-gcc/15.2.1-1.1.1/.content/bin/../lib/gcc/arm-none-eabi/15.2.1/thumb/v7e-m+fp/hard/crtn.o
                0x20018000                        _estack = (ORIGIN (RAM) + LENGTH (RAM))
                0x00000200                        _Min_Heap_Size = 0x200
                0x00000400                        _Min_Stack_Size = 0x400

.isr_vector     0x08000000      0x188
                0x08000000                        . = ALIGN (0x8)
 *(.isr_vector)
 .isr_vector    0x08000000      0x188 build/debug/startup_stm32l476xx.o
                0x08000000                g_pfnVectors
                0x08000188                        . = ALIGN (0x8)

.text           0x08000188     0x2828
                0x08000188                        . = ALIGN (0x8)
 *(.text)
 .text          0x08000188       0x30 /home/glen/.config/Code/User/globalStorage/bmd.stm32-for-vscode/@xpack-dev-tools/arm-none-eabi-gcc/15.2.1-1.1.1/.content/bin/../lib/gcc/arm-none-eabi/15.2.1/thumb/v7e-m+fp/hard/libgcc.a(_aeabi_uldivmod.o)
                0x08000188                __aeabi_uldivmod
 .text          0x080001b8        0x4 /home/glen/.config/Code/User/globalStorage/bmd.stm32-for-vscode/@xpack-dev-tools/arm-none-eabi-gcc/15.2.1-1.1.1/.content/bin/../lib/gcc/arm-none-eabi/15.2.1/thumb/v7e-m+fp/hard/libgcc.a(_dvmd_tls.o)
                0x080001b8                __aeabi_ldiv0
                0x080001b8                __aeabi_idiv0
 *(.text*)
 .text.__do_global_dtors_aux
                0x080001bc       0x28 /home/glen/.config/Code/User/globalStorage/bmd.stm32-for-vscode/@xpack-dev-tools/arm-none-eabi-gcc/15.2.1-1.1.1/.content/bin/../lib/gcc/arm-none-eabi/15.2.1/thumb/v7e-m+fp/hard/crtbegin.o
 .text.frame_dummy
                0x080001e4       0x1c /home/glen/.config/Code/User/globalStorage/bmd.stm32-for-vscode/@xpack-dev-tools/arm-none-eabi-gcc/15.2.1-1.1.1/.content/bin/../lib/gcc/arm-none-eabi/15.2.1/thumb/v7e-m+fp/hard/crtbegin.o
 .text.MX_GPIO_Init
                0x08000200       0xe0 build/debug/main.o
 .text.Error_Handler
                0x080002e0        0x4 build/debug/main.o
                0x080002e0                Error_Handler
 .text.MX_LPUART1_UART_Init
                0x080002e4       0x3c build/debug/main.o
 .text.MX_USART1_Init
                0x08000320       0x34 build/debug/main.o
 .text.MX_USART2_UART_Init
                0x08000354       0x3c build/debug/main.o
 .text.MX_USART3_UART_Init
                0x08000390       0x38 build/debug/main.o
 .text.MX_SPI1_Init
                0x080003c8       0x48 build/debug/main.o
 .text.SystemClock_Config
                0x08000410       0x6e build/debug/main.o
                0x08000410                SystemClock_Config
 *fill*         0x0800047e        0x2 
 .text.main     0x08000480       0x7c build/debug/main.o
                0x08000480                main
 .text.HAL_InitTick
                0x080004fc       0x50 build/debug/stm32l4xx_hal.o
                0x080004fc                HAL_InitTick
 .text.HAL_Init
                0x0800054c       0x20 build/debug/stm32l4xx_hal.o
                0x0800054c                HAL_Init
 .text.HAL_IncTick
                0x0800056c       0x18 build/debug/stm32l4xx_hal.o
                0x0800056c                HAL_IncTick
 .text.HAL_GetTick
                0x08000584        0xc build/debug/stm32l4xx_hal.o
                0x08000584                HAL_GetTick
 .text.HAL_Delay
                0x08000590       0x28 build/debug/stm32l4xx_hal.o
                0x08000590                HAL_Delay
 .text.__NVIC_SetPriority
                0x080005b8       0x28 build/debug/stm32l4xx_hal_cortex.o
 .text.NVIC_EncodePriority
                0x080005e0       0x46 build/debug/stm32l4xx_hal_cortex.o
 *fill*         0x08000626        0x2 
 .text.HAL_NVIC_SetPriorityGrouping
                0x08000628       0x24 build/debug/stm32l4xx_hal_cortex.o
                0x08000628                HAL_NVIC_SetPriorityGrouping
 .text.HAL_NVIC_SetPriority
                0x0800064c       0x20 build/debug/stm32l4xx_hal_cortex.o
                0x0800064c                HAL_NVIC_SetPriority
 .text.HAL_SYSTICK_Config
                0x0800066c       0x28 build/debug/stm32l4xx_hal_cortex.o
                0x0800066c                HAL_SYSTICK_Config
 .text.HAL_GPIO_Init
                0x08000694      0x21c build/debug/stm32l4xx_hal_gpio.o
                0x08000694                HAL_GPIO_Init
 .text.HAL_GPIO_WritePin
                0x080008b0        0xa build/debug/stm32l4xx_hal_gpio.o
                0x080008b0                HAL_GPIO_WritePin
 .text.HAL_GPIO_TogglePin
                0x080008ba       0x12 build/debug/stm32l4xx_hal_gpio.o
                0x080008ba                HAL_GPIO_TogglePin
 .text.HAL_MspInit
                0x080008cc       0x30 build/debug/stm32l4xx_hal_msp.o
                0x080008cc                HAL_MspInit
 .text.HAL_UART_MspInit
                0x080008fc      0x148 build/debug/stm32l4xx_hal_msp.o
                0x080008fc                HAL_UART_MspInit
 .text.HAL_USART_MspInit
                0x08000a44       0x88 build/debug/stm32l4xx_hal_msp.o
                0x08000a44                HAL_USART_MspInit
 .text.HAL_SPI_MspInit
                0x08000acc       0x64 build/debug/stm32l4xx_hal_msp.o
                0x08000acc                HAL_SPI_MspInit
 .text.HAL_PWREx_GetVoltageRange
                0x08000b30       0x10 build/debug/stm32l4xx_hal_pwr_ex.o
                0x08000b30                HAL_PWREx_GetVoltageRange
 .text.HAL_PWREx_ControlVoltageScaling
                0x08000b40       0x90 build/debug/stm32l4xx_hal_pwr_ex.o
                0x08000b40                HAL_PWREx_ControlVoltageScaling
 .text.RCC_SetFlashLatencyFromMSIRange
                0x08000bd0       0x90 build/debug/stm32l4xx_hal_rcc.o
 .text.HAL_RCC_GetSysClockFreq
                0x08000c60       0xa8 build/debug/stm32l4xx_hal_rcc.o
                0x08000c60                HAL_RCC_GetSysClockFreq
 .text.HAL_RCC_OscConfig
                0x08000d08      0x620 build/debug/stm32l4xx_hal_rcc.o
                0x08000d08                HAL_RCC_OscConfig
 .text.HAL_RCC_ClockConfig
                0x08001328      0x188 build/debug/stm32l4xx_hal_rcc.o
                0x08001328                HAL_RCC_ClockConfig
 .text.HAL_RCC_GetHCLKFreq
                0x080014b0        0xc build/debug/stm32l4xx_hal_rcc.o
                0x080014b0                HAL_RCC_GetHCLKFreq
 .text.HAL_RCC_GetPCLK1Freq
                0x080014bc       0x24 build/debug/stm32l4xx_hal_rcc.o
                0x080014bc                HAL_RCC_GetPCLK1Freq
 .text.HAL_RCC_GetPCLK2Freq
                0x080014e0       0x24 build/debug/stm32l4xx_hal_rcc.o
                0x080014e0                HAL_RCC_GetPCLK2Freq
 .text.RCCEx_PLLSAI1_Config
                0x08001504      0x188 build/debug/stm32l4xx_hal_rcc_ex.o
 .text.RCCEx_PLLSAI2_Config
                0x0800168c      0x160 build/debug/stm32l4xx_hal_rcc_ex.o
 .text.HAL_RCCEx_PeriphCLKConfig
                0x080017ec      0x470 build/debug/stm32l4xx_hal_rcc_ex.o
                0x080017ec                HAL_RCCEx_PeriphCLKConfig
 .text.HAL_SPI_Init
                0x08001c5c       0xde build/debug/stm32l4xx_hal_spi.o
                0x08001c5c                HAL_SPI_Init
 .text.UART_EndRxTransfer
                0x08001d3a       0x52 build/debug/stm32l4xx_hal_uart.o
 .text.UART_SetConfig
                0x08001d8c      0x320 build/debug/stm32l4xx_hal_uart.o
                0x08001d8c                UART_SetConfig
 .text.UART_AdvFeatureConfig
                0x080020ac       0xca build/debug/stm32l4xx_hal_uart.o
                0x080020ac                UART_AdvFeatureConfig
 .text.UART_WaitOnFlagUntilTimeout
                0x08002176       0x9c build/debug/stm32l4xx_hal_uart.o
                0x08002176                UART_WaitOnFlagUntilTimeout
 .text.UART_CheckIdleState
                0x08002212       0xc2 build/debug/stm32l4xx_hal_uart.o
                0x08002212                UART_CheckIdleState
 .text.HAL_UART_Init
                0x080022d4       0x62 build/debug/stm32l4xx_hal_uart.o
                0x080022d4                HAL_UART_Init
 *fill*         0x08002336        0x2 
 .text.USART_SetConfig
                0x08002338      0x150 build/debug/stm32l4xx_hal_usart.o
 .text.USART_WaitOnFlagUntilTimeout
                0x08002488       0x50 build/debug/stm32l4xx_hal_usart.o
 .text.USART_CheckIdleState
                0x080024d8       0x6c build/debug/stm32l4xx_hal_usart.o
 .text.HAL_USART_Init
                0x08002544       0x5a build/debug/stm32l4xx_hal_usart.o
                0x08002544                HAL_USART_Init
 .text.NMI_Handler
                0x0800259e        0x2 build/debug/stm32l4xx_it.o
                0x0800259e                NMI_Handler
 .text.HardFault_Handler
                0x080025a0        0x2 build/debug/stm32l4xx_it.o
                0x080025a0                HardFault_Handler
 .text.MemManage_Handler
                0x080025a2        0x2 build/debug/stm32l4xx_it.o
                0x080025a2                MemManage_Handler
 .text.BusFault_Handler
                0x080025a4        0x2 build/debug/stm32l4xx_it.o
                0x080025a4                BusFault_Handler
 .text.UsageFault_Handler
                0x080025a6        0x2 build/debug/stm32l4xx_it.o
                0x080025a6                UsageFault_Handler
 .text.SVC_Handler
                0x080025a8        0x2 build/debug/stm32l4xx_it.o
                0x080025a8                SVC_Handler
 .text.DebugMon_Handler
                0x080025aa        0x2 build/debug/stm32l4xx_it.o
                0x080025aa                DebugMon_Handler
 .text.PendSV_Handler
                0x080025ac        0x2 build/debug/stm32l4xx_it.o
                0x080025ac                PendSV_Handler
 .text.SysTick_Handler
                0x080025ae        0x8 build/debug/stm32l4xx_it.o
                0x080025ae                SysTick_Handler
 *fill*         0x080025b6        0x2 
 .text.SystemInit
                0x080025b8       0x14 build/debug/system_stm32l4xx.o
                0x080025b8                SystemInit
 .text.Reset_Handler
                0x080025cc       0x50 build/debug/startup_stm32l476xx.o
                0x080025cc                Reset_Handler
 .text.Default_Handler
                0x0800261c        0x2 build/debug/startup_stm32l476xx.o
                0x0800261c                RTC_Alarm_IRQHandler
                0x0800261c                EXTI2_IRQHandler
                0x0800261c                TIM8_TRG_COM_IRQHandler
                0x0800261c                TIM8_CC_IRQHandler
                0x0800261c                TIM1_CC_IRQHandler
                0x0800261c                TSC_IRQHandler
                0x0800261c                TAMP_STAMP_IRQHandler
                0x0800261c                EXTI3_IRQHandler
                0x0800261c                LPTIM2_IRQHandler
                0x0800261c                DFSDM1_FLT1_IRQHandler
                0x0800261c                I2C3_ER_IRQHandler
                0x0800261c                DFSDM1_FLT2_IRQHandler
                0x0800261c                EXTI0_IRQHandler
                0x0800261c                I2C2_EV_IRQHandler
                0x0800261c                CAN1_RX0_IRQHandler
                0x0800261c                FPU_IRQHandler
                0x0800261c                TIM1_UP_TIM16_IRQHandler
                0x0800261c                ADC1_2_IRQHandler
                0x0800261c                SPI1_IRQHandler
                0x0800261c                TIM6_DAC_IRQHandler
                0x0800261c                TIM8_UP_IRQHandler
                0x0800261c                DMA2_Channel2_IRQHandler
                0x0800261c                DMA1_Channel4_IRQHandler
                0x0800261c                SAI2_IRQHandler
                0x0800261c                DFSDM1_FLT3_IRQHandler
                0x0800261c                USART3_IRQHandler
                0x0800261c                DMA1_Channel7_IRQHandler
                0x0800261c                CAN1_RX1_IRQHandler
                0x0800261c                LCD_IRQHandler
                0x0800261c                UART5_IRQHandler
                0x0800261c                ADC3_IRQHandler
                0x0800261c                TIM4_IRQHandler
                0x0800261c                DMA2_Channel1_IRQHandler
                0x0800261c                QUADSPI_IRQHandler
                0x0800261c                I2C1_EV_IRQHandler
                0x0800261c                DMA1_Channel6_IRQHandler
                0x0800261c                UART4_IRQHandler
                0x0800261c                DMA2_Channel4_IRQHandler
                0x0800261c                TIM3_IRQHandler
                0x0800261c                RCC_IRQHandler
                0x0800261c                DMA1_Channel1_IRQHandler
                0x0800261c                Default_Handler
                0x0800261c                DMA2_Channel7_IRQHandler
                0x0800261c                EXTI15_10_IRQHandler
                0x0800261c                TIM7_IRQHandler
                0x0800261c                SDMMC1_IRQHandler
                0x0800261c                TIM5_IRQHandler
                0x0800261c                I2C3_EV_IRQHandler
                0x0800261c                EXTI9_5_IRQHandler
                0x0800261c                RTC_WKUP_IRQHandler
                0x0800261c                PVD_PVM_IRQHandler
                0x0800261c                SPI2_IRQHandler
                0x0800261c                CAN1_TX_IRQHandler
                0x0800261c                DMA2_Channel5_IRQHandler
                0x0800261c                DMA1_Channel5_IRQHandler
                0x0800261c                EXTI4_IRQHandler
                0x0800261c                RNG_IRQHandler
                0x0800261c                TIM1_TRG_COM_TIM17_IRQHandler
                0x0800261c                DMA1_Channel3_IRQHandler
                0x0800261c                COMP_IRQHandler
                0x0800261c                WWDG_IRQHandler
                0x0800261c                LPUART1_IRQHandler
                0x0800261c                DMA2_Channel6_IRQHandler
                0x0800261c                TIM2_IRQHandler
                0x0800261c                EXTI1_IRQHandler
                0x0800261c                USART2_IRQHandler
                0x0800261c                DFSDM1_FLT0_IRQHandler
                0x0800261c                I2C2_ER_IRQHandler
                0x0800261c                DMA1_Channel2_IRQHandler
                0x0800261c                TIM8_BRK_IRQHandler
                0x0800261c                CAN1_SCE_IRQHandler
                0x0800261c                FLASH_IRQHandler
                0x0800261c                USART1_IRQHandler
                0x0800261c                OTG_FS_IRQHandler
                0x0800261c                SPI3_IRQHandler
                0x0800261c                I2C1_ER_IRQHandler
                0x0800261c                FMC_IRQHandler
                0x0800261c                SWPMI1_IRQHandler
                0x0800261c                LPTIM1_IRQHandler
                0x0800261c                SAI1_IRQHandler
                0x0800261c                DMA2_Channel3_IRQHandler
                0x0800261c                TIM1_BRK_TIM15_IRQHandler
 .text.memset   0x0800261e       0x10 /home/glen/.config/Code/User/globalStorage/bmd.stm32-for-vscode/@xpack-dev-tools/arm-none-eabi-gcc/15.2.1-1.1.1/.content/bin/../lib/gcc/arm-none-eabi/15.2.1/../../../../arm-none-eabi/lib/thumb/v7e-m+fp/hard/libc_nano.a(libc_a-memset.o)
                0x0800261e                memset
 *fill*         0x0800262e        0x2 
 .text.__libc_init_array
                0x08002630       0x48 /home/glen/.config/Code/User/globalStorage/bmd.stm32-for-vscode/@xpack-dev-tools/arm-none-eabi-gcc/15.2.1-1.1.1/.content/bin/../lib/gcc/arm-none-eabi/15.2.1/../../../../arm-none-eabi/lib/thumb/v7e-m+fp/hard/libc_nano.a(libc_a-init.o)
                0x08002630                __libc_init_array
 .text.__udivmoddi4
                0x08002678      0x320 /home/glen/.config/Code/User/globalStorage/bmd.stm32-for-vscode/@xpack-dev-tools/arm-none-eabi-gcc/15.2.1-1.1.1/.content/bin/../lib/gcc/arm-none-eabi/15.2.1/thumb/v7e-m+fp/hard/libgcc.a(_udivmoddi4.o)
                0x08002678                __udivmoddi4
 *(.glue_7)
 .glue_7        0x08002998        0x0 linker stubs
 *(.glue_7t)
 .glue_7t       0x08002998        0x0 linker stubs
 *(.eh_frame)
 .eh_frame      0x08002998        0x0 /home/glen/.config/Code/User/globalStorage/bmd.stm32-for-vscode/@xpack-dev-tools/arm-none-eabi-gcc/15.2.1-1.1.1/.content/bin/../lib/gcc/arm-none-eabi/15.2.1/thumb/v7e-m+fp/hard/crtbegin.o
 *(.init)
 .init          0x08002998        0x4 /home/glen/.config/Code/User/globalStorage/bmd.stm32-for-vscode/@xpack-dev-tools/arm-none-eabi-gcc/15.2.1-1.1.1/.content/bin/../lib/gcc/arm-none-eabi/15.2.1/thumb/v7e-m+fp/hard/crti.o
                0x08002998                _init
 .init          0x0800299c        0x8 /home/glen/.config/Code/User/globalStorage/bmd.stm32-for-vscode/@xpack-dev-tools/arm-none-eabi-gcc/15.2.1-1.1.1/.content/bin/../lib/gcc/arm-none-eabi/15.2.1/thumb/v7e-m+fp/hard/crtn.o
 *(.fini)
 .fini          0x080029a4        0x4 /home/glen/.config/Code/User/globalStorage/bmd.stm32-for-vscode/@xpack-dev-tools/arm-none-eabi-gcc/15.2.1-1.1.1/.content/bin/../lib/gcc/arm-none-eabi/15.2.1/thumb/v7e-m+fp/hard/crti.o
                0x080029a4                _fini
 .fini          0x080029a8        0x8 /home/glen/.config/Code/User/globalStorage/bmd.stm32-for-vscode/@xpack-dev-tools/arm-none-eabi-gcc/15.2.1-1.1.1/.content/bin/../lib/gcc/arm-none-eabi/15.2.1/thumb/v7e-m+fp/hard/crtn.o
                0x080029b0                        . = ALIGN (0x8)
                0x080029b0                        _etext = .

.vfp11_veneer   0x080029b0        0x0
 .vfp11_veneer  0x080029b0        0x0 linker stubs

.v4_bx          0x080029b0        0x0
 .v4_bx         0x080029b0        0x0 linker stubs

.iplt           0x080029b0        0x0
 .iplt          0x080029b0        0x0 /home/glen/.config/Code/User/globalStorage/bmd.stm32-for-vscode/@xpack-dev-tools/arm-none-eabi-gcc/15.2.1-1.1.1/.content/bin/../lib/gcc/arm-none-eabi/15.2.1/thumb/v7e-m+fp/hard/crtbegin.o

.rodata         0x080029b0       0x48
                0x080029b0                        . = ALIGN (0x8)
 *(.rodata)
 *(.rodata*)
 .rodata.MSIRangeTable
                0x080029b0       0x30 build/debug/system_stm32l4xx.o
                0x080029b0                MSIRangeTable
 .rodata.APBPrescTable
                0x080029e0        0x8 build/debug/system_stm32l4xx.o
                0x080029e0                APBPrescTable
 .rodata.AHBPrescTable
                0x080029e8       0x10 build/debug/system_stm32l4xx.o
                0x080029e8                AHBPrescTable
                0x080029f8                        . = ALIGN (0x8)

.ARM.extab      0x080029f8        0x0
                0x080029f8                        . = ALIGN (0x8)
 *(.ARM.extab* .gnu.linkonce.armextab.*)
                0x080029f8                        . = ALIGN (0x8)

.ARM            0x080029f8        0x8
                0x080029f8                        . = ALIGN (0x8)
                0x080029f8                        __exidx_start = .
 *(.ARM.exidx*)
 .ARM.exidx.text.__udivmoddi4
                0x080029f8        0x8 /home/glen/.config/Code/User/globalStorage/bmd.stm32-for-vscode/@xpack-dev-tools/arm-none-eabi-gcc/15.2.1-1.1.1/.content/bin/../lib/gcc/arm-none-eabi/15.2.1/thumb/v7e-m+fp/hard/libgcc.a(_udivmoddi4.o)
                0x08002a00                        __exidx_end = .
                0x08002a00                        . = ALIGN (0x8)

.preinit_array  0x08002a00        0x0
                0x08002a00                        . = ALIGN (0x8)
                0x08002a00                        PROVIDE (__preinit_array_start = .)
 *(.preinit_array*)
                0x08002a00                        PROVIDE (__preinit_array_end = .)
                0x08002a00                        . = ALIGN (0x8)

.init_array     0x08002a00        0x8
                0x08002a00                        . = ALIGN (0x8)
                0x08002a00                        PROVIDE (__init_array_start = .)
 *(SORT_BY_NAME(.init_array.*))
 *(.init_array*)
 .init_array    0x08002a00        0x4 /home/glen/.config/Code/User/globalStorage/bmd.stm32-for-vscode/@xpack-dev-tools/arm-none-eabi-gcc/15.2.1-1.1.1/.content/bin/../lib/gcc/arm-none-eabi/15.2.1/thumb/v7e-m+fp/hard/crtbegin.o
                0x08002a04                        PROVIDE (__init_array_end = .)
                0x08002a08                        . = ALIGN (0x8)
 *fill*         0x08002a04        0x4 

.fini_array     0x08002a08        0x8
                0x08002a08                        . = ALIGN (0x8)
                0x08002a08                        PROVIDE (__fini_array_start = .)
 *(SORT_BY_NAME(.fini_array.*))
 *(.fini_array*)
 .fini_array    0x08002a08        0x4 /home/glen/.config/Code/User/globalStorage/bmd.stm32-for-vscode/@xpack-dev-tools/arm-none-eabi-gcc/15.2.1-1.1.1/.content/bin/../lib/gcc/arm-none-eabi/15.2.1/thumb/v7e-m+fp/hard/crtbegin.o
                0x08002a0c                        PROVIDE (__fini_array_end = .)
                0x08002a10                        . = ALIGN (0x8)
 *fill*         0x08002a0c        0x4 
                0x08002a10                        _sidata = LOADADDR (.data)

.rel.dyn        0x08002a10        0x0
 .rel.iplt      0x08002a10        0x0 /home/glen/.config/Code/User/globalStorage/bmd.stm32-for-vscode/@xpack-dev-tools/arm-none-eabi-gcc/15.2.1-1.1.1/.content/bin/../lib/gcc/arm-none-eabi/15.2.1/thumb/v7e-m+fp/hard/crtbegin.o

.data           0x20000000       0x10 load address 0x08002a10
                0x20000000                        . = ALIGN (0x8)
                0x20000000                        _sdata = .
 *(.data)
 *(.data*)
 .data.uwTickFreq
                0x20000000        0x1 build/debug/stm32l4xx_hal.o
                0x20000000                uwTickFreq
 *fill*         0x20000001        0x3 
 .data.uwTickPrio
                0x20000004        0x4 build/debug/stm32l4xx_hal.o
                0x20000004                uwTickPrio
 .data.SystemCoreClock
                0x20000008        0x4 build/debug/system_stm32l4xx.o
                0x20000008                SystemCoreClock
 *(.RamFunc)
 *(.RamFunc*)
                0x20000010                        . = ALIGN (0x8)
 *fill*         0x2000000c        0x4 
                0x20000010                        _edata = .

.igot.plt       0x20000010        0x0 load address 0x08002a20
 .igot.plt      0x20000010        0x0 /home/glen/.config/Code/User/globalStorage/bmd.stm32-for-vscode/@xpack-dev-tools/arm-none-eabi-gcc/15.2.1-1.1.1/.content/bin/../lib/gcc/arm-none-eabi/15.2.1/thumb/v7e-m+fp/hard/crtbegin.o
                0x20000010                        . = ALIGN (0x4)

.bss            0x20000010      0x26c load address 0x08002a20
                0x20000010                        _sbss = .
                0x20000010                        __bss_start__ = _sbss
 *(.bss)
 *(.bss*)
 .bss.completed.1
                0x20000010        0x1 /home/glen/.config/Code/User/globalStorage/bmd.stm32-for-vscode/@xpack-dev-tools/arm-none-eabi-gcc/15.2.1-1.1.1/.content/bin/../lib/gcc/arm-none-eabi/15.2.1/thumb/v7e-m+fp/hard/crtbegin.o
 *fill*         0x20000011        0x3 
 .bss.object.0  0x20000014       0x18 /home/glen/.config/Code/User/globalStorage/bmd.stm32-for-vscode/@xpack-dev-tools/arm-none-eabi-gcc/15.2.1-1.1.1/.content/bin/../lib/gcc/arm-none-eabi/15.2.1/thumb/v7e-m+fp/hard/crtbegin.o
 .bss.hspi1     0x2000002c       0x64 build/debug/main.o
                0x2000002c                hspi1
 .bss.huart3    0x20000090       0x88 build/debug/main.o
                0x20000090                huart3
 .bss.huart2    0x20000118       0x88 build/debug/main.o
                0x20000118                huart2
 .bss.husart1   0x200001a0       0x50 build/debug/main.o
                0x200001a0                husart1
 .bss.hlpuart1  0x200001f0       0x88 build/debug/main.o
                0x200001f0                hlpuart1
 .bss.uwTick    0x20000278        0x4 build/debug/stm32l4xx_hal.o
                0x20000278                uwTick
 *(COMMON)
                0x2000027c                        . = ALIGN (0x4)
                0x2000027c                        _ebss = .
                0x2000027c                        __bss_end__ = _ebss

._user_heap_stack
                0x2000027c      0x604 load address 0x08002a20
                0x20000280                        . = ALIGN (0x8)
 *fill*         0x2000027c        0x4 
                [!provide]                        PROVIDE (end = .)
                0x20000280                        PROVIDE (_end = .)
                0x20000480                        . = (. + _Min_Heap_Size)
 *fill*         0x20000280      0x200 
                0x20000880                        . = (. + _Min_Stack_Size)
 *fill*         0x20000480      0x400 
                0x20000880                        . = ALIGN (0x8)

/DISCARD/
 libc.a(*)
 libm.a(*)
 libgcc.a(*)
OUTPUT(build/debug/L4_V3.elf elf32-littlearm)
LOAD linker stubs
LOAD /home/glen/.config/Code/User/globalStorage/bmd.stm32-for-vscode/@xpack-dev-tools/arm-none-eabi-gcc/15.2.1-1.1.1/.content/bin/../lib/gcc/arm-none-eabi/15.2.1/../../../../arm-none-eabi/lib/thumb/v7e-m+fp/hard/libc.a
LOAD /home/glen/.config/Code/User/globalStorage/bmd.stm32-for-vscode/@xpack-dev-tools/arm-none-eabi-gcc/15.2.1-1.1.1/.content/bin/../lib/gcc/arm-none-eabi/15.2.1/../../../../arm-none-eabi/lib/thumb/v7e-m+fp/hard/libm.a
LOAD /home/glen/.config/Code/User/globalStorage/bmd.stm32-for-vscode/@xpack-dev-tools/arm-none-eabi-gcc/15.2.1-1.1.1/.content/bin/../lib/gcc/arm-none-eabi/15.2.1/thumb/v7e-m+fp/hard/libgcc.a

.ARM.attributes
                0x00000000       0x30
 .ARM.attributes
                0x00000000       0x22 /home/glen/.config/Code/User/globalStorage/bmd.stm32-for-vscode/@xpack-dev-tools/arm-none-eabi-gcc/15.2.1-1.1.1/.content/bin/../lib/gcc/arm-none-eabi/15.2.1/thumb/v7e-m+fp/hard/crti.o
 .ARM.attributes
                0x00000022       0x34 /home/glen/.config/Code/User/globalStorage/bmd.stm32-for-vscode/@xpack-dev-tools/arm-none-eabi-gcc/15.2.1-1.1.1/.content/bin/../lib/gcc/arm-none-eabi/15.2.1/thumb/v7e-m+fp/hard/crtbegin.o
 .ARM.attributes
                0x00000056       0x34 build/debug/main.o
 .ARM.attributes
                0x0000008a       0x34 build/debug/stm32l4xx_hal.o
 .ARM.attributes
                0x000000be       0x34 build/debug/stm32l4xx_hal_cortex.o
 .ARM.attributes
                0x000000f2       0x34 build/debug/stm32l4xx_hal_gpio.o
 .ARM.attributes
                0x00000126       0x34 build/debug/stm32l4xx_hal_msp.o
 .ARM.attributes
                0x0000015a       0x34 build/debug/stm32l4xx_hal_pwr_ex.o
 .ARM.attributes
                0x0000018e       0x34 build/debug/stm32l4xx_hal_rcc.o
 .ARM.attributes
                0x000001c2       0x34 build/debug/stm32l4xx_hal_rcc_ex.o
 .ARM.attributes
                0x000001f6       0x34 build/debug/stm32l4xx_hal_spi.o
 .ARM.attributes
                0x0000022a       0x34 build/debug/stm32l4xx_hal_uart.o
 .ARM.attributes
                0x0000025e       0x34 build/debug/stm32l4xx_hal_usart.o
 .ARM.attributes
                0x00000292       0x34 build/debug/stm32l4xx_it.o
 .ARM.attributes
                0x000002c6       0x34 build/debug/system_stm32l4xx.o
 .ARM.attributes
                0x000002fa       0x21 build/debug/startup_stm32l476xx.o
 .ARM.attributes
                0x0000031b       0x34 /home/glen/.config/Code/User/globalStorage/bmd.stm32-for-vscode/@xpack-dev-tools/arm-none-eabi-gcc/15.2.1-1.1.1/.content/bin/../lib/gcc/arm-none-eabi/15.2.1/../../../../arm-none-eabi/lib/thumb/v7e-m+fp/hard/libc_nano.a(libc_a-memset.o)
 .ARM.attributes
                0x0000034f       0x34 /home/glen/.config/Code/User/globalStorage/bmd.stm32-for-vscode/@xpack-dev-tools/arm-none-eabi-gcc/15.2.1-1.1.1/.content/bin/../lib/gcc/arm-none-eabi/15.2.1/../../../../arm-none-eabi/lib/thumb/v7e-m+fp/hard/libc_nano.a(libc_a-init.o)
 .ARM.attributes
                0x00000383       0x22 /home/glen/.config/Code/User/globalStorage/bmd.stm32-for-vscode/@xpack-dev-tools/arm-none-eabi-gcc/15.2.1-1.1.1/.content/bin/../lib/gcc/arm-none-eabi/15.2.1/thumb/v7e-m+fp/hard/libgcc.a(_aeabi_uldivmod.o)
 .ARM.attributes
                0x000003a5       0x34 /home/glen/.config/Code/User/globalStorage/bmd.stm32-for-vscode/@xpack-dev-tools/arm-none-eabi-gcc/15.2.1-1.1.1/.content/bin/../lib/gcc/arm-none-eabi/15.2.1/thumb/v7e-m+fp/hard/libgcc.a(_udivmoddi4.o)
 .ARM.attributes
                0x000003d9       0x22 /home/glen/.config/Code/User/globalStorage/bmd.stm32-for-vscode/@xpack-dev-tools/arm-none-eabi-gcc/15.2.1-1.1.1/.content/bin/../lib/gcc/arm-none-eabi/15.2.1/thumb/v7e-m+fp/hard/libgcc.a(_dvmd_tls.o)
 .ARM.attributes
                0x000003fb       0x22 /home/glen/.config/Code/User/globalStorage/bmd.stm32-for-vscode/@xpack-dev-tools/arm-none-eabi-gcc/15.2.1-1.1.1/.content/bin/../lib/gcc/arm-none-eabi/15.2.1/thumb/v7e-m+fp/hard/crtn.o

.comment        0x00000000       0x39
 .comment       0x00000000       0x39 /home/glen/.config/Code/User/globalStorage/bmd.stm32-for-vscode/@xpack-dev-tools/arm-none-eabi-gcc/15.2.1-1.1.1/.content/bin/../lib/gcc/arm-none-eabi/15.2.1/thumb/v7e-m+fp/hard/crtbegin.o
                                 0x3a (size before relaxing)
 .comment       0x00000039        0x0 build/debug/main.o
                                 0x3a (size before relaxing)
 .comment       0x00000039        0x0 build/debug/stm32l4xx_hal.o
                                 0x3a (size before relaxing)
 .comment       0x00000039        0x0 build/debug/stm32l4xx_hal_cortex.o
                                 0x3a (size before relaxing)
 .comment       0x00000039        0x0 build/debug/stm32l4xx_hal_gpio.o
                                 0x3a (size before relaxing)
 .comment       0x00000039        0x0 build/debug/stm32l4xx_hal_msp.o
                                 0x3a (size before relaxing)
 .comment       0x00000039        0x0 build/debug/stm32l4xx_hal_pwr_ex.o
                                 0x3a (size before relaxing)
 .comment       0x00000039        0x0 build/debug/stm32l4xx_hal_rcc.o
                                 0x3a (size before relaxing)
 .comment       0x00000039        0x0 build/debug/stm32l4xx_hal_rcc_ex.o
                                 0x3a (size before relaxing)
 .comment       0x00000039        0x0 build/debug/stm32l4xx_hal_spi.o
                                 0x3a (size before relaxing)
 .comment       0x00000039        0x0 build/debug/stm32l4xx_hal_uart.o
                                 0x3a (size before relaxing)
 .comment       0x00000039        0x0 build/debug/stm32l4xx_hal_usart.o
                                 0x3a (size before relaxing)
 .comment       0x00000039        0x0 build/debug/stm32l4xx_it.o
                                 0x3a (size before relaxing)
 .comment       0x00000039        0x0 build/debug/system_stm32l4xx.o
                                 0x3a (size before relaxing)
 .comment       0x00000039        0x0 /home/glen/.config/Code/User/globalStorage/bmd.stm32-for-vscode/@xpack-dev-tools/arm-none-eabi-gcc/15.2.1-1.1.1/.content/bin/../lib/gcc/arm-none-eabi/15.2.1/../../../../arm-none-eabi/lib/thumb/v7e-m+fp/hard/libc_nano.a(libc_a-memset.o)
                                 0x3a (size before relaxing)
 .comment       0x00000039        0x0 /home/glen/.config/Code/User/globalStorage/bmd.stm32-for-vscode/@xpack-dev-tools/arm-none-eabi-gcc/15.2.1-1.1.1/.content/bin/../lib/gcc/arm-none-eabi/15.2.1/../../../../arm-none-eabi/lib/thumb/v7e-m+fp/hard/libc_nano.a(libc_a-init.o)
                                 0x3a (size before relaxing)
 .comment       0x00000039        0x0 /home/glen/.config/Code/User/globalStorage/bmd.stm32-for-vscode/@xpack-dev-tools/arm-none-eabi-gcc/15.2.1-1.1.1/.content/bin/../lib/gcc/arm-none-eabi/15.2.1/thumb/v7e-m+fp/hard/libgcc.a(_udivmoddi4.o)
                                 0x3a (size before relaxing)

.debug_info     0x00000000    0x110df
 .debug_info    0x00000000     0x18ec build/debug/main.o
 .debug_info    0x000018ec      0xbec build/debug/stm32l4xx_hal.o
 .debug_info    0x000024d8     0x101d build/debug/stm32l4xx_hal_cortex.o
 .debug_info    0x000034f5      0x7d4 build/debug/stm32l4xx_hal_gpio.o
 .debug_info    0x00003cc9     0x19d6 build/debug/stm32l4xx_hal_msp.o
 .debug_info    0x0000569f      0xa7f build/debug/stm32l4xx_hal_pwr_ex.o
 .debug_info    0x0000611e      0xebd build/debug/stm32l4xx_hal_rcc.o
 .debug_info    0x00006fdb     0x122c build/debug/stm32l4xx_hal_rcc_ex.o
 .debug_info    0x00008207     0x1faa build/debug/stm32l4xx_hal_spi.o
 .debug_info    0x0000a1b1     0x4c14 build/debug/stm32l4xx_hal_uart.o
 .debug_info    0x0000edc5     0x1b89 build/debug/stm32l4xx_hal_usart.o
 .debug_info    0x0001094e      0x168 build/debug/stm32l4xx_it.o
 .debug_info    0x00010ab6      0x5f9 build/debug/system_stm32l4xx.o
 .debug_info    0x000110af       0x30 build/debug/startup_stm32l476xx.o

.debug_abbrev   0x00000000     0x1f5b
 .debug_abbrev  0x00000000      0x2a6 build/debug/main.o
 .debug_abbrev  0x000002a6      0x27e build/debug/stm32l4xx_hal.o
 .debug_abbrev  0x00000524      0x3a7 build/debug/stm32l4xx_hal_cortex.o
 .debug_abbrev  0x000008cb      0x217 build/debug/stm32l4xx_hal_gpio.o
 .debug_abbrev  0x00000ae2      0x261 build/debug/stm32l4xx_hal_msp.o
 .debug_abbrev  0x00000d43      0x22c build/debug/stm32l4xx_hal_pwr_ex.o
 .debug_abbrev  0x00000f6f      0x2c2 build/debug/stm32l4xx_hal_rcc.o
 .debug_abbrev  0x00001231      0x2c2 build/debug/stm32l4xx_hal_rcc_ex.o
 .debug_abbrev  0x000014f3      0x29b build/debug/stm32l4xx_hal_spi.o
 .debug_abbrev  0x0000178e      0x32e build/debug/stm32l4xx_hal_uart.o
 .debug_abbrev  0x00001abc      0x28b build/debug/stm32l4xx_hal_usart.o
 .debug_abbrev  0x00001d47       0xbb build/debug/stm32l4xx_it.o
 .debug_abbrev  0x00001e02      0x135 build/debug/system_stm32l4xx.o
 .debug_abbrev  0x00001f37       0x24 build/debug/startup_stm32l476xx.o

.debug_aranges  0x00000000      0xc18
 .debug_aranges
                0x00000000       0x60 build/debug/main.o
 .debug_aranges
                0x00000060      0x130 build/debug/stm32l4xx_hal.o
 .debug_aranges
                0x00000190       0xf0 build/debug/stm32l4xx_hal_cortex.o
 .debug_aranges
                0x00000280       0x58 build/debug/stm32l4xx_hal_gpio.o
 .debug_aranges
                0x000002d8       0x60 build/debug/stm32l4xx_hal_msp.o
 .debug_aranges
                0x00000338      0x160 build/debug/stm32l4xx_hal_pwr_ex.o
 .debug_aranges
                0x00000498       0x90 build/debug/stm32l4xx_hal_rcc.o
 .debug_aranges
                0x00000528       0xc0 build/debug/stm32l4xx_hal_rcc_ex.o
 .debug_aranges
                0x000005e8      0x1d8 build/debug/stm32l4xx_hal_spi.o
 .debug_aranges
                0x000007c0      0x228 build/debug/stm32l4xx_hal_uart.o
 .debug_aranges
                0x000009e8      0x180 build/debug/stm32l4xx_hal_usart.o
 .debug_aranges
                0x00000b68       0x60 build/debug/stm32l4xx_it.o
 .debug_aranges
                0x00000bc8       0x28 build/debug/system_stm32l4xx.o
 .debug_aranges
                0x00000bf0       0x28 build/debug/startup_stm32l476xx.o

.debug_rnglists
                0x00000000      0x949
 .debug_rnglists
                0x00000000       0x44 build/debug/main.o
 .debug_rnglists
                0x00000044       0xdf build/debug/stm32l4xx_hal.o
 .debug_rnglists
                0x00000123       0xaf build/debug/stm32l4xx_hal_cortex.o
 .debug_rnglists
                0x000001d2       0x3f build/debug/stm32l4xx_hal_gpio.o
 .debug_rnglists
                0x00000211       0x46 build/debug/stm32l4xx_hal_msp.o
 .debug_rnglists
                0x00000257      0x109 build/debug/stm32l4xx_hal_pwr_ex.o
 .debug_rnglists
                0x00000360       0x7c build/debug/stm32l4xx_hal_rcc.o
 .debug_rnglists
                0x000003dc       0xa3 build/debug/stm32l4xx_hal_rcc_ex.o
 .debug_rnglists
                0x0000047f      0x171 build/debug/stm32l4xx_hal_spi.o
 .debug_rnglists
                0x000005f0      0x1ba build/debug/stm32l4xx_hal_uart.o
 .debug_rnglists
                0x000007aa      0x129 build/debug/stm32l4xx_hal_usart.o
 .debug_rnglists
                0x000008d3       0x43 build/debug/stm32l4xx_it.o
 .debug_rnglists
                0x00000916       0x1a build/debug/system_stm32l4xx.o
 .debug_rnglists
                0x00000930       0x19 build/debug/startup_stm32l476xx.o

.debug_line     0x00000000     0xe5c4
 .debug_line    0x00000000      0x75c build/debug/main.o
 .debug_line    0x0000075c      0x748 build/debug/stm32l4xx_hal.o
 .debug_line    0x00000ea4      0x8b4 build/debug/stm32l4xx_hal_cortex.o
 .debug_line    0x00001758      0x792 build/debug/stm32l4xx_hal_gpio.o
 .debug_line    0x00001eea      0x744 build/debug/stm32l4xx_hal_msp.o
 .debug_line    0x0000262e      0xb7e build/debug/stm32l4xx_hal_pwr_ex.o
 .debug_line    0x000031ac     0x104e build/debug/stm32l4xx_hal_rcc.o
 .debug_line    0x000041fa     0x1681 build/debug/stm32l4xx_hal_rcc_ex.o
 .debug_line    0x0000587b     0x2980 build/debug/stm32l4xx_hal_spi.o
 .debug_line    0x000081fb     0x3fcb build/debug/stm32l4xx_hal_uart.o
 .debug_line    0x0000c1c6     0x1d88 build/debug/stm32l4xx_hal_usart.o
 .debug_line    0x0000df4e      0x29e build/debug/stm32l4xx_it.o
 .debug_line    0x0000e1ec      0x362 build/debug/system_stm32l4xx.o
 .debug_line    0x0000e54e       0x76 build/debug/startup_stm32l476xx.o

.debug_str      0x00000000     0x3f50
 .debug_str     0x00000000     0x3f50 build/debug/main.o
                                0xf70 (size before relaxing)
 .debug_str     0x00003f50        0x0 build/debug/stm32l4xx_hal.o
                                0xd0c (size before relaxing)
 .debug_str     0x00003f50        0x0 build/debug/stm32l4xx_hal_cortex.o
                                0xc54 (size before relaxing)
 .debug_str     0x00003f50        0x0 build/debug/stm32l4xx_hal_gpio.o
                                0x554 (size before relaxing)
 .debug_str     0x00003f50        0x0 build/debug/stm32l4xx_hal_msp.o
                               0x1014 (size before relaxing)
 .debug_str     0x00003f50        0x0 build/debug/stm32l4xx_hal_pwr_ex.o
                                0x851 (size before relaxing)
 .debug_str     0x00003f50        0x0 build/debug/stm32l4xx_hal_rcc.o
                                0x89e (size before relaxing)
 .debug_str     0x00003f50        0x0 build/debug/stm32l4xx_hal_rcc_ex.o
                                0xacf (size before relaxing)
 .debug_str     0x00003f50        0x0 build/debug/stm32l4xx_hal_spi.o
                                0xbdd (size before relaxing)
 .debug_str     0x00003f50        0x0 build/debug/stm32l4xx_hal_uart.o
                               0x1016 (size before relaxing)
 .debug_str     0x00003f50        0x0 build/debug/stm32l4xx_hal_usart.o
                                0xd31 (size before relaxing)
 .debug_str     0x00003f50        0x0 build/debug/stm32l4xx_it.o
                                0x243 (size before relaxing)
 .debug_str     0x00003f50        0x0 build/debug/system_stm32l4xx.o
                                0x3db (size before relaxing)
 .debug_str     0x00003f50        0x0 build/debug/startup_stm32l476xx.o
                                 0x6d (size before relaxing)

.debug_frame    0x00000000     0x1e5c
 .debug_frame   0x00000000       0xf8 build/debug/main.o
 .debug_frame   0x000000f8      0x274 build/debug/stm32l4xx_hal.o
 .debug_frame   0x0000036c      0x204 build/debug/stm32l4xx_hal_cortex.o
 .debug_frame   0x00000570       0xd0 build/debug/stm32l4xx_hal_gpio.o
 .debug_frame   0x00000640      0x118 build/debug/stm32l4xx_hal_msp.o
 .debug_frame   0x00000758      0x2b8 build/debug/stm32l4xx_hal_pwr_ex.o
 .debug_frame   0x00000a10      0x19c build/debug/stm32l4xx_hal_rcc.o
 .debug_frame   0x00000bac      0x1f8 build/debug/stm32l4xx_hal_rcc_ex.o
 .debug_frame   0x00000da4      0x5c8 build/debug/stm32l4xx_hal_spi.o
 .debug_frame   0x0000136c      0x5e4 build/debug/stm32l4xx_hal_uart.o
 .debug_frame   0x00001950      0x434 build/debug/stm32l4xx_hal_usart.o
 .debug_frame   0x00001d84       0xa8 build/debug/stm32l4xx_it.o
 .debug_frame   0x00001e2c       0x30 build/debug/system_stm32l4xx.o

.debug_loclists
                0x00000000     0x80d5
 .debug_loclists
                0x00000000      0x14d build/debug/stm32l4xx_hal.o
 .debug_loclists
                0x0000014d      0x500 build/debug/stm32l4xx_hal_cortex.o
 .debug_loclists
                0x0000064d      0x298 build/debug/stm32l4xx_hal_gpio.o
 .debug_loclists
                0x000008e5      0x1af build/debug/stm32l4xx_hal_msp.o
 .debug_loclists
                0x00000a94      0x785 build/debug/stm32l4xx_hal_pwr_ex.o
 .debug_loclists
                0x00001219      0x55f build/debug/stm32l4xx_hal_rcc.o
 .debug_loclists
                0x00001778     0x16e2 build/debug/stm32l4xx_hal_rcc_ex.o
 .debug_loclists
                0x00002e5a     0x1625 build/debug/stm32l4xx_hal_spi.o
 .debug_loclists
                0x0000447f     0x27cf build/debug/stm32l4xx_hal_uart.o
 .debug_loclists
                0x00006c4e     0x13d2 build/debug/stm32l4xx_hal_usart.o
 .debug_loclists
                0x00008020       0xb5 build/debug/system_stm32l4xx.o

.debug_line_str
                0x00000000       0x51
 .debug_line_str
                0x00000000       0x51 build/debug/startup_stm32l476xx.o

Cross Reference Table

Symbol                                            File
ADC1_2_IRQHandler                                 build/debug/startup_stm32l476xx.o
ADC3_IRQHandler                                   build/debug/startup_stm32l476xx.o
AHBPrescTable                                     build/debug/system_stm32l4xx.o
                                                  build/debug/stm32l4xx_hal_rcc.o
APBPrescTable                                     build/debug/system_stm32l4xx.o
                                                  build/debug/stm32l4xx_hal_rcc.o
BusFault_Handler                                  build/debug/stm32l4xx_it.o
CAN1_RX0_IRQHandler                               build/debug/startup_stm32l476xx.o
CAN1_RX1_IRQHandler                               build/debug/startup_stm32l476xx.o
CAN1_SCE_IRQHandler                               build/debug/startup_stm32l476xx.o
CAN1_TX_IRQHandler                                build/debug/startup_stm32l476xx.o
COMP_IRQHandler                                   build/debug/startup_stm32l476xx.o
DFSDM1_FLT0_IRQHandler                            build/debug/startup_stm32l476xx.o
DFSDM1_FLT1_IRQHandler                            build/debug/startup_stm32l476xx.o
DFSDM1_FLT2_IRQHandler                            build/debug/startup_stm32l476xx.o
DFSDM1_FLT3_IRQHandler                            build/debug/startup_stm32l476xx.o
DMA1_Channel1_IRQHandler                          build/debug/startup_stm32l476xx.o
DMA1_Channel2_IRQHandler                          build/debug/startup_stm32l476xx.o
DMA1_Channel3_IRQHandler                          build/debug/startup_stm32l476xx.o
DMA1_Channel4_IRQHandler                          build/debug/startup_stm32l476xx.o
DMA1_Channel5_IRQHandler                          build/debug/startup_stm32l476xx.o
DMA1_Channel6_IRQHandler                          build/debug/startup_stm32l476xx.o
DMA1_Channel7_IRQHandler                          build/debug/startup_stm32l476xx.o
DMA2_Channel1_IRQHandler                          build/debug/startup_stm32l476xx.o
DMA2_Channel2_IRQHandler                          build/debug/startup_stm32l476xx.o
DMA2_Channel3_IRQHandler                          build/debug/startup_stm32l476xx.o
DMA2_Channel4_IRQHandler                          build/debug/startup_stm32l476xx.o
DMA2_Channel5_IRQHandler                          build/debug/startup_stm32l476xx.o
DMA2_Channel6_IRQHandler                          build/debug/startup_stm32l476xx.o
DMA2_Channel7_IRQHandler                          build/debug/startup_stm32l476xx.o
DebugMon_Handler                                  build/debug/stm32l4xx_it.o
Default_Handler                                   build/debug/startup_stm32l476xx.o
EXTI0_IRQHandler                                  build/debug/startup_stm32l476xx.o
EXTI15_10_IRQHandler                              build/debug/startup_stm32l476xx.o
EXTI1_IRQHandler                                  build/debug/startup_stm32l476xx.o
EXTI2_IRQHandler                                  build/debug/startup_stm32l476xx.o
EXTI3_IRQHandler                                  build/debug/startup_stm32l476xx.o
EXTI4_IRQHandler                                  build/debug/startup_stm32l476xx.o
EXTI9_5_IRQHandler                                build/debug/startup_stm32l476xx.o
Error_Handler                                     build/debug/main.o
                                                  build/debug/stm32l4xx_hal_msp.o
FLASH_FlushCaches                                 build/debug/stm32l4xx_hal_flash_ex.o
                                                  build/debug/stm32l4xx_hal_flash.o
FLASH_IRQHandler                                  build/debug/startup_stm32l476xx.o
FLASH_PageErase                                   build/debug/stm32l4xx_hal_flash_ex.o
                                                  build/debug/stm32l4xx_hal_flash.o
FLASH_WaitForLastOperation                        build/debug/stm32l4xx_hal_flash.o
                                                  build/debug/stm32l4xx_hal_flash_ex.o
FMC_IRQHandler                                    build/debug/startup_stm32l476xx.o
FPU_IRQHandler                                    build/debug/startup_stm32l476xx.o
HAL_DBGMCU_DisableDBGSleepMode                    build/debug/stm32l4xx_hal.o
HAL_DBGMCU_DisableDBGStandbyMode                  build/debug/stm32l4xx_hal.o
HAL_DBGMCU_DisableDBGStopMode                     build/debug/stm32l4xx_hal.o
HAL_DBGMCU_EnableDBGSleepMode                     build/debug/stm32l4xx_hal.o
HAL_DBGMCU_EnableDBGStandbyMode                   build/debug/stm32l4xx_hal.o
HAL_DBGMCU_EnableDBGStopMode                      build/debug/stm32l4xx_hal.o
HAL_DMA_Abort                                     build/debug/stm32l4xx_hal_dma.o
                                                  build/debug/stm32l4xx_hal_usart.o
                                                  build/debug/stm32l4xx_hal_uart.o
                                                  build/debug/stm32l4xx_hal_spi.o
                                                  build/debug/stm32l4xx_hal_sd.o
HAL_DMA_Abort_IT                                  build/debug/stm32l4xx_hal_dma.o
                                                  build/debug/stm32l4xx_hal_usart.o
                                                  build/debug/stm32l4xx_hal_uart.o
                                                  build/debug/stm32l4xx_hal_spi.o
                                                  build/debug/stm32l4xx_hal_sd.o
HAL_DMA_DeInit                                    build/debug/stm32l4xx_hal_dma.o
HAL_DMA_GetError                                  build/debug/stm32l4xx_hal_dma.o
                                                  build/debug/stm32l4xx_hal_usart.o
                                                  build/debug/stm32l4xx_hal_uart.o
HAL_DMA_GetState                                  build/debug/stm32l4xx_hal_dma.o
HAL_DMA_IRQHandler                                build/debug/stm32l4xx_hal_dma.o
HAL_DMA_Init                                      build/debug/stm32l4xx_hal_dma.o
HAL_DMA_PollForTransfer                           build/debug/stm32l4xx_hal_dma.o
HAL_DMA_RegisterCallback                          build/debug/stm32l4xx_hal_dma.o
HAL_DMA_Start                                     build/debug/stm32l4xx_hal_dma.o
HAL_DMA_Start_IT                                  build/debug/stm32l4xx_hal_dma.o
                                                  build/debug/stm32l4xx_hal_usart.o
                                                  build/debug/stm32l4xx_hal_uart.o
                                                  build/debug/stm32l4xx_hal_spi.o
                                                  build/debug/stm32l4xx_hal_sd.o
HAL_DMA_UnRegisterCallback                        build/debug/stm32l4xx_hal_dma.o
HAL_DeInit                                        build/debug/stm32l4xx_hal.o
HAL_Delay                                         build/debug/stm32l4xx_hal.o
                                                  build/debug/stm32l4xx_ll_sdmmc.o
                                                  build/debug/stm32l4xx_hal_sd.o
                                                  build/debug/main.o
HAL_EXTI_ClearConfigLine                          build/debug/stm32l4xx_hal_exti.o
HAL_EXTI_ClearPending                             build/debug/stm32l4xx_hal_exti.o
HAL_EXTI_GenerateSWI                              build/debug/stm32l4xx_hal_exti.o
HAL_EXTI_GetConfigLine                            build/debug/stm32l4xx_hal_exti.o
HAL_EXTI_GetHandle                                build/debug/stm32l4xx_hal_exti.o
HAL_EXTI_GetPending                               build/debug/stm32l4xx_hal_exti.o
HAL_EXTI_IRQHandler                               build/debug/stm32l4xx_hal_exti.o
HAL_EXTI_RegisterCallback                         build/debug/stm32l4xx_hal_exti.o
HAL_EXTI_SetConfigLine                            build/debug/stm32l4xx_hal_exti.o
HAL_FLASHEx_DisableRunPowerDown                   build/debug/stm32l4xx_hal_flash_ramfunc.o
HAL_FLASHEx_EnableRunPowerDown                    build/debug/stm32l4xx_hal_flash_ramfunc.o
HAL_FLASHEx_Erase                                 build/debug/stm32l4xx_hal_flash_ex.o
HAL_FLASHEx_Erase_IT                              build/debug/stm32l4xx_hal_flash_ex.o
HAL_FLASHEx_OBGetConfig                           build/debug/stm32l4xx_hal_flash_ex.o
HAL_FLASHEx_OBProgram                             build/debug/stm32l4xx_hal_flash_ex.o
HAL_FLASH_EndOfOperationCallback                  build/debug/stm32l4xx_hal_flash.o
HAL_FLASH_GetError                                build/debug/stm32l4xx_hal_flash.o
HAL_FLASH_IRQHandler                              build/debug/stm32l4xx_hal_flash.o
HAL_FLASH_Lock                                    build/debug/stm32l4xx_hal_flash.o
HAL_FLASH_OB_Launch                               build/debug/stm32l4xx_hal_flash.o
HAL_FLASH_OB_Lock                                 build/debug/stm32l4xx_hal_flash.o
HAL_FLASH_OB_Unlock                               build/debug/stm32l4xx_hal_flash.o
HAL_FLASH_OperationErrorCallback                  build/debug/stm32l4xx_hal_flash.o
HAL_FLASH_Program                                 build/debug/stm32l4xx_hal_flash.o
HAL_FLASH_Program_IT                              build/debug/stm32l4xx_hal_flash.o
HAL_FLASH_Unlock                                  build/debug/stm32l4xx_hal_flash.o
HAL_GPIO_DeInit                                   build/debug/stm32l4xx_hal_gpio.o
                                                  build/debug/stm32l4xx_hal_msp.o
HAL_GPIO_EXTI_Callback                            build/debug/stm32l4xx_hal_gpio.o
HAL_GPIO_EXTI_IRQHandler                          build/debug/stm32l4xx_hal_gpio.o
HAL_GPIO_Init                                     build/debug/stm32l4xx_hal_gpio.o
                                                  build/debug/stm32l4xx_hal_rcc_ex.o
                                                  build/debug/stm32l4xx_hal_rcc.o
                                                  build/debug/stm32l4xx_hal_msp.o
                                                  build/debug/main.o
HAL_GPIO_LockPin                                  build/debug/stm32l4xx_hal_gpio.o
HAL_GPIO_ReadPin                                  build/debug/stm32l4xx_hal_gpio.o
HAL_GPIO_TogglePin                                build/debug/stm32l4xx_hal_gpio.o
                                                  build/debug/main.o
HAL_GPIO_WritePin                                 build/debug/stm32l4xx_hal_gpio.o
                                                  build/debug/main.o
HAL_GetDEVID                                      build/debug/stm32l4xx_hal.o
HAL_GetHalVersion                                 build/debug/stm32l4xx_hal.o
HAL_GetREVID                                      build/debug/stm32l4xx_hal.o
HAL_GetTick                                       build/debug/stm32l4xx_hal.o
                                                  build/debug/stm32l4xx_hal_usart.o
                                                  build/debug/stm32l4xx_hal_uart_ex.o
                                                  build/debug/stm32l4xx_hal_uart.o
                                                  build/debug/stm32l4xx_hal_spi.o
                                                  build/debug/stm32l4xx_hal_sd.o
                                                  build/debug/stm32l4xx_hal_rcc_ex.o
                                                  build/debug/stm32l4xx_hal_rcc.o
                                                  build/debug/stm32l4xx_hal_flash.o
                                                  build/debug/stm32l4xx_hal_dma.o
HAL_GetTickFreq                                   build/debug/stm32l4xx_hal.o
HAL_GetTickPrio                                   build/debug/stm32l4xx_hal.o
HAL_GetUIDw0                                      build/debug/stm32l4xx_hal.o
HAL_GetUIDw1                                      build/debug/stm32l4xx_hal.o
HAL_GetUIDw2                                      build/debug/stm32l4xx_hal.o
HAL_HalfDuplex_EnableReceiver                     build/debug/stm32l4xx_hal_uart.o
HAL_HalfDuplex_EnableTransmitter                  build/debug/stm32l4xx_hal_uart.o
HAL_HalfDuplex_Init                               build/debug/stm32l4xx_hal_uart.o
HAL_IncTick                                       build/debug/stm32l4xx_hal.o
                                                  build/debug/stm32l4xx_it.o
HAL_Init                                          build/debug/stm32l4xx_hal.o
                                                  build/debug/main.o
HAL_InitTick                                      build/debug/stm32l4xx_hal.o
                                                  build/debug/stm32l4xx_hal_rcc.o
HAL_LIN_Init                                      build/debug/stm32l4xx_hal_uart.o
HAL_LIN_SendBreak                                 build/debug/stm32l4xx_hal_uart.o
HAL_MPU_ConfigRegion                              build/debug/stm32l4xx_hal_cortex.o
HAL_MPU_Disable                                   build/debug/stm32l4xx_hal_cortex.o
HAL_MPU_DisableRegion                             build/debug/stm32l4xx_hal_cortex.o
HAL_MPU_Enable                                    build/debug/stm32l4xx_hal_cortex.o
HAL_MPU_EnableRegion                              build/debug/stm32l4xx_hal_cortex.o
HAL_MspDeInit                                     build/debug/stm32l4xx_hal.o
HAL_MspInit                                       build/debug/stm32l4xx_hal_msp.o
                                                  build/debug/stm32l4xx_hal.o
HAL_MultiProcessorEx_AddressLength_Set            build/debug/stm32l4xx_hal_uart_ex.o
HAL_MultiProcessor_DisableMuteMode                build/debug/stm32l4xx_hal_uart.o
HAL_MultiProcessor_EnableMuteMode                 build/debug/stm32l4xx_hal_uart.o
HAL_MultiProcessor_EnterMuteMode                  build/debug/stm32l4xx_hal_uart.o
HAL_MultiProcessor_Init                           build/debug/stm32l4xx_hal_uart.o
HAL_NVIC_ClearPendingIRQ                          build/debug/stm32l4xx_hal_cortex.o
HAL_NVIC_DisableIRQ                               build/debug/stm32l4xx_hal_cortex.o
HAL_NVIC_EnableIRQ                                build/debug/stm32l4xx_hal_cortex.o
HAL_NVIC_GetActive                                build/debug/stm32l4xx_hal_cortex.o
HAL_NVIC_GetPendingIRQ                            build/debug/stm32l4xx_hal_cortex.o
HAL_NVIC_GetPriority                              build/debug/stm32l4xx_hal_cortex.o
HAL_NVIC_GetPriorityGrouping                      build/debug/stm32l4xx_hal_cortex.o
HAL_NVIC_SetPendingIRQ                            build/debug/stm32l4xx_hal_cortex.o
HAL_NVIC_SetPriority                              build/debug/stm32l4xx_hal_cortex.o
                                                  build/debug/stm32l4xx_hal.o
HAL_NVIC_SetPriorityGrouping                      build/debug/stm32l4xx_hal_cortex.o
                                                  build/debug/stm32l4xx_hal.o
HAL_NVIC_SystemReset                              build/debug/stm32l4xx_hal_cortex.o
HAL_PWREx_ConfigPVM                               build/debug/stm32l4xx_hal_pwr_ex.o
HAL_PWREx_ControlVoltageScaling                   build/debug/stm32l4xx_hal_pwr_ex.o
                                                  build/debug/main.o
HAL_PWREx_DisableBatteryCharging                  build/debug/stm32l4xx_hal_pwr_ex.o
HAL_PWREx_DisableExtSMPS_0V95                     build/debug/stm32l4xx_hal_pwr_ex.o
HAL_PWREx_DisableGPIOPullDown                     build/debug/stm32l4xx_hal_pwr_ex.o
HAL_PWREx_DisableGPIOPullUp                       build/debug/stm32l4xx_hal_pwr_ex.o
HAL_PWREx_DisableInternalWakeUpLine               build/debug/stm32l4xx_hal_pwr_ex.o
HAL_PWREx_DisableLowPowerRunMode                  build/debug/stm32l4xx_hal_pwr_ex.o
                                                  build/debug/stm32l4xx_hal_pwr.o
HAL_PWREx_DisablePVM1                             build/debug/stm32l4xx_hal_pwr_ex.o
HAL_PWREx_DisablePVM2                             build/debug/stm32l4xx_hal_pwr_ex.o
HAL_PWREx_DisablePVM3                             build/debug/stm32l4xx_hal_pwr_ex.o
HAL_PWREx_DisablePVM4                             build/debug/stm32l4xx_hal_pwr_ex.o
HAL_PWREx_DisablePullUpPullDownConfig             build/debug/stm32l4xx_hal_pwr_ex.o
HAL_PWREx_DisableSRAM2ContentRetention            build/debug/stm32l4xx_hal_pwr_ex.o
HAL_PWREx_DisableVddIO2                           build/debug/stm32l4xx_hal_pwr_ex.o
HAL_PWREx_DisableVddUSB                           build/debug/stm32l4xx_hal_pwr_ex.o
HAL_PWREx_EnableBatteryCharging                   build/debug/stm32l4xx_hal_pwr_ex.o
HAL_PWREx_EnableExtSMPS_0V95                      build/debug/stm32l4xx_hal_pwr_ex.o
HAL_PWREx_EnableGPIOPullDown                      build/debug/stm32l4xx_hal_pwr_ex.o
HAL_PWREx_EnableGPIOPullUp                        build/debug/stm32l4xx_hal_pwr_ex.o
HAL_PWREx_EnableInternalWakeUpLine                build/debug/stm32l4xx_hal_pwr_ex.o
HAL_PWREx_EnableLowPowerRunMode                   build/debug/stm32l4xx_hal_pwr_ex.o
                                                  build/debug/stm32l4xx_hal_pwr.o
HAL_PWREx_EnablePVM1                              build/debug/stm32l4xx_hal_pwr_ex.o
HAL_PWREx_EnablePVM2                              build/debug/stm32l4xx_hal_pwr_ex.o
HAL_PWREx_EnablePVM3                              build/debug/stm32l4xx_hal_pwr_ex.o
HAL_PWREx_EnablePVM4                              build/debug/stm32l4xx_hal_pwr_ex.o
HAL_PWREx_EnablePullUpPullDownConfig              build/debug/stm32l4xx_hal_pwr_ex.o
HAL_PWREx_EnableSRAM2ContentRetention             build/debug/stm32l4xx_hal_pwr_ex.o
HAL_PWREx_EnableVddIO2                            build/debug/stm32l4xx_hal_pwr_ex.o
HAL_PWREx_EnableVddUSB                            build/debug/stm32l4xx_hal_pwr_ex.o
HAL_PWREx_EnterSHUTDOWNMode                       build/debug/stm32l4xx_hal_pwr_ex.o
HAL_PWREx_EnterSTOP0Mode                          build/debug/stm32l4xx_hal_pwr_ex.o
                                                  build/debug/stm32l4xx_hal_pwr.o
HAL_PWREx_EnterSTOP1Mode                          build/debug/stm32l4xx_hal_pwr_ex.o
                                                  build/debug/stm32l4xx_hal_pwr.o
HAL_PWREx_EnterSTOP2Mode                          build/debug/stm32l4xx_hal_pwr_ex.o
HAL_PWREx_GetVoltageRange                         build/debug/stm32l4xx_hal_pwr_ex.o
                                                  build/debug/stm32l4xx_hal_rcc.o
HAL_PWREx_PVD_PVM_IRQHandler                      build/debug/stm32l4xx_hal_pwr_ex.o
HAL_PWREx_PVM1Callback                            build/debug/stm32l4xx_hal_pwr_ex.o
HAL_PWREx_PVM2Callback                            build/debug/stm32l4xx_hal_pwr_ex.o
HAL_PWREx_PVM3Callback                            build/debug/stm32l4xx_hal_pwr_ex.o
HAL_PWREx_PVM4Callback                            build/debug/stm32l4xx_hal_pwr_ex.o
HAL_PWREx_SetSRAM2ContentRetention                build/debug/stm32l4xx_hal_pwr_ex.o
HAL_PWR_ConfigPVD                                 build/debug/stm32l4xx_hal_pwr.o
HAL_PWR_DeInit                                    build/debug/stm32l4xx_hal_pwr.o
HAL_PWR_DisableBkUpAccess                         build/debug/stm32l4xx_hal_pwr.o
                                                  build/debug/stm32l4xx_hal_rcc_ex.o
HAL_PWR_DisablePVD                                build/debug/stm32l4xx_hal_pwr.o
HAL_PWR_DisableSEVOnPend                          build/debug/stm32l4xx_hal_pwr.o
HAL_PWR_DisableSleepOnExit                        build/debug/stm32l4xx_hal_pwr.o
HAL_PWR_DisableWakeUpPin                          build/debug/stm32l4xx_hal_pwr.o
HAL_PWR_EnableBkUpAccess                          build/debug/stm32l4xx_hal_pwr.o
                                                  build/debug/stm32l4xx_hal_rcc_ex.o
HAL_PWR_EnablePVD                                 build/debug/stm32l4xx_hal_pwr.o
HAL_PWR_EnableSEVOnPend                           build/debug/stm32l4xx_hal_pwr.o
HAL_PWR_EnableSleepOnExit                         build/debug/stm32l4xx_hal_pwr.o
HAL_PWR_EnableWakeUpPin                           build/debug/stm32l4xx_hal_pwr.o
HAL_PWR_EnterSLEEPMode                            build/debug/stm32l4xx_hal_pwr.o
HAL_PWR_EnterSTANDBYMode                          build/debug/stm32l4xx_hal_pwr.o
HAL_PWR_EnterSTOPMode                             build/debug/stm32l4xx_hal_pwr.o
HAL_PWR_PVDCallback                               build/debug/stm32l4xx_hal_pwr.o
                                                  build/debug/stm32l4xx_hal_pwr_ex.o
HAL_RCCEx_DisableLSCO                             build/debug/stm32l4xx_hal_rcc_ex.o
HAL_RCCEx_DisableLSECSS                           build/debug/stm32l4xx_hal_rcc_ex.o
HAL_RCCEx_DisableMSIPLLMode                       build/debug/stm32l4xx_hal_rcc_ex.o
HAL_RCCEx_DisablePLLSAI1                          build/debug/stm32l4xx_hal_rcc_ex.o
HAL_RCCEx_DisablePLLSAI2                          build/debug/stm32l4xx_hal_rcc_ex.o
HAL_RCCEx_EnableLSCO                              build/debug/stm32l4xx_hal_rcc_ex.o
HAL_RCCEx_EnableLSECSS                            build/debug/stm32l4xx_hal_rcc_ex.o
HAL_RCCEx_EnableLSECSS_IT                         build/debug/stm32l4xx_hal_rcc_ex.o
HAL_RCCEx_EnableMSIPLLMode                        build/debug/stm32l4xx_hal_rcc_ex.o
HAL_RCCEx_EnablePLLSAI1                           build/debug/stm32l4xx_hal_rcc_ex.o
HAL_RCCEx_EnablePLLSAI2                           build/debug/stm32l4xx_hal_rcc_ex.o
HAL_RCCEx_GetPeriphCLKConfig                      build/debug/stm32l4xx_hal_rcc_ex.o
HAL_RCCEx_GetPeriphCLKFreq                        build/debug/stm32l4xx_hal_rcc_ex.o
                                                  build/debug/stm32l4xx_hal_sd.o
HAL_RCCEx_LSECSS_Callback                         build/debug/stm32l4xx_hal_rcc_ex.o
HAL_RCCEx_LSECSS_IRQHandler                       build/debug/stm32l4xx_hal_rcc_ex.o
HAL_RCCEx_PeriphCLKConfig                         build/debug/stm32l4xx_hal_rcc_ex.o
                                                  build/debug/stm32l4xx_hal_msp.o
HAL_RCCEx_StandbyMSIRangeConfig                   build/debug/stm32l4xx_hal_rcc_ex.o
HAL_RCCEx_WakeUpStopCLKConfig                     build/debug/stm32l4xx_hal_rcc_ex.o
HAL_RCC_CSSCallback                               build/debug/stm32l4xx_hal_rcc.o
HAL_RCC_ClockConfig                               build/debug/stm32l4xx_hal_rcc.o
                                                  build/debug/main.o
HAL_RCC_DeInit                                    build/debug/stm32l4xx_hal_rcc.o
HAL_RCC_EnableCSS                                 build/debug/stm32l4xx_hal_rcc.o
HAL_RCC_GetClockConfig                            build/debug/stm32l4xx_hal_rcc.o
HAL_RCC_GetHCLKFreq                               build/debug/stm32l4xx_hal_rcc.o
HAL_RCC_GetOscConfig                              build/debug/stm32l4xx_hal_rcc.o
HAL_RCC_GetPCLK1Freq                              build/debug/stm32l4xx_hal_rcc.o
                                                  build/debug/stm32l4xx_hal_usart.o
                                                  build/debug/stm32l4xx_hal_uart.o
                                                  build/debug/stm32l4xx_hal_rcc_ex.o
HAL_RCC_GetPCLK2Freq                              build/debug/stm32l4xx_hal_rcc.o
                                                  build/debug/stm32l4xx_hal_usart.o
                                                  build/debug/stm32l4xx_hal_uart.o
                                                  build/debug/stm32l4xx_hal_rcc_ex.o
HAL_RCC_GetResetSource                            build/debug/stm32l4xx_hal_rcc.o
HAL_RCC_GetSysClockFreq                           build/debug/stm32l4xx_hal_rcc.o
                                                  build/debug/stm32l4xx_hal_usart.o
                                                  build/debug/stm32l4xx_hal_uart.o
                                                  build/debug/stm32l4xx_hal_rcc_ex.o
HAL_RCC_MCOConfig                                 build/debug/stm32l4xx_hal_rcc.o
HAL_RCC_NMI_IRQHandler                            build/debug/stm32l4xx_hal_rcc.o
HAL_RCC_OscConfig                                 build/debug/stm32l4xx_hal_rcc.o
                                                  build/debug/main.o
HAL_RS485Ex_Init                                  build/debug/stm32l4xx_hal_uart_ex.o
HAL_ResumeTick                                    build/debug/stm32l4xx_hal.o
HAL_SD_Abort                                      build/debug/stm32l4xx_hal_sd.o
HAL_SD_AbortCallback                              build/debug/stm32l4xx_hal_sd.o
HAL_SD_Abort_IT                                   build/debug/stm32l4xx_hal_sd.o
HAL_SD_ConfigWideBusOperation                     build/debug/stm32l4xx_hal_sd.o
HAL_SD_DeInit                                     build/debug/stm32l4xx_hal_sd.o
HAL_SD_Erase                                      build/debug/stm32l4xx_hal_sd.o
HAL_SD_ErrorCallback                              build/debug/stm32l4xx_hal_sd.o
HAL_SD_GetCardCID                                 build/debug/stm32l4xx_hal_sd.o
HAL_SD_GetCardCSD                                 build/debug/stm32l4xx_hal_sd.o
HAL_SD_GetCardInfo                                build/debug/stm32l4xx_hal_sd.o
HAL_SD_GetCardState                               build/debug/stm32l4xx_hal_sd.o
HAL_SD_GetCardStatus                              build/debug/stm32l4xx_hal_sd.o
HAL_SD_GetError                                   build/debug/stm32l4xx_hal_sd.o
HAL_SD_GetState                                   build/debug/stm32l4xx_hal_sd.o
HAL_SD_IRQHandler                                 build/debug/stm32l4xx_hal_sd.o
HAL_SD_Init                                       build/debug/stm32l4xx_hal_sd.o
HAL_SD_InitCard                                   build/debug/stm32l4xx_hal_sd.o
HAL_SD_MspDeInit                                  build/debug/stm32l4xx_hal_msp.o
HAL_SD_MspInit                                    build/debug/stm32l4xx_hal_msp.o
HAL_SD_ReadBlocks                                 build/debug/stm32l4xx_hal_sd.o
HAL_SD_ReadBlocks_DMA                             build/debug/stm32l4xx_hal_sd.o
HAL_SD_ReadBlocks_IT                              build/debug/stm32l4xx_hal_sd.o
HAL_SD_RxCpltCallback                             build/debug/stm32l4xx_hal_sd.o
HAL_SD_TxCpltCallback                             build/debug/stm32l4xx_hal_sd.o
HAL_SD_WriteBlocks                                build/debug/stm32l4xx_hal_sd.o
HAL_SD_WriteBlocks_DMA                            build/debug/stm32l4xx_hal_sd.o
HAL_SD_WriteBlocks_IT                             build/debug/stm32l4xx_hal_sd.o
HAL_SPIEx_FlushRxFifo                             build/debug/stm32l4xx_hal_spi_ex.o
HAL_SPI_Abort                                     build/debug/stm32l4xx_hal_spi.o
HAL_SPI_AbortCpltCallback                         build/debug/stm32l4xx_hal_spi.o
HAL_SPI_Abort_IT                                  build/debug/stm32l4xx_hal_spi.o
HAL_SPI_DMAPause                                  build/debug/stm32l4xx_hal_spi.o
HAL_SPI_DMAResume                                 build/debug/stm32l4xx_hal_spi.o
HAL_SPI_DMAStop                                   build/debug/stm32l4xx_hal_spi.o
HAL_SPI_DeInit                                    build/debug/stm32l4xx_hal_spi.o
HAL_SPI_ErrorCallback                             build/debug/stm32l4xx_hal_spi.o
HAL_SPI_GetError                                  build/debug/stm32l4xx_hal_spi.o
HAL_SPI_GetState                                  build/debug/stm32l4xx_hal_spi.o
HAL_SPI_IRQHandler                                build/debug/stm32l4xx_hal_spi.o
HAL_SPI_Init                                      build/debug/stm32l4xx_hal_spi.o
                                                  build/debug/main.o
HAL_SPI_MspDeInit                                 build/debug/stm32l4xx_hal_msp.o
HAL_SPI_MspInit                                   build/debug/stm32l4xx_hal_msp.o
HAL_SPI_Receive                                   build/debug/stm32l4xx_hal_spi.o
HAL_SPI_Receive_DMA                               build/debug/stm32l4xx_hal_spi.o
HAL_SPI_Receive_IT                                build/debug/stm32l4xx_hal_spi.o
HAL_SPI_RxCpltCallback                            build/debug/stm32l4xx_hal_spi.o
HAL_SPI_RxHalfCpltCallback                        build/debug/stm32l4xx_hal_spi.o
HAL_SPI_Transmit                                  build/debug/stm32l4xx_hal_spi.o
HAL_SPI_TransmitReceive                           build/debug/stm32l4xx_hal_spi.o
HAL_SPI_TransmitReceive_DMA                       build/debug/stm32l4xx_hal_spi.o
HAL_SPI_TransmitReceive_IT                        build/debug/stm32l4xx_hal_spi.o
HAL_SPI_Transmit_DMA                              build/debug/stm32l4xx_hal_spi.o
HAL_SPI_Transmit_IT                               build/debug/stm32l4xx_hal_spi.o
HAL_SPI_TxCpltCallback                            build/debug/stm32l4xx_hal_spi.o
HAL_SPI_TxHalfCpltCallback                        build/debug/stm32l4xx_hal_spi.o
HAL_SPI_TxRxCpltCallback                          build/debug/stm32l4xx_hal_spi.o
HAL_SPI_TxRxHalfCpltCallback                      build/debug/stm32l4xx_hal_spi.o
HAL_SYSCFG_DisableIOAnalogSwitchBooster           build/debug/stm32l4xx_hal.o
HAL_SYSCFG_DisableMemorySwappingBank              build/debug/stm32l4xx_hal.o
HAL_SYSCFG_DisableVREFBUF                         build/debug/stm32l4xx_hal.o
HAL_SYSCFG_EnableIOAnalogSwitchBooster            build/debug/stm32l4xx_hal.o
HAL_SYSCFG_EnableMemorySwappingBank               build/debug/stm32l4xx_hal.o
HAL_SYSCFG_EnableVREFBUF                          build/debug/stm32l4xx_hal.o
HAL_SYSCFG_SRAM2Erase                             build/debug/stm32l4xx_hal.o
HAL_SYSCFG_VREFBUF_HighImpedanceConfig            build/debug/stm32l4xx_hal.o
HAL_SYSCFG_VREFBUF_TrimmingConfig                 build/debug/stm32l4xx_hal.o
HAL_SYSCFG_VREFBUF_VoltageScalingConfig           build/debug/stm32l4xx_hal.o
HAL_SYSTICK_CLKSourceConfig                       build/debug/stm32l4xx_hal_cortex.o
HAL_SYSTICK_Callback                              build/debug/stm32l4xx_hal_cortex.o
HAL_SYSTICK_Config                                build/debug/stm32l4xx_hal_cortex.o
                                                  build/debug/stm32l4xx_hal.o
HAL_SYSTICK_IRQHandler                            build/debug/stm32l4xx_hal_cortex.o
HAL_SetTickFreq                                   build/debug/stm32l4xx_hal.o
HAL_SuspendTick                                   build/debug/stm32l4xx_hal.o
HAL_UARTEx_DisableClockStopMode                   build/debug/stm32l4xx_hal_uart_ex.o
HAL_UARTEx_DisableStopMode                        build/debug/stm32l4xx_hal_uart_ex.o
HAL_UARTEx_EnableClockStopMode                    build/debug/stm32l4xx_hal_uart_ex.o
HAL_UARTEx_EnableStopMode                         build/debug/stm32l4xx_hal_uart_ex.o
HAL_UARTEx_GetRxEventType                         build/debug/stm32l4xx_hal_uart_ex.o
HAL_UARTEx_ReceiveToIdle                          build/debug/stm32l4xx_hal_uart_ex.o
HAL_UARTEx_ReceiveToIdle_DMA                      build/debug/stm32l4xx_hal_uart_ex.o
HAL_UARTEx_ReceiveToIdle_IT                       build/debug/stm32l4xx_hal_uart_ex.o
HAL_UARTEx_RxEventCallback                        build/debug/stm32l4xx_hal_uart.o
HAL_UARTEx_StopModeWakeUpSourceConfig             build/debug/stm32l4xx_hal_uart_ex.o
HAL_UARTEx_WakeupCallback                         build/debug/stm32l4xx_hal_uart_ex.o
                                                  build/debug/stm32l4xx_hal_uart.o
HAL_UART_Abort                                    build/debug/stm32l4xx_hal_uart.o
HAL_UART_AbortCpltCallback                        build/debug/stm32l4xx_hal_uart.o
HAL_UART_AbortReceive                             build/debug/stm32l4xx_hal_uart.o
HAL_UART_AbortReceiveCpltCallback                 build/debug/stm32l4xx_hal_uart.o
HAL_UART_AbortReceive_IT                          build/debug/stm32l4xx_hal_uart.o
HAL_UART_AbortTransmit                            build/debug/stm32l4xx_hal_uart.o
HAL_UART_AbortTransmitCpltCallback                build/debug/stm32l4xx_hal_uart.o
HAL_UART_AbortTransmit_IT                         build/debug/stm32l4xx_hal_uart.o
HAL_UART_Abort_IT                                 build/debug/stm32l4xx_hal_uart.o
HAL_UART_DMAPause                                 build/debug/stm32l4xx_hal_uart.o
HAL_UART_DMAResume                                build/debug/stm32l4xx_hal_uart.o
HAL_UART_DMAStop                                  build/debug/stm32l4xx_hal_uart.o
HAL_UART_DeInit                                   build/debug/stm32l4xx_hal_uart.o
HAL_UART_DisableReceiverTimeout                   build/debug/stm32l4xx_hal_uart.o
HAL_UART_EnableReceiverTimeout                    build/debug/stm32l4xx_hal_uart.o
HAL_UART_ErrorCallback                            build/debug/stm32l4xx_hal_uart.o
HAL_UART_GetError                                 build/debug/stm32l4xx_hal_uart.o
HAL_UART_GetState                                 build/debug/stm32l4xx_hal_uart.o
HAL_UART_IRQHandler                               build/debug/stm32l4xx_hal_uart.o
HAL_UART_Init                                     build/debug/stm32l4xx_hal_uart.o
                                                  build/debug/main.o
HAL_UART_MspDeInit                                build/debug/stm32l4xx_hal_msp.o
HAL_UART_MspInit                                  build/debug/stm32l4xx_hal_msp.o
                                                  build/debug/stm32l4xx_hal_uart_ex.o
HAL_UART_Receive                                  build/debug/stm32l4xx_hal_uart.o
HAL_UART_Receive_DMA                              build/debug/stm32l4xx_hal_uart.o
HAL_UART_Receive_IT                               build/debug/stm32l4xx_hal_uart.o
HAL_UART_ReceiverTimeout_Config                   build/debug/stm32l4xx_hal_uart.o
HAL_UART_RxCpltCallback                           build/debug/stm32l4xx_hal_uart.o
HAL_UART_RxHalfCpltCallback                       build/debug/stm32l4xx_hal_uart.o
HAL_UART_Transmit                                 build/debug/stm32l4xx_hal_uart.o
HAL_UART_Transmit_DMA                             build/debug/stm32l4xx_hal_uart.o
HAL_UART_Transmit_IT                              build/debug/stm32l4xx_hal_uart.o
HAL_UART_TxCpltCallback                           build/debug/stm32l4xx_hal_uart.o
HAL_UART_TxHalfCpltCallback                       build/debug/stm32l4xx_hal_uart.o
HAL_USART_Abort                                   build/debug/stm32l4xx_hal_usart.o
HAL_USART_AbortCpltCallback                       build/debug/stm32l4xx_hal_usart.o
HAL_USART_Abort_IT                                build/debug/stm32l4xx_hal_usart.o
HAL_USART_DMAPause                                build/debug/stm32l4xx_hal_usart.o
HAL_USART_DMAResume                               build/debug/stm32l4xx_hal_usart.o
HAL_USART_DMAStop                                 build/debug/stm32l4xx_hal_usart.o
HAL_USART_DeInit                                  build/debug/stm32l4xx_hal_usart.o
HAL_USART_ErrorCallback                           build/debug/stm32l4xx_hal_usart.o
HAL_USART_GetError                                build/debug/stm32l4xx_hal_usart.o
HAL_USART_GetState                                build/debug/stm32l4xx_hal_usart.o
HAL_USART_IRQHandler                              build/debug/stm32l4xx_hal_usart.o
HAL_USART_Init                                    build/debug/stm32l4xx_hal_usart.o
                                                  build/debug/main.o
HAL_USART_MspDeInit                               build/debug/stm32l4xx_hal_msp.o
HAL_USART_MspInit                                 build/debug/stm32l4xx_hal_msp.o
HAL_USART_Receive                                 build/debug/stm32l4xx_hal_usart.o
HAL_USART_Receive_DMA                             build/debug/stm32l4xx_hal_usart.o
HAL_USART_Receive_IT                              build/debug/stm32l4xx_hal_usart.o
HAL_USART_RxCpltCallback                          build/debug/stm32l4xx_hal_usart.o
HAL_USART_RxHalfCpltCallback                      build/debug/stm32l4xx_hal_usart.o
HAL_USART_Transmit                                build/debug/stm32l4xx_hal_usart.o
HAL_USART_TransmitReceive                         build/debug/stm32l4xx_hal_usart.o
HAL_USART_TransmitReceive_DMA                     build/debug/stm32l4xx_hal_usart.o
HAL_USART_TransmitReceive_IT                      build/debug/stm32l4xx_hal_usart.o
HAL_USART_Transmit_DMA                            build/debug/stm32l4xx_hal_usart.o
HAL_USART_Transmit_IT                             build/debug/stm32l4xx_hal_usart.o
HAL_USART_TxCpltCallback                          build/debug/stm32l4xx_hal_usart.o
HAL_USART_TxHalfCpltCallback                      build/debug/stm32l4xx_hal_usart.o
HAL_USART_TxRxCpltCallback                        build/debug/stm32l4xx_hal_usart.o
HardFault_Handler                                 build/debug/stm32l4xx_it.o
I2C1_ER_IRQHandler                                build/debug/startup_stm32l476xx.o
I2C1_EV_IRQHandler                                build/debug/startup_stm32l476xx.o
I2C2_ER_IRQHandler                                build/debug/startup_stm32l476xx.o
I2C2_EV_IRQHandler                                build/debug/startup_stm32l476xx.o
I2C3_ER_IRQHandler                                build/debug/startup_stm32l476xx.o
I2C3_EV_IRQHandler                                build/debug/startup_stm32l476xx.o
LCD_IRQHandler                                    build/debug/startup_stm32l476xx.o
LPTIM1_IRQHandler                                 build/debug/startup_stm32l476xx.o
LPTIM2_IRQHandler                                 build/debug/startup_stm32l476xx.o
LPUART1_IRQHandler                                build/debug/startup_stm32l476xx.o
MSIRangeTable                                     build/debug/system_stm32l4xx.o
                                                  build/debug/stm32l4xx_hal_rcc_ex.o
                                                  build/debug/stm32l4xx_hal_rcc.o
MemManage_Handler                                 build/debug/stm32l4xx_it.o
NMI_Handler                                       build/debug/stm32l4xx_it.o
OTG_FS_IRQHandler                                 build/debug/startup_stm32l476xx.o
PVD_PVM_IRQHandler                                build/debug/startup_stm32l476xx.o
PendSV_Handler                                    build/debug/stm32l4xx_it.o
QUADSPI_IRQHandler                                build/debug/startup_stm32l476xx.o
RCC_IRQHandler                                    build/debug/startup_stm32l476xx.o
RNG_IRQHandler                                    build/debug/startup_stm32l476xx.o
RTC_Alarm_IRQHandler                              build/debug/startup_stm32l476xx.o
RTC_WKUP_IRQHandler                               build/debug/startup_stm32l476xx.o
Reset_Handler                                     build/debug/startup_stm32l476xx.o
SAI1_IRQHandler                                   build/debug/startup_stm32l476xx.o
SAI2_IRQHandler                                   build/debug/startup_stm32l476xx.o
SDMMC1_IRQHandler                                 build/debug/startup_stm32l476xx.o
SDMMC_CmdAppCommand                               build/debug/stm32l4xx_ll_sdmmc.o
                                                  build/debug/stm32l4xx_hal_sd.o
SDMMC_CmdAppOperCommand                           build/debug/stm32l4xx_ll_sdmmc.o
                                                  build/debug/stm32l4xx_hal_sd.o
SDMMC_CmdBlockLength                              build/debug/stm32l4xx_ll_sdmmc.o
                                                  build/debug/stm32l4xx_hal_sd.o
SDMMC_CmdBusWidth                                 build/debug/stm32l4xx_ll_sdmmc.o
                                                  build/debug/stm32l4xx_hal_sd.o
SDMMC_CmdErase                                    build/debug/stm32l4xx_ll_sdmmc.o
                                                  build/debug/stm32l4xx_hal_sd.o
SDMMC_CmdEraseEndAdd                              build/debug/stm32l4xx_ll_sdmmc.o
SDMMC_CmdEraseStartAdd                            build/debug/stm32l4xx_ll_sdmmc.o
SDMMC_CmdGoIdleState                              build/debug/stm32l4xx_ll_sdmmc.o
                                                  build/debug/stm32l4xx_hal_sd.o
SDMMC_CmdOpCondition                              build/debug/stm32l4xx_ll_sdmmc.o
SDMMC_CmdOperCond                                 build/debug/stm32l4xx_ll_sdmmc.o
                                                  build/debug/stm32l4xx_hal_sd.o
SDMMC_CmdReadMultiBlock                           build/debug/stm32l4xx_ll_sdmmc.o
                                                  build/debug/stm32l4xx_hal_sd.o
SDMMC_CmdReadSingleBlock                          build/debug/stm32l4xx_ll_sdmmc.o
                                                  build/debug/stm32l4xx_hal_sd.o
SDMMC_CmdSDEraseEndAdd                            build/debug/stm32l4xx_ll_sdmmc.o
                                                  build/debug/stm32l4xx_hal_sd.o
SDMMC_CmdSDEraseStartAdd                          build/debug/stm32l4xx_ll_sdmmc.o
                                                  build/debug/stm32l4xx_hal_sd.o
SDMMC_CmdSelDesel                                 build/debug/stm32l4xx_ll_sdmmc.o
                                                  build/debug/stm32l4xx_hal_sd.o
SDMMC_CmdSendCID                                  build/debug/stm32l4xx_ll_sdmmc.o
                                                  build/debug/stm32l4xx_hal_sd.o
SDMMC_CmdSendCSD                                  build/debug/stm32l4xx_ll_sdmmc.o
                                                  build/debug/stm32l4xx_hal_sd.o
SDMMC_CmdSendEXTCSD                               build/debug/stm32l4xx_ll_sdmmc.o
SDMMC_CmdSendSCR                                  build/debug/stm32l4xx_ll_sdmmc.o
                                                  build/debug/stm32l4xx_hal_sd.o
SDMMC_CmdSendStatus                               build/debug/stm32l4xx_ll_sdmmc.o
                                                  build/debug/stm32l4xx_hal_sd.o
SDMMC_CmdSetRelAdd                                build/debug/stm32l4xx_ll_sdmmc.o
                                                  build/debug/stm32l4xx_hal_sd.o
SDMMC_CmdSetRelAddMmc                             build/debug/stm32l4xx_ll_sdmmc.o
SDMMC_CmdSleepMmc                                 build/debug/stm32l4xx_ll_sdmmc.o
SDMMC_CmdStatusRegister                           build/debug/stm32l4xx_ll_sdmmc.o
                                                  build/debug/stm32l4xx_hal_sd.o
SDMMC_CmdStopTransfer                             build/debug/stm32l4xx_ll_sdmmc.o
                                                  build/debug/stm32l4xx_hal_sd.o
SDMMC_CmdSwitch                                   build/debug/stm32l4xx_ll_sdmmc.o
SDMMC_CmdWriteMultiBlock                          build/debug/stm32l4xx_ll_sdmmc.o
                                                  build/debug/stm32l4xx_hal_sd.o
SDMMC_CmdWriteSingleBlock                         build/debug/stm32l4xx_ll_sdmmc.o
                                                  build/debug/stm32l4xx_hal_sd.o
SDMMC_ConfigData                                  build/debug/stm32l4xx_ll_sdmmc.o
                                                  build/debug/stm32l4xx_hal_sd.o
SDMMC_GetCmdResp1                                 build/debug/stm32l4xx_ll_sdmmc.o
SDMMC_GetCmdResp2                                 build/debug/stm32l4xx_ll_sdmmc.o
SDMMC_GetCmdResp3                                 build/debug/stm32l4xx_ll_sdmmc.o
SDMMC_GetCmdResp6                                 build/debug/stm32l4xx_ll_sdmmc.o
SDMMC_GetCmdResp7                                 build/debug/stm32l4xx_ll_sdmmc.o
SDMMC_GetCommandResponse                          build/debug/stm32l4xx_ll_sdmmc.o
SDMMC_GetDataCounter                              build/debug/stm32l4xx_ll_sdmmc.o
SDMMC_GetFIFOCount                                build/debug/stm32l4xx_ll_sdmmc.o
SDMMC_GetPowerState                               build/debug/stm32l4xx_ll_sdmmc.o
                                                  build/debug/stm32l4xx_hal_sd.o
SDMMC_GetResponse                                 build/debug/stm32l4xx_ll_sdmmc.o
                                                  build/debug/stm32l4xx_hal_sd.o
SDMMC_Init                                        build/debug/stm32l4xx_ll_sdmmc.o
                                                  build/debug/stm32l4xx_hal_sd.o
SDMMC_PowerState_OFF                              build/debug/stm32l4xx_ll_sdmmc.o
                                                  build/debug/stm32l4xx_hal_sd.o
SDMMC_PowerState_ON                               build/debug/stm32l4xx_ll_sdmmc.o
                                                  build/debug/stm32l4xx_hal_sd.o
SDMMC_ReadFIFO                                    build/debug/stm32l4xx_ll_sdmmc.o
                                                  build/debug/stm32l4xx_hal_sd.o
SDMMC_SendCommand                                 build/debug/stm32l4xx_ll_sdmmc.o
SDMMC_SetSDMMCReadWaitMode                        build/debug/stm32l4xx_ll_sdmmc.o
SDMMC_WriteFIFO                                   build/debug/stm32l4xx_ll_sdmmc.o
                                                  build/debug/stm32l4xx_hal_sd.o
SPI1_IRQHandler                                   build/debug/startup_stm32l476xx.o
SPI2_IRQHandler                                   build/debug/startup_stm32l476xx.o
SPI3_IRQHandler                                   build/debug/startup_stm32l476xx.o
SVC_Handler                                       build/debug/stm32l4xx_it.o
SWPMI1_IRQHandler                                 build/debug/startup_stm32l476xx.o
SysTick_Handler                                   build/debug/stm32l4xx_it.o
SystemClock_Config                                build/debug/main.o
SystemCoreClock                                   build/debug/system_stm32l4xx.o
                                                  build/debug/stm32l4xx_ll_sdmmc.o
                                                  build/debug/stm32l4xx_hal_spi.o
                                                  build/debug/stm32l4xx_hal_rcc.o
                                                  build/debug/stm32l4xx_hal_pwr_ex.o
                                                  build/debug/stm32l4xx_hal.o
SystemCoreClockUpdate                             build/debug/system_stm32l4xx.o
SystemInit                                        build/debug/system_stm32l4xx.o
                                                  build/debug/startup_stm32l476xx.o
TAMP_STAMP_IRQHandler                             build/debug/startup_stm32l476xx.o
TIM1_BRK_TIM15_IRQHandler                         build/debug/startup_stm32l476xx.o
TIM1_CC_IRQHandler                                build/debug/startup_stm32l476xx.o
TIM1_TRG_COM_TIM17_IRQHandler                     build/debug/startup_stm32l476xx.o
TIM1_UP_TIM16_IRQHandler                          build/debug/startup_stm32l476xx.o
TIM2_IRQHandler                                   build/debug/startup_stm32l476xx.o
TIM3_IRQHandler                                   build/debug/startup_stm32l476xx.o
TIM4_IRQHandler                                   build/debug/startup_stm32l476xx.o
TIM5_IRQHandler                                   build/debug/startup_stm32l476xx.o
TIM6_DAC_IRQHandler                               build/debug/startup_stm32l476xx.o
TIM7_IRQHandler                                   build/debug/startup_stm32l476xx.o
TIM8_BRK_IRQHandler                               build/debug/startup_stm32l476xx.o
TIM8_CC_IRQHandler                                build/debug/startup_stm32l476xx.o
TIM8_TRG_COM_IRQHandler                           build/debug/startup_stm32l476xx.o
TIM8_UP_IRQHandler                                build/debug/startup_stm32l476xx.o
TSC_IRQHandler                                    build/debug/startup_stm32l476xx.o
UART4_IRQHandler                                  build/debug/startup_stm32l476xx.o
UART5_IRQHandler                                  build/debug/startup_stm32l476xx.o
UART_AdvFeatureConfig                             build/debug/stm32l4xx_hal_uart.o
                                                  build/debug/stm32l4xx_hal_uart_ex.o
UART_CheckIdleState                               build/debug/stm32l4xx_hal_uart.o
                                                  build/debug/stm32l4xx_hal_uart_ex.o
UART_SetConfig                                    build/debug/stm32l4xx_hal_uart.o
                                                  build/debug/stm32l4xx_hal_uart_ex.o
UART_Start_Receive_DMA                            build/debug/stm32l4xx_hal_uart.o
                                                  build/debug/stm32l4xx_hal_uart_ex.o
UART_Start_Receive_IT                             build/debug/stm32l4xx_hal_uart.o
                                                  build/debug/stm32l4xx_hal_uart_ex.o